<html>
<body>
<pre>
<h1>µVision Build Log</h1>
<h2>Tool Versions:</h2>
IDE-Version: µVision V5.36.0.0
Copyright (C) 2021 ARM Ltd and ARM Germany GmbH. All rights reserved.
License Information: Jonas Tran Nohau Solutions AB Flex license: MDK Professional 5.36 (Flex) (mdk_pro) Operation stops: 27 Jan 2022
 
Tool Versions:
Toolchain:       MDK Professional 5.36 (Flex)  Version: 5.36.0.0
Toolchain Path:  C:\Keil_v5.35\ARM\ARMCC\Bin
C Compiler:      Armcc.exe V5.06 update 7 (build 960)
Assembler:       Armasm.exe V5.06 update 7 (build 960)
Linker/Locator:  ArmLink.exe V5.06 update 7 (build 960)
Library Manager: ArmAr.exe V5.06 update 7 (build 960)
Hex Converter:   FromElf.exe V5.06 update 7 (build 960)
CPU DLL:         SARMCM3.DLL V5.36.0.0
Dialog DLL:      DCM.DLL V1.17.3.0
Target DLL:      ULP2CM3.DLL V2.213.0.0
Dialog DLL:      TCM.DLL V1.53.0.0
 
<h2>Project:</h2>
C:\Keil_workspace\MCBSTM32F400\OfficialDemo\Demo\Demo.uvprojx
Project File Date:  12/21/2021

<h2>Output:</h2>
*** Using Compiler 'V5.06 update 7 (build 960)', folder: 'C:\Keil_v5.35\ARM\ARMCC\Bin'
Build target 'Debug'
compiling Bulb_16bpp.c...
compiling Button_16bpp.c...
compiling EventRecorder.c...
compiling Demo.c...
compiling main.c...
compiling stm32f4xx_hal.c...
compiling stm32f4xx_hal_cortex.c...
compiling stm32f4xx_hal_adc_ex.c...
compiling stm32f4xx_hal_adc.c...
compiling stm32f4xx_hal_dcmi.c...
compiling stm32f4xx_hal_dcmi_ex.c...
compiling stm32f4xx_hal_pwr_ex.c...
compiling stm32f4xx_hal_gpio.c...
compiling stm32f4xx_hal_pwr.c...
compiling stm32f4xx_hal_dma.c...
assembling startup_stm32f407xx.s...
compiling stm32f4xx_hal_dma_ex.c...
compiling stm32f4xx_hal_i2c.c...
compiling Accelerometer_LIS3DH.c...
compiling system_stm32f4xx.c...
compiling Buttons_MCBSTM32F400.c...
compiling ADC_MCBSTM32F400.c...
compiling stm32f4xx_ll_fsmc.c...
compiling stm32f4xx_hal_sram.c...
compiling GLCD_Fonts.c...
compiling Gyroscope_L3G4200D.c...
compiling Joystick_STMPE811.c...
assembling irq_armv7m.s...
compiling stm32f4xx_hal_rcc.c...
compiling stm32f4xx_hal_rcc_ex.c...
compiling rtx_evr.c...
compiling Camera_OVM7690.c...
compiling rtx_lib.c...
compiling rtx_delay.c...
compiling rtx_memory.c...
compiling rtx_evflags.c...
compiling rtx_kernel.c...
compiling rtx_semaphore.c...
compiling rtx_mutex.c...
compiling LED_MCBSTM32F400.c...
compiling Touch_STMPE811.c...
compiling rtx_msgqueue.c...
compiling rtx_mempool.c...
compiling GLCD_MCBSTM32F400.c...
compiling RTX_Config.c...
compiling os_systick.c...
compiling rtx_system.c...
compiling rtx_timer.c...
compiling rtx_thread.c...
compiling I2C_STM32F4xx.c...
linking...
Program Size: Code=49660 RO-data=34524 RW-data=35052 ZI-data=4392  
".\Debug\Demo.axf" - 0 Error(s), 0 Warning(s).

<h2>Software Packages used:</h2>

Package Vendor: ARM
                http://www.keil.com/pack/ARM.CMSIS.5.8.0.pack
                ARM.CMSIS.5.8.0
                CMSIS (Common Microcontroller Software Interface Standard)
   * Component: I2C Version: 2.4.0
   * Component: RTOS2 Version: 2.1.3
   * Component: CORE Version: 5.5.0
   * Component: Keil RTX5 Variant: Source Version: 5.5.3

Package Vendor: Keil
                http://www.keil.com/pack/Keil.ARM_Compiler.1.6.3.pack
                Keil.ARM_Compiler.1.6.3
                Keil ARM Compiler extensions for ARM Compiler 5 and ARM Compiler 6
   * Component: Event Recorder Variant: DAP Version: 1.4.0

Package Vendor: Keil
                http://www.keil.com/pack/Keil.MDK-Middleware.7.13.0.pack
                Keil.MDK-Middleware.7.13.0
                Middleware for Keil MDK-Professional and MDK-Plus
   * Component: A/D Converter Version: 1.0.0
   * Component: Accelerometer Version: 1.0.0
   * Component: Buttons Version: 1.0.0
   * Component: Camera Version: 1.0.0
   * Component: Graphic LCD Version: 1.0.0
   * Component: Gyroscope Version: 1.0.0
   * Component: Joystick Version: 1.0.0
   * Component: LED Version: 1.0.0
   * Component: Touchscreen Version: 1.0.1

Package Vendor: Keil
                http://www.keil.com/pack/Keil.STM32F4xx_DFP.2.15.0.pack
                Keil.STM32F4xx_DFP.2.15.0
                STMicroelectronics STM32F4 Series Device Support, Drivers and Examples
   * Component: STM32Cube Framework Version: 1.0.0
   * Component: A/D Converter Version: 2.0.0
   * Component: Accelerometer Version: 2.0.0
   * Component: Buttons Version: 2.0.0
   * Component: Camera Version: 2.0.0
   * Component: Graphic LCD Version: 2.0.0
   * Component: Gyroscope Version: 2.0.0
   * Component: Joystick Version: 2.0.0
   * Component: LED Version: 2.0.0
   * Component: Touchscreen Version: 2.0.0
   * Component: I2C Version: 2.10
   * Component: Classic Version: 1.7.9
   * Component: ADC Version: 1.7.9
   * Component: Common Version: 1.7.9
   * Component: Cortex Version: 1.7.9
   * Component: DCMI Version: 1.7.9
   * Component: DMA Version: 1.7.9
   * Component: GPIO Version: 1.7.9
   * Component: I2C Version: 1.7.9
   * Component: PWR Version: 1.7.9
   * Component: RCC Version: 1.7.9
   * Component: SRAM Version: 1.7.9
   * Component: Startup Version: 2.6.3

<h2>Collection of Component include folders:</h2>
  .\RTE\CMSIS
  .\RTE\Compiler
  .\RTE\Device\STM32F407IGHx
  .\RTE\_Debug
  C:\Users\jotr01\AppData\Local\Arm\Packs\ARM\CMSIS\5.8.0\CMSIS\Core\Include
  C:\Users\jotr01\AppData\Local\Arm\Packs\ARM\CMSIS\5.8.0\CMSIS\Driver\Include
  C:\Users\jotr01\AppData\Local\Arm\Packs\ARM\CMSIS\5.8.0\CMSIS\RTOS2\Include
  C:\Users\jotr01\AppData\Local\Arm\Packs\ARM\CMSIS\5.8.0\CMSIS\RTOS2\RTX\Include
  C:\Users\jotr01\AppData\Local\Arm\Packs\Keil\ARM_Compiler\1.6.3\Include
  C:\Users\jotr01\AppData\Local\Arm\Packs\Keil\MDK-Middleware\7.13.0\Board
  C:\Users\jotr01\AppData\Local\Arm\Packs\Keil\STM32F4xx_DFP\2.15.0\Drivers\CMSIS\Device\ST\STM32F4xx\Include
  C:\Users\jotr01\AppData\Local\Arm\Packs\Keil\STM32F4xx_DFP\2.15.0\Drivers\STM32F4xx_HAL_Driver\Inc
  C:\Users\jotr01\AppData\Local\Arm\Packs\Keil\STM32F4xx_DFP\2.15.0\MDK\Boards\Keil\MCBSTM32F400\Common

<h2>Collection of Component Files used:</h2>

   * Component: ::Board Support:A/D Converter:1.0.0 (API)
      Include file:  Board\Board_ADC.h

   * Component: ::Board Support:Accelerometer:1.0.0 (API)
      Include file:  Board\Board_Accelerometer.h

   * Component: ::Board Support:Buttons:1.0.0 (API)
      Include file:  Board\Board_Buttons.h

   * Component: ::Board Support:Camera:1.0.0 (API)
      Include file:  Board\Board_Camera.h

   * Component: ::Board Support:Graphic LCD:1.0.0 (API)
      Include file:  Board\Board_GLCD.h

   * Component: ::Board Support:Gyroscope:1.0.0 (API)
      Include file:  Board\Board_Gyroscope.h

   * Component: ::Board Support:Joystick:1.0.0 (API)
      Include file:  Board\Board_Joystick.h

   * Component: ::Board Support:LED:1.0.0 (API)
      Include file:  Board\Board_LED.h

   * Component: ::Board Support:Touchscreen:1.0.1 (API)
      Include file:  Board\Board_Touch.h

   * Component: ::CMSIS Driver:I2C:2.4.0 (API)
      Include file:  CMSIS\Driver\Include\Driver_I2C.h

   * Component: ::CMSIS:RTOS2:2.1.3 (API)
      Include file:  CMSIS\RTOS2\Include\cmsis_os2.h

   * Component: ::Device:STM32Cube Framework:1.0.0 (API)

   * Component: ARM::CMSIS:CORE:5.5.0

   * Component: ARM::CMSIS:RTOS2:Keil RTX5:Source:5.5.3
      Include file:  CMSIS\RTOS2\RTX\Include\rtx_os.h
      Source file:   CMSIS\RTOS2\RTX\Template\Semaphore.c
      Source file:   CMSIS\RTOS2\RTX\Source\rtx_evflags.c
      Source file:   CMSIS\RTOS2\RTX\Template\Thread.c
      Source file:   CMSIS\RTOS2\RTX\Source\rtx_evr.c
      Source file:   CMSIS\RTOS2\RTX\Source\rtx_thread.c
      Source file:   CMSIS\RTOS2\RTX\Config\RTX_Config.c
      Include file:  CMSIS\RTOS2\RTX\Config\RTX_Config.h
      Source file:   CMSIS\RTOS2\RTX\Template\MsgQueue.c
      Source file:   CMSIS\RTOS2\RTX\Template\Timer.c
      Source file:   CMSIS\RTOS2\RTX\Template\MemPool.c
      Source file:   CMSIS\RTOS2\RTX\Template\Events.c
      Source file:   CMSIS\RTOS2\RTX\Template\main.c
      Source file:   CMSIS\RTOS2\RTX\Template\svc_user.c
      Source file:   CMSIS\RTOS2\RTX\Template\Mutex.c
      Source file:   CMSIS\RTOS2\RTX\Source\rtx_timer.c
      Source file:   CMSIS\RTOS2\RTX\Source\rtx_delay.c
      Source file:   CMSIS\RTOS2\RTX\Source\rtx_semaphore.c
      Source file:   CMSIS\RTOS2\RTX\Source\rtx_memory.c
      Source file:   CMSIS\RTOS2\RTX\Source\rtx_mutex.c
      Source file:   CMSIS\RTOS2\RTX\Source\rtx_kernel.c
      Source file:   CMSIS\RTOS2\RTX\Source\rtx_mempool.c
      Source file:   CMSIS\RTOS2\RTX\Source\rtx_msgqueue.c
      Source file:   CMSIS\RTOS2\RTX\Source\rtx_system.c
      Source file:   CMSIS\RTOS2\RTX\Source\ARM\irq_armv7m.s
      Source file:   CMSIS\RTOS2\RTX\Source\rtx_lib.c
      Source file:   CMSIS\RTOS2\Source\os_systick.c

   * Component: Keil.ARM Compiler::Compiler:Event Recorder:DAP:1.4.0
      Include file:  Include\EventRecorder.h
      Include file:  Config\EventRecorderConf.h
      Source file:   Source\EventRecorder.c

   * Component: Keil.MCBSTM32F400::Board Support:A/D Converter:2.0.0
      Source file:   MDK\Boards\Keil\MCBSTM32F400\Common\ADC_MCBSTM32F400.c

   * Component: Keil.MCBSTM32F400::Board Support:Accelerometer:2.0.0
      Source file:   MDK\Boards\Keil\MCBSTM32F400\Common\Accelerometer_LIS3DH.c

   * Component: Keil.MCBSTM32F400::Board Support:Buttons:2.0.0
      Source file:   MDK\Boards\Keil\MCBSTM32F400\Common\Buttons_MCBSTM32F400.c

   * Component: Keil.MCBSTM32F400::Board Support:Camera:2.0.0
      Source file:   MDK\Boards\Keil\MCBSTM32F400\Common\Camera_OVM7690.c

   * Component: Keil.MCBSTM32F400::Board Support:Graphic LCD:2.0.0
      Include file:  MDK\Boards\Keil\MCBSTM32F400\Common\GLCD_Config.h
      Source file:   MDK\Boards\Keil\MCBSTM32F400\Common\GLCD_Fonts.c
      Source file:   MDK\Boards\Keil\MCBSTM32F400\Common\GLCD_MCBSTM32F400.c

   * Component: Keil.MCBSTM32F400::Board Support:Gyroscope:2.0.0
      Source file:   MDK\Boards\Keil\MCBSTM32F400\Common\Gyroscope_L3G4200D.c

   * Component: Keil.MCBSTM32F400::Board Support:Joystick:2.0.0
      Source file:   MDK\Boards\Keil\MCBSTM32F400\Common\Joystick_STMPE811.c

   * Component: Keil.MCBSTM32F400::Board Support:LED:2.0.0
      Source file:   MDK\Boards\Keil\MCBSTM32F400\Common\LED_MCBSTM32F400.c

   * Component: Keil.MCBSTM32F400::Board Support:Touchscreen:2.0.0
      Source file:   MDK\Boards\Keil\MCBSTM32F400\Common\Touch_STMPE811.c

   * Component: Keil::CMSIS Driver:I2C:2.10
      Source file:   CMSIS\Driver\I2C_STM32F4xx.c

   * Component: Keil::Device:STM32Cube Framework:Classic:1.7.9
      Include file:  CMSIS\Driver\Config\RTE_Device.h
      Include file:  MDK\Templates\Inc\stm32f4xx_hal_conf.h
      Include file:  MDK\Templates\Inc\stm32f4xx_it.h
      Source file:   MDK\Templates\Src\stm32f4xx_it.c
      Source file:   MDK\Templates\Src\stm32f4xx_hal_msp.c
      Include file:  MDK\Templates\Inc\main.h
      Source file:   MDK\Templates\Src\main.c
      Source file:   MDK\Templates_LL\Src\main.c
      Include file:  MDK\Templates_LL\Inc\main.h

   * Component: Keil::Device:STM32Cube HAL:ADC:1.7.9
      Source file:   Drivers\STM32F4xx_HAL_Driver\Src\stm32f4xx_hal_adc_ex.c
      Source file:   Drivers\STM32F4xx_HAL_Driver\Src\stm32f4xx_hal_adc.c

   * Component: Keil::Device:STM32Cube HAL:Common:1.7.9
      Include file:  Drivers\STM32F4xx_HAL_Driver\Inc\stm32f4xx_hal.h
      Source file:   Drivers\STM32F4xx_HAL_Driver\Src\stm32f4xx_hal.c

   * Component: Keil::Device:STM32Cube HAL:Cortex:1.7.9
      Source file:   Drivers\STM32F4xx_HAL_Driver\Src\stm32f4xx_hal_cortex.c

   * Component: Keil::Device:STM32Cube HAL:DCMI:1.7.9
      Source file:   Drivers\STM32F4xx_HAL_Driver\Src\stm32f4xx_hal_dcmi.c
      Source file:   Drivers\STM32F4xx_HAL_Driver\Src\stm32f4xx_hal_dcmi_ex.c

   * Component: Keil::Device:STM32Cube HAL:DMA:1.7.9
      Source file:   Drivers\STM32F4xx_HAL_Driver\Src\stm32f4xx_hal_dma_ex.c
      Source file:   Drivers\STM32F4xx_HAL_Driver\Src\stm32f4xx_hal_dma.c

   * Component: Keil::Device:STM32Cube HAL:GPIO:1.7.9
      Source file:   Drivers\STM32F4xx_HAL_Driver\Src\stm32f4xx_hal_gpio.c

   * Component: Keil::Device:STM32Cube HAL:I2C:1.7.9
      Source file:   Drivers\STM32F4xx_HAL_Driver\Src\stm32f4xx_hal_i2c.c

   * Component: Keil::Device:STM32Cube HAL:PWR:1.7.9
      Source file:   Drivers\STM32F4xx_HAL_Driver\Src\stm32f4xx_hal_pwr.c
      Source file:   Drivers\STM32F4xx_HAL_Driver\Src\stm32f4xx_hal_pwr_ex.c

   * Component: Keil::Device:STM32Cube HAL:RCC:1.7.9
      Source file:   Drivers\STM32F4xx_HAL_Driver\Src\stm32f4xx_hal_rcc_ex.c
      Source file:   Drivers\STM32F4xx_HAL_Driver\Src\stm32f4xx_hal_rcc.c

   * Component: Keil::Device:STM32Cube HAL:SRAM:1.7.9
      Source file:   Drivers\STM32F4xx_HAL_Driver\Src\stm32f4xx_hal_sram.c
      Source file:   Drivers\STM32F4xx_HAL_Driver\Src\stm32f4xx_ll_fsmc.c

   * Component: Keil::Device:Startup:2.6.3
      Source file:   MDK\Device\Source\ARM\STM32F4xx_OTP.s
      Include file:  Drivers\CMSIS\Device\ST\STM32F4xx\Include\stm32f4xx.h
      Source file:   Drivers\CMSIS\Device\ST\STM32F4xx\Source\Templates\arm\startup_stm32f407xx.s
      Source file:   MDK\Device\Source\ARM\STM32F40xxx_41xxx_OPT.s
      Source file:   Drivers\CMSIS\Device\ST\STM32F4xx\Source\Templates\system_stm32f4xx.c
Build Time Elapsed:  00:00:57
</pre>
</body>
</html>
