Component: ARM Compiler 5.06 update 7 (build 960) Tool: armlink [4d3601]

==============================================================================

Section Cross References

    demo.o(.text) refers to glcd_mcbstm32f400.o(.text) for GLCD_DrawPixel
    demo.o(.text) refers to camera_ovm7690.o(.text) for Camera_On
    demo.o(.text) refers to rtx_timer.o(.text) for osTimerNew
    demo.o(.text) refers to led_mcbstm32f400.o(.text) for LED_Initialize
    demo.o(.text) refers to adc_mcbstm32f400.o(.text) for ADC_Initialize
    demo.o(.text) refers to buttons_mcbstm32f400.o(.text) for Buttons_Initialize
    demo.o(.text) refers to joystick_stmpe811.o(.text) for Joystick_Initialize
    demo.o(.text) refers to touch_stmpe811.o(.text) for Touch_Initialize
    demo.o(.text) refers to accelerometer_lis3dh.o(.text) for Accelerometer_Initialize
    demo.o(.text) refers to gyroscope_l3g4200d.o(.text) for Gyroscope_Initialize
    demo.o(.text) refers to demo.o(.data) for .data
    demo.o(.text) refers to glcd_fonts.o(.constdata) for GLCD_Font_16x24
    demo.o(.text) refers to glcd_fonts.o(.constdata) for GLCD_Font_6x8
    demo.o(.text) refers to button_16bpp.o(.constdata) for Button_16bpp
    demo.o(.text) refers to bulb_16bpp.o(.constdata) for Bulb_16bpp
    demo.o(.constdata) refers to demo.o(.bss) for app_main_stk
    main.o(.text) refers to rtx_kernel.o(.text) for osKernelGetState
    main.o(.text) refers to stm32f4xx_hal_rcc.o(.text) for HAL_RCC_OscConfig
    main.o(.text) refers to stm32f4xx_hal.o(.text) for HAL_GetREVID
    main.o(.text) refers to system_stm32f4xx.o(.text) for SystemCoreClockUpdate
    main.o(.text) refers to rtx_thread.o(.text) for osThreadNew
    main.o(.text) refers to system_stm32f4xx.o(.data) for SystemCoreClock
    main.o(.text) refers to main.o(.data) for .data
    main.o(.text) refers to demo.o(.constdata) for app_main_attr
    main.o(.text) refers to demo.o(.text) for app_main
    eventrecorder.o(.text) refers to eventrecorder.o(.emb_text) for __asm___15_EventRecorder_c_e8d3082c__atomic_inc32
    eventrecorder.o(.text) refers to rt_memclr_w.o(.text) for __aeabi_memclr4
    eventrecorder.o(.text) refers to rt_memcpy_v6.o(.text) for __aeabi_memcpy
    eventrecorder.o(.text) refers to eventrecorder.o(.bss.noinit) for .bss.noinit
    eventrecorder.o(.text) refers to system_stm32f4xx.o(.data) for SystemCoreClock
    eventrecorder.o(.text) refers to eventrecorder.o(.constdata) for .constdata
    eventrecorder.o(.constdata) refers to eventrecorder.o(.bss.noinit) for EventBuffer
    stm32f4xx_hal.o(.text) refers to stm32f4xx_hal_cortex.o(.text) for HAL_SYSTICK_Config
    stm32f4xx_hal.o(.text) refers to main.o(.text) for HAL_GetTick
    stm32f4xx_hal.o(.text) refers to stm32f4xx_hal.o(.data) for .data
    stm32f4xx_hal.o(.text) refers to system_stm32f4xx.o(.data) for SystemCoreClock
    stm32f4xx_hal_adc.o(.text) refers to main.o(.text) for HAL_GetTick
    stm32f4xx_hal_adc.o(.text) refers to system_stm32f4xx.o(.data) for SystemCoreClock
    stm32f4xx_hal_adc.o(.text) refers to stm32f4xx_hal_adc_ex.o(.text) for HAL_ADCEx_InjectedConvCpltCallback
    stm32f4xx_hal_adc.o(.text) refers to stm32f4xx_hal_dma.o(.text) for HAL_DMA_Start_IT
    stm32f4xx_hal_adc_ex.o(.text) refers to main.o(.text) for HAL_GetTick
    stm32f4xx_hal_adc_ex.o(.text) refers to stm32f4xx_hal_adc.o(.text) for HAL_ADC_ErrorCallback
    stm32f4xx_hal_adc_ex.o(.text) refers to system_stm32f4xx.o(.data) for SystemCoreClock
    stm32f4xx_hal_adc_ex.o(.text) refers to stm32f4xx_hal_dma.o(.text) for HAL_DMA_Start_IT
    stm32f4xx_hal_dcmi.o(.text) refers to stm32f4xx_hal_dma_ex.o(.text) for HAL_DMAEx_ChangeMemory
    stm32f4xx_hal_dcmi.o(.text) refers to stm32f4xx_hal_dma.o(.text) for HAL_DMA_Start_IT
    stm32f4xx_hal_dcmi.o(.text) refers to system_stm32f4xx.o(.data) for SystemCoreClock
    stm32f4xx_hal_dcmi_ex.o(.text) refers to stm32f4xx_hal_dcmi.o(.text) for HAL_DCMI_MspInit
    stm32f4xx_hal_dma.o(.text) refers to main.o(.text) for HAL_GetTick
    stm32f4xx_hal_dma.o(.text) refers to stm32f4xx_hal_dma.o(.constdata) for .constdata
    stm32f4xx_hal_dma.o(.text) refers to system_stm32f4xx.o(.data) for SystemCoreClock
    stm32f4xx_hal_i2c.o(.text) refers to stm32f4xx_hal_rcc.o(.text) for HAL_RCC_GetPCLK1Freq
    stm32f4xx_hal_i2c.o(.text) refers to main.o(.text) for HAL_GetTick
    stm32f4xx_hal_i2c.o(.text) refers to system_stm32f4xx.o(.data) for SystemCoreClock
    stm32f4xx_hal_i2c.o(.text) refers to stm32f4xx_hal_dma.o(.text) for HAL_DMA_GetError
    stm32f4xx_hal_pwr_ex.o(.text) refers to main.o(.text) for HAL_GetTick
    stm32f4xx_hal_rcc.o(.text) refers to main.o(.text) for HAL_GetTick
    stm32f4xx_hal_rcc.o(.text) refers to lludivv7m.o(.text) for __aeabi_uldivmod
    stm32f4xx_hal_rcc.o(.text) refers to stm32f4xx_hal.o(.text) for HAL_InitTick
    stm32f4xx_hal_rcc.o(.text) refers to stm32f4xx_hal_gpio.o(.text) for HAL_GPIO_Init
    stm32f4xx_hal_rcc.o(.text) refers to system_stm32f4xx.o(.constdata) for AHBPrescTable
[...]
    __asm___12_rtx_system_c_024f2f18__atomic_inc16_lt 0x08000609   Thumb Code    30  rtx_system.o(.emb_text)
    __asm___12_rtx_system_c_024f2f18__atomic_inc16_lim 0x08000627   Thumb Code    26  rtx_system.o(.emb_text)
    __asm___12_rtx_system_c_024f2f18__atomic_dec32 0x08000641   Thumb Code    18  rtx_system.o(.emb_text)
    __asm___12_rtx_system_c_024f2f18__atomic_dec32_nz 0x08000653   Thumb Code    26  rtx_system.o(.emb_text)
    __asm___12_rtx_system_c_024f2f18__atomic_dec16_nz 0x0800066d   Thumb Code    26  rtx_system.o(.emb_text)
    __asm___12_rtx_system_c_024f2f18__atomic_link_get 0x08000687   Thumb Code    26  rtx_system.o(.emb_text)
    __asm___12_rtx_system_c_024f2f18__atomic_link_put 0x080006a1   Thumb Code    28  rtx_system.o(.emb_text)
    __asm___12_rtx_thread_c_add96be5__atomic_wr8 0x080006bd   Thumb Code    16  rtx_thread.o(.emb_text)
    __asm___12_rtx_thread_c_add96be5__atomic_set32 0x080006cd   Thumb Code    20  rtx_thread.o(.emb_text)
    __asm___12_rtx_thread_c_add96be5__atomic_clr32 0x080006e1   Thumb Code    22  rtx_thread.o(.emb_text)
    __asm___12_rtx_thread_c_add96be5__atomic_chk32_all 0x080006f7   Thumb Code    38  rtx_thread.o(.emb_text)
    __asm___12_rtx_thread_c_add96be5__atomic_chk32_any 0x0800071d   Thumb Code    34  rtx_thread.o(.emb_text)
    __asm___12_rtx_thread_c_add96be5__atomic_inc32 0x0800073f   Thumb Code    18  rtx_thread.o(.emb_text)
    __asm___12_rtx_thread_c_add96be5__atomic_inc16_lt 0x08000751   Thumb Code    30  rtx_thread.o(.emb_text)
    __asm___12_rtx_thread_c_add96be5__atomic_inc16_lim 0x0800076f   Thumb Code    26  rtx_thread.o(.emb_text)
    __asm___12_rtx_thread_c_add96be5__atomic_dec32 0x08000789   Thumb Code    18  rtx_thread.o(.emb_text)
    __asm___12_rtx_thread_c_add96be5__atomic_dec32_nz 0x0800079b   Thumb Code    26  rtx_thread.o(.emb_text)
    __asm___12_rtx_thread_c_add96be5__atomic_dec16_nz 0x080007b5   Thumb Code    26  rtx_thread.o(.emb_text)
    __asm___12_rtx_thread_c_add96be5__atomic_link_get 0x080007cf   Thumb Code    26  rtx_thread.o(.emb_text)
    __asm___12_rtx_thread_c_add96be5__atomic_link_put 0x080007e9   Thumb Code    28  rtx_thread.o(.emb_text)
    app_main                                 0x08000a3f   Thumb Code  1312  demo.o(.text)
    HAL_GetTick                              0x08000f89   Thumb Code    66  main.o(.text)
    main                                     0x0800105f   Thumb Code    32  main.o(.text)
    EventRecorderTimerGetCount               0x08001147   Thumb Code     6  eventrecorder.o(.text)
    EventRecorderTimerSetup                  0x080011b7   Thumb Code    24  eventrecorder.o(.text)
    EventRecorderTimerGetFreq                0x080011cf   Thumb Code     6  eventrecorder.o(.text)
    EventRecorderStart                       0x080011d5   Thumb Code    40  eventrecorder.o(.text)
    EventRecorderEnable                      0x080011fd   Thumb Code    88  eventrecorder.o(.text)
    EventRecorderInitialize                  0x08001255   Thumb Code   228  eventrecorder.o(.text)
    EventRecorderDisable                     0x08001339   Thumb Code    84  eventrecorder.o(.text)
    EventRecorderStop                        0x0800138d   Thumb Code    42  eventrecorder.o(.text)
    EventRecorderClockUpdate                 0x080013b7   Thumb Code    34  eventrecorder.o(.text)
    EventRecordData                          0x080013d9   Thumb Code   298  eventrecorder.o(.text)
    EventRecord2                             0x08001503   Thumb Code    60  eventrecorder.o(.text)
    EventRecord4                             0x0800153f   Thumb Code   106  eventrecorder.o(.text)
    HAL_MspInit                              0x080015d5   Thumb Code     2  stm32f4xx_hal.o(.text)
    HAL_InitTick                             0x080015d7   Thumb Code    58  stm32f4xx_hal.o(.text)
    HAL_Init                                 0x08001611   Thumb Code    40  stm32f4xx_hal.o(.text)
    HAL_MspDeInit                            0x08001639   Thumb Code     2  stm32f4xx_hal.o(.text)
    HAL_DeInit                               0x0800163b   Thumb Code    48  stm32f4xx_hal.o(.text)
    HAL_IncTick                              0x0800166b   Thumb Code    12  stm32f4xx_hal.o(.text)
    HAL_GetTickPrio                          0x0800167d   Thumb Code     6  stm32f4xx_hal.o(.text)
    HAL_SetTickFreq                          0x08001683   Thumb Code    30  stm32f4xx_hal.o(.text)
    HAL_GetTickFreq                          0x080016a1   Thumb Code     6  stm32f4xx_hal.o(.text)
    HAL_Delay                                0x080016a7   Thumb Code    32  stm32f4xx_hal.o(.text)
    HAL_SuspendTick                          0x080016c7   Thumb Code    14  stm32f4xx_hal.o(.text)
    HAL_ResumeTick                           0x080016d5   Thumb Code    14  stm32f4xx_hal.o(.text)
    HAL_GetHalVersion                        0x080016e3   Thumb Code     4  stm32f4xx_hal.o(.text)
    HAL_GetREVID                             0x080016e7   Thumb Code     8  stm32f4xx_hal.o(.text)
    HAL_GetDEVID                             0x080016ef   Thumb Code    10  stm32f4xx_hal.o(.text)
    HAL_DBGMCU_EnableDBGSleepMode            0x080016f9   Thumb Code    12  stm32f4xx_hal.o(.text)
    HAL_DBGMCU_DisableDBGSleepMode           0x08001705   Thumb Code    12  stm32f4xx_hal.o(.text)
    HAL_DBGMCU_EnableDBGStopMode             0x08001711   Thumb Code    12  stm32f4xx_hal.o(.text)
    HAL_DBGMCU_DisableDBGStopMode            0x0800171d   Thumb Code    12  stm32f4xx_hal.o(.text)
    HAL_DBGMCU_EnableDBGStandbyMode          0x08001729   Thumb Code    12  stm32f4xx_hal.o(.text)
    HAL_DBGMCU_DisableDBGStandbyMode         0x08001735   Thumb Code    12  stm32f4xx_hal.o(.text)
    HAL_EnableCompensationCell               0x08001741   Thumb Code     8  stm32f4xx_hal.o(.text)
    HAL_DisableCompensationCell              0x08001749   Thumb Code     8  stm32f4xx_hal.o(.text)
    HAL_GetUIDw0                             0x08001751   Thumb Code     6  stm32f4xx_hal.o(.text)
    HAL_GetUIDw1                             0x08001757   Thumb Code     8  stm32f4xx_hal.o(.text)
    HAL_GetUIDw2                             0x0800175f   Thumb Code     8  stm32f4xx_hal.o(.text)
    HAL_ADC_MspInit                          0x080018b3   Thumb Code     2  stm32f4xx_hal_adc.o(.text)
    HAL_ADC_Init                             0x080018b5   Thumb Code    84  stm32f4xx_hal_adc.o(.text)
    HAL_ADC_MspDeInit                        0x08001909   Thumb Code     2  stm32f4xx_hal_adc.o(.text)
    HAL_ADC_DeInit                           0x0800190b   Thumb Code    62  stm32f4xx_hal_adc.o(.text)
    HAL_ADC_Start                            0x08001949   Thumb Code   234  stm32f4xx_hal_adc.o(.text)
    HAL_ADC_Stop                             0x08001a33   Thumb Code    60  stm32f4xx_hal_adc.o(.text)
    HAL_ADC_PollForConversion                0x08001a6f   Thumb Code   162  stm32f4xx_hal_adc.o(.text)
    HAL_ADC_PollForEvent                     0x08001b11   Thumb Code   138  stm32f4xx_hal_adc.o(.text)
    HAL_ADC_Start_IT                         0x08001b9b   Thumb Code   244  stm32f4xx_hal_adc.o(.text)
    HAL_ADC_Stop_IT                          0x08001c8f   Thumb Code    70  stm32f4xx_hal_adc.o(.text)
    HAL_ADC_ErrorCallback                    0x08001cd5   Thumb Code     2  stm32f4xx_hal_adc.o(.text)
    HAL_ADC_LevelOutOfWindowCallback         0x08001cd7   Thumb Code     2  stm32f4xx_hal_adc.o(.text)
    HAL_ADC_ConvCpltCallback                 0x08001cd9   Thumb Code     2  stm32f4xx_hal_adc.o(.text)
    HAL_ADC_IRQHandler                       0x08001cdb   Thumb Code   318  stm32f4xx_hal_adc.o(.text)
    HAL_ADC_ConvHalfCpltCallback             0x08001e2f   Thumb Code     2  stm32f4xx_hal_adc.o(.text)
    HAL_ADC_Start_DMA                        0x08001ea9   Thumb Code   336  stm32f4xx_hal_adc.o(.text)
    HAL_ADC_Stop_DMA                         0x08001ff9   Thumb Code    88  stm32f4xx_hal_adc.o(.text)
    HAL_ADC_GetValue                         0x08002051   Thumb Code     6  stm32f4xx_hal_adc.o(.text)
    HAL_ADC_ConfigChannel                    0x08002057   Thumb Code   326  stm32f4xx_hal_adc.o(.text)
    HAL_ADC_AnalogWDGConfig                  0x0800219d   Thumb Code   112  stm32f4xx_hal_adc.o(.text)
    HAL_ADC_GetState                         0x0800220d   Thumb Code     4  stm32f4xx_hal_adc.o(.text)
    HAL_ADC_GetError                         0x08002211   Thumb Code     4  stm32f4xx_hal_adc.o(.text)
    HAL_ADCEx_InjectedStart                  0x08002229   Thumb Code   208  stm32f4xx_hal_adc_ex.o(.text)
    HAL_ADCEx_InjectedStart_IT               0x080022f9   Thumb Code   218  stm32f4xx_hal_adc_ex.o(.text)
    HAL_ADCEx_InjectedStop                   0x080023d3   Thumb Code    86  stm32f4xx_hal_adc_ex.o(.text)
    HAL_ADCEx_InjectedPollForConversion      0x08002429   Thumb Code   136  stm32f4xx_hal_adc_ex.o(.text)
    HAL_ADCEx_InjectedStop_IT                0x080024b1   Thumb Code    94  stm32f4xx_hal_adc_ex.o(.text)
    HAL_ADCEx_InjectedGetValue               0x0800250f   Thumb Code    62  stm32f4xx_hal_adc_ex.o(.text)
    HAL_ADCEx_MultiModeStart_DMA             0x080025bf   Thumb Code   252  stm32f4xx_hal_adc_ex.o(.text)
    HAL_ADCEx_MultiModeStop_DMA              0x080026bb   Thumb Code    90  stm32f4xx_hal_adc_ex.o(.text)
    HAL_ADCEx_MultiModeGetValue              0x08002715   Thumb Code     6  stm32f4xx_hal_adc_ex.o(.text)
    HAL_ADCEx_InjectedConvCpltCallback       0x0800271b   Thumb Code     2  stm32f4xx_hal_adc_ex.o(.text)
    HAL_ADCEx_InjectedConfigChannel          0x0800271d   Thumb Code   456  stm32f4xx_hal_adc_ex.o(.text)
    HAL_ADCEx_MultiModeConfigChannel         0x080028e5   Thumb Code    78  stm32f4xx_hal_adc_ex.o(.text)
    HAL_NVIC_SetPriorityGrouping             0x0800294d   Thumb Code    26  stm32f4xx_hal_cortex.o(.text)
    HAL_NVIC_SetPriority                     0x08002967   Thumb Code    60  stm32f4xx_hal_cortex.o(.text)
    HAL_NVIC_EnableIRQ                       0x080029a3   Thumb Code    26  stm32f4xx_hal_cortex.o(.text)
    HAL_NVIC_DisableIRQ                      0x080029bd   Thumb Code    34  stm32f4xx_hal_cortex.o(.text)
    HAL_NVIC_SystemReset                     0x080029df   Thumb Code    28  stm32f4xx_hal_cortex.o(.text)
    HAL_SYSTICK_Config                       0x080029fb   Thumb Code    40  stm32f4xx_hal_cortex.o(.text)
    HAL_MPU_Disable                          0x08002a23   Thumb Code    26  stm32f4xx_hal_cortex.o(.text)
    HAL_MPU_Enable                           0x08002a3d   Thumb Code    32  stm32f4xx_hal_cortex.o(.text)
    HAL_MPU_ConfigRegion                     0x08002a5d   Thumb Code    84  stm32f4xx_hal_cortex.o(.text)
    HAL_NVIC_GetPriorityGrouping             0x08002ab1   Thumb Code    10  stm32f4xx_hal_cortex.o(.text)
    HAL_NVIC_GetPriority                     0x08002abb   Thumb Code    86  stm32f4xx_hal_cortex.o(.text)
    HAL_NVIC_SetPendingIRQ                   0x08002b11   Thumb Code    26  stm32f4xx_hal_cortex.o(.text)
    HAL_NVIC_GetPendingIRQ                   0x08002b2b   Thumb Code    40  stm32f4xx_hal_cortex.o(.text)
    HAL_NVIC_ClearPendingIRQ                 0x08002b53   Thumb Code    26  stm32f4xx_hal_cortex.o(.text)
    HAL_NVIC_GetActive                       0x08002b6d   Thumb Code    40  stm32f4xx_hal_cortex.o(.text)
    HAL_SYSTICK_CLKSourceConfig              0x08002b95   Thumb Code    28  stm32f4xx_hal_cortex.o(.text)
    HAL_SYSTICK_Callback                     0x08002bb1   Thumb Code     2  stm32f4xx_hal_cortex.o(.text)
    HAL_SYSTICK_IRQHandler                   0x08002bb3   Thumb Code     8  stm32f4xx_hal_cortex.o(.text)
    HAL_DCMI_MspInit                         0x08002be5   Thumb Code     2  stm32f4xx_hal_dcmi.o(.text)
    HAL_DCMI_MspDeInit                       0x08002c75   Thumb Code     2  stm32f4xx_hal_dcmi.o(.text)
    HAL_DCMI_DeInit                          0x08002c77   Thumb Code    22  stm32f4xx_hal_dcmi.o(.text)
    HAL_DCMI_ErrorCallback                   0x08002d1f   Thumb Code     2  stm32f4xx_hal_dcmi.o(.text)
    HAL_DCMI_Start_DMA                       0x08002d39   Thumb Code   174  stm32f4xx_hal_dcmi.o(.text)
    HAL_DCMI_Stop                            0x08002de7   Thumb Code   110  stm32f4xx_hal_dcmi.o(.text)
    HAL_DCMI_Suspend                         0x08002e55   Thumb Code   102  stm32f4xx_hal_dcmi.o(.text)
    HAL_DCMI_Resume                          0x08002ebb   Thumb Code    54  stm32f4xx_hal_dcmi.o(.text)
    HAL_DCMI_FrameEventCallback              0x08002ef1   Thumb Code     2  stm32f4xx_hal_dcmi.o(.text)
    HAL_DCMI_VsyncEventCallback              0x08002ef3   Thumb Code     2  stm32f4xx_hal_dcmi.o(.text)
    HAL_DCMI_LineEventCallback               0x08002ef5   Thumb Code     2  stm32f4xx_hal_dcmi.o(.text)
    HAL_DCMI_IRQHandler                      0x08002ef7   Thumb Code   148  stm32f4xx_hal_dcmi.o(.text)
    HAL_DCMI_ConfigCrop                      0x08002f8b   Thumb Code    56  stm32f4xx_hal_dcmi.o(.text)
    HAL_DCMI_DisableCrop                     0x08002fc3   Thumb Code    44  stm32f4xx_hal_dcmi.o(.text)
    HAL_DCMI_EnableCrop                      0x08002fef   Thumb Code    44  stm32f4xx_hal_dcmi.o(.text)
    HAL_DCMI_ConfigSyncUnmask                0x0800301b   Thumb Code    60  stm32f4xx_hal_dcmi.o(.text)
    HAL_DCMI_GetState                        0x08003057   Thumb Code     6  stm32f4xx_hal_dcmi.o(.text)
    HAL_DCMI_GetError                        0x0800305d   Thumb Code     4  stm32f4xx_hal_dcmi.o(.text)
    HAL_DCMI_Init                            0x0800306d   Thumb Code   132  stm32f4xx_hal_dcmi_ex.o(.text)
    HAL_DMA_Init                             0x0800318f   Thumb Code   208  stm32f4xx_hal_dma.o(.text)
    HAL_DMA_DeInit                           0x0800325f   Thumb Code   102  stm32f4xx_hal_dma.o(.text)
    HAL_DMA_Start                            0x080032ef   Thumb Code    70  stm32f4xx_hal_dma.o(.text)
    HAL_DMA_Start_IT                         0x08003335   Thumb Code   108  stm32f4xx_hal_dma.o(.text)
    HAL_DMA_Abort                            0x080033a1   Thumb Code   140  stm32f4xx_hal_dma.o(.text)
    HAL_DMA_Abort_IT                         0x0800342d   Thumb Code    36  stm32f4xx_hal_dma.o(.text)
    HAL_DMA_PollForTransfer                  0x08003451   Thumb Code   296  stm32f4xx_hal_dma.o(.text)
    HAL_DMA_IRQHandler                       0x08003579   Thumb Code   460  stm32f4xx_hal_dma.o(.text)
    HAL_DMA_RegisterCallback                 0x08003745   Thumb Code    80  stm32f4xx_hal_dma.o(.text)
    HAL_DMA_UnRegisterCallback               0x08003795   Thumb Code   100  stm32f4xx_hal_dma.o(.text)
    HAL_DMA_GetState                         0x080037f9   Thumb Code     6  stm32f4xx_hal_dma.o(.text)
    HAL_DMA_GetError                         0x080037ff   Thumb Code     4  stm32f4xx_hal_dma.o(.text)
    HAL_DMAEx_MultiBufferStart               0x08003829   Thumb Code   100  stm32f4xx_hal_dma_ex.o(.text)
    HAL_DMAEx_MultiBufferStart_IT            0x0800388d   Thumb Code  2814  stm32f4xx_hal_dma_ex.o(.text)
    HAL_DMAEx_ChangeMemory                   0x0800438b   Thumb Code    16  stm32f4xx_hal_dma_ex.o(.text)
    HAL_GPIO_Init                            0x080043a5   Thumb Code   390  stm32f4xx_hal_gpio.o(.text)
    HAL_GPIO_DeInit                          0x0800452b   Thumb Code   276  stm32f4xx_hal_gpio.o(.text)
    HAL_GPIO_ReadPin                         0x0800463f   Thumb Code    14  stm32f4xx_hal_gpio.o(.text)
    HAL_GPIO_WritePin                        0x0800464d   Thumb Code    14  stm32f4xx_hal_gpio.o(.text)
    HAL_GPIO_TogglePin                       0x0800465b   Thumb Code    18  stm32f4xx_hal_gpio.o(.text)
    HAL_GPIO_LockPin                         0x0800466d   Thumb Code    36  stm32f4xx_hal_gpio.o(.text)
    HAL_GPIO_EXTI_Callback                   0x08004691   Thumb Code     2  stm32f4xx_hal_gpio.o(.text)
    HAL_GPIO_EXTI_IRQHandler                 0x08004693   Thumb Code    20  stm32f4xx_hal_gpio.o(.text)
    HAL_RCC_OscConfig                        0x080046d9   Thumb Code   954  stm32f4xx_hal_rcc.o(.text)
    HAL_RCC_GetSysClockFreq                  0x08004a93   Thumb Code    94  stm32f4xx_hal_rcc.o(.text)
    HAL_RCC_ClockConfig                      0x08004af1   Thumb Code   344  stm32f4xx_hal_rcc.o(.text)
    HAL_RCC_MCOConfig                        0x08004c49   Thumb Code   130  stm32f4xx_hal_rcc.o(.text)
    HAL_RCC_EnableCSS                        0x08004ccb   Thumb Code     8  stm32f4xx_hal_rcc.o(.text)
    HAL_RCC_DisableCSS                       0x08004cd3   Thumb Code     8  stm32f4xx_hal_rcc.o(.text)
    HAL_RCC_GetHCLKFreq                      0x08004cdb   Thumb Code     6  stm32f4xx_hal_rcc.o(.text)
    HAL_RCC_GetPCLK1Freq                     0x08004ce1   Thumb Code    24  stm32f4xx_hal_rcc.o(.text)
    HAL_RCC_GetPCLK2Freq                     0x08004cf9   Thumb Code    24  stm32f4xx_hal_rcc.o(.text)
    HAL_RCC_GetOscConfig                     0x08004d11   Thumb Code   178  stm32f4xx_hal_rcc.o(.text)
    HAL_RCC_GetClockConfig                   0x08004dc3   Thumb Code    54  stm32f4xx_hal_rcc.o(.text)
    HAL_RCC_CSSCallback                      0x08004df9   Thumb Code     2  stm32f4xx_hal_rcc.o(.text)
    HAL_RCC_NMI_IRQHandler                   0x08004dfb   Thumb Code    26  stm32f4xx_hal_rcc.o(.text)
    HAL_SRAM_MspInit                         0x08004e39   Thumb Code     2  stm32f4xx_hal_sram.o(.text)
    HAL_SRAM_Init                            0x08004e3b   Thumb Code    88  stm32f4xx_hal_sram.o(.text)
    HAL_SRAM_MspDeInit                       0x08004e93   Thumb Code     2  stm32f4xx_hal_sram.o(.text)
    HAL_SRAM_DeInit                          0x08004e95   Thumb Code    30  stm32f4xx_hal_sram.o(.text)
    HAL_SRAM_DMA_XferCpltCallback            0x08004eb3   Thumb Code     2  stm32f4xx_hal_sram.o(.text)
    HAL_SRAM_DMA_XferErrorCallback           0x08004eb5   Thumb Code     2  stm32f4xx_hal_sram.o(.text)
    HAL_SRAM_Read_8b                         0x08004eb7   Thumb Code    54  stm32f4xx_hal_sram.o(.text)
    HAL_SRAM_Write_8b                        0x08004eed   Thumb Code    66  stm32f4xx_hal_sram.o(.text)
    HAL_SRAM_Read_16b                        0x08004f2f   Thumb Code    54  stm32f4xx_hal_sram.o(.text)
    HAL_SRAM_Write_16b                       0x08004f65   Thumb Code    66  stm32f4xx_hal_sram.o(.text)
    HAL_SRAM_Read_32b                        0x08004fa7   Thumb Code    50  stm32f4xx_hal_sram.o(.text)
    HAL_SRAM_Write_32b                       0x08004fd9   Thumb Code    62  stm32f4xx_hal_sram.o(.text)
    HAL_SRAM_Read_DMA                        0x08005017   Thumb Code    52  stm32f4xx_hal_sram.o(.text)
    HAL_SRAM_Write_DMA                       0x0800504b   Thumb Code    70  stm32f4xx_hal_sram.o(.text)
    HAL_SRAM_WriteOperation_Enable           0x08005091   Thumb Code    42  stm32f4xx_hal_sram.o(.text)
    HAL_SRAM_WriteOperation_Disable          0x080050bb   Thumb Code    48  stm32f4xx_hal_sram.o(.text)
    HAL_SRAM_GetState                        0x080050eb   Thumb Code     6  stm32f4xx_hal_sram.o(.text)
    FSMC_NORSRAM_Init                        0x080050f9   Thumb Code    80  stm32f4xx_ll_fsmc.o(.text)
    FSMC_NORSRAM_DeInit                      0x08005149   Thumb Code    52  stm32f4xx_ll_fsmc.o(.text)
    FSMC_NORSRAM_Timing_Init                 0x0800517d   Thumb Code    62  stm32f4xx_ll_fsmc.o(.text)
    FSMC_NORSRAM_Extended_Timing_Init        0x080051bb   Thumb Code    60  stm32f4xx_ll_fsmc.o(.text)
    FSMC_NORSRAM_WriteOperation_Enable       0x080051f7   Thumb Code    16  stm32f4xx_ll_fsmc.o(.text)
    FSMC_NORSRAM_WriteOperation_Disable      0x08005207   Thumb Code    16  stm32f4xx_ll_fsmc.o(.text)
    FSMC_NAND_Init                           0x08005217   Thumb Code    74  stm32f4xx_ll_fsmc.o(.text)
    FSMC_NAND_CommonSpace_Timing_Init        0x08005261   Thumb Code    48  stm32f4xx_ll_fsmc.o(.text)
    FSMC_NAND_AttributeSpace_Timing_Init     0x08005291   Thumb Code    48  stm32f4xx_ll_fsmc.o(.text)
    FSMC_NAND_DeInit                         0x080052c1   Thumb Code    58  stm32f4xx_ll_fsmc.o(.text)
    FSMC_NAND_ECC_Enable                     0x080052fb   Thumb Code    26  stm32f4xx_ll_fsmc.o(.text)
    FSMC_NAND_ECC_Disable                    0x08005315   Thumb Code    26  stm32f4xx_ll_fsmc.o(.text)
    FSMC_NAND_GetECC                         0x0800532f   Thumb Code    86  stm32f4xx_ll_fsmc.o(.text)
    FSMC_PCCARD_Init                         0x08005385   Thumb Code    34  stm32f4xx_ll_fsmc.o(.text)
    FSMC_PCCARD_CommonSpace_Timing_Init      0x080053a7   Thumb Code    28  stm32f4xx_ll_fsmc.o(.text)
    FSMC_PCCARD_AttributeSpace_Timing_Init   0x080053c3   Thumb Code    28  stm32f4xx_ll_fsmc.o(.text)
    FSMC_PCCARD_IOSpace_Timing_Init          0x080053df   Thumb Code    28  stm32f4xx_ll_fsmc.o(.text)
    FSMC_PCCARD_DeInit                       0x080053fb   Thumb Code    30  stm32f4xx_ll_fsmc.o(.text)
    Reset_Handler                            0x08005429   Thumb Code     8  startup_stm32f407xx.o(.text)
    NMI_Handler                              0x08005431   Thumb Code     2  startup_stm32f407xx.o(.text)
    HardFault_Handler                        0x08005433   Thumb Code     2  startup_stm32f407xx.o(.text)
    MemManage_Handler                        0x08005435   Thumb Code     2  startup_stm32f407xx.o(.text)
    BusFault_Handler                         0x08005437   Thumb Code     2  startup_stm32f407xx.o(.text)
    UsageFault_Handler                       0x08005439   Thumb Code     2  startup_stm32f407xx.o(.text)
    DebugMon_Handler                         0x0800543d   Thumb Code     2  startup_stm32f407xx.o(.text)
    ADC_IRQHandler                           0x08005443   Thumb Code     0  startup_stm32f407xx.o(.text)
    CAN1_RX0_IRQHandler                      0x08005443   Thumb Code     0  startup_stm32f407xx.o(.text)
    CAN1_RX1_IRQHandler                      0x08005443   Thumb Code     0  startup_stm32f407xx.o(.text)
    CAN1_SCE_IRQHandler                      0x08005443   Thumb Code     0  startup_stm32f407xx.o(.text)
    CAN1_TX_IRQHandler                       0x08005443   Thumb Code     0  startup_stm32f407xx.o(.text)
    CAN2_RX0_IRQHandler                      0x08005443   Thumb Code     0  startup_stm32f407xx.o(.text)
    CAN2_RX1_IRQHandler                      0x08005443   Thumb Code     0  startup_stm32f407xx.o(.text)
    CAN2_SCE_IRQHandler                      0x08005443   Thumb Code     0  startup_stm32f407xx.o(.text)
    CAN2_TX_IRQHandler                       0x08005443   Thumb Code     0  startup_stm32f407xx.o(.text)
    DCMI_IRQHandler                          0x08005443   Thumb Code     0  startup_stm32f407xx.o(.text)
    DMA1_Stream1_IRQHandler                  0x08005443   Thumb Code     0  startup_stm32f407xx.o(.text)
    DMA1_Stream2_IRQHandler                  0x08005443   Thumb Code     0  startup_stm32f407xx.o(.text)
    DMA1_Stream3_IRQHandler                  0x08005443   Thumb Code     0  startup_stm32f407xx.o(.text)
    DMA1_Stream4_IRQHandler                  0x08005443   Thumb Code     0  startup_stm32f407xx.o(.text)
    DMA1_Stream5_IRQHandler                  0x08005443   Thumb Code     0  startup_stm32f407xx.o(.text)
    DMA1_Stream7_IRQHandler                  0x08005443   Thumb Code     0  startup_stm32f407xx.o(.text)
    DMA2_Stream0_IRQHandler                  0x08005443   Thumb Code     0  startup_stm32f407xx.o(.text)
    DMA2_Stream1_IRQHandler                  0x08005443   Thumb Code     0  startup_stm32f407xx.o(.text)
    DMA2_Stream2_IRQHandler                  0x08005443   Thumb Code     0  startup_stm32f407xx.o(.text)
    DMA2_Stream3_IRQHandler                  0x08005443   Thumb Code     0  startup_stm32f407xx.o(.text)
    DMA2_Stream4_IRQHandler                  0x08005443   Thumb Code     0  startup_stm32f407xx.o(.text)
    DMA2_Stream5_IRQHandler                  0x08005443   Thumb Code     0  startup_stm32f407xx.o(.text)
    DMA2_Stream6_IRQHandler                  0x08005443   Thumb Code     0  startup_stm32f407xx.o(.text)
    DMA2_Stream7_IRQHandler                  0x08005443   Thumb Code     0  startup_stm32f407xx.o(.text)
    ETH_IRQHandler                           0x08005443   Thumb Code     0  startup_stm32f407xx.o(.text)
    ETH_WKUP_IRQHandler                      0x08005443   Thumb Code     0  startup_stm32f407xx.o(.text)
    EXTI0_IRQHandler                         0x08005443   Thumb Code     0  startup_stm32f407xx.o(.text)
    EXTI15_10_IRQHandler                     0x08005443   Thumb Code     0  startup_stm32f407xx.o(.text)
    EXTI1_IRQHandler                         0x08005443   Thumb Code     0  startup_stm32f407xx.o(.text)
    EXTI2_IRQHandler                         0x08005443   Thumb Code     0  startup_stm32f407xx.o(.text)
    EXTI3_IRQHandler                         0x08005443   Thumb Code     0  startup_stm32f407xx.o(.text)
    EXTI4_IRQHandler                         0x08005443   Thumb Code     0  startup_stm32f407xx.o(.text)
    EXTI9_5_IRQHandler                       0x08005443   Thumb Code     0  startup_stm32f407xx.o(.text)
    FLASH_IRQHandler                         0x08005443   Thumb Code     0  startup_stm32f407xx.o(.text)
    FMC_IRQHandler                           0x08005443   Thumb Code     0  startup_stm32f407xx.o(.text)
    FPU_IRQHandler                           0x08005443   Thumb Code     0  startup_stm32f407xx.o(.text)
    HASH_RNG_IRQHandler                      0x08005443   Thumb Code     0  startup_stm32f407xx.o(.text)
    I2C2_ER_IRQHandler                       0x08005443   Thumb Code     0  startup_stm32f407xx.o(.text)
    I2C2_EV_IRQHandler                       0x08005443   Thumb Code     0  startup_stm32f407xx.o(.text)
    I2C3_ER_IRQHandler                       0x08005443   Thumb Code     0  startup_stm32f407xx.o(.text)
    I2C3_EV_IRQHandler                       0x08005443   Thumb Code     0  startup_stm32f407xx.o(.text)
    OTG_FS_IRQHandler                        0x08005443   Thumb Code     0  startup_stm32f407xx.o(.text)
    OTG_FS_WKUP_IRQHandler                   0x08005443   Thumb Code     0  startup_stm32f407xx.o(.text)
    OTG_HS_EP1_IN_IRQHandler                 0x08005443   Thumb Code     0  startup_stm32f407xx.o(.text)
    OTG_HS_EP1_OUT_IRQHandler                0x08005443   Thumb Code     0  startup_stm32f407xx.o(.text)
    OTG_HS_IRQHandler                        0x08005443   Thumb Code     0  startup_stm32f407xx.o(.text)
    OTG_HS_WKUP_IRQHandler                   0x08005443   Thumb Code     0  startup_stm32f407xx.o(.text)
    PVD_IRQHandler                           0x08005443   Thumb Code     0  startup_stm32f407xx.o(.text)
    RCC_IRQHandler                           0x08005443   Thumb Code     0  startup_stm32f407xx.o(.text)
    RTC_Alarm_IRQHandler                     0x08005443   Thumb Code     0  startup_stm32f407xx.o(.text)
    RTC_WKUP_IRQHandler                      0x08005443   Thumb Code     0  startup_stm32f407xx.o(.text)
    SDIO_IRQHandler                          0x08005443   Thumb Code     0  startup_stm32f407xx.o(.text)
    SPI1_IRQHandler                          0x08005443   Thumb Code     0  startup_stm32f407xx.o(.text)
    SPI2_IRQHandler                          0x08005443   Thumb Code     0  startup_stm32f407xx.o(.text)
    SPI3_IRQHandler                          0x08005443   Thumb Code     0  startup_stm32f407xx.o(.text)
    TAMP_STAMP_IRQHandler                    0x08005443   Thumb Code     0  startup_stm32f407xx.o(.text)
    TIM1_BRK_TIM9_IRQHandler                 0x08005443   Thumb Code     0  startup_stm32f407xx.o(.text)
    TIM1_CC_IRQHandler                       0x08005443   Thumb Code     0  startup_stm32f407xx.o(.text)
    TIM1_TRG_COM_TIM11_IRQHandler            0x08005443   Thumb Code     0  startup_stm32f407xx.o(.text)
    TIM1_UP_TIM10_IRQHandler                 0x08005443   Thumb Code     0  startup_stm32f407xx.o(.text)
    TIM2_IRQHandler                          0x08005443   Thumb Code     0  startup_stm32f407xx.o(.text)
    TIM3_IRQHandler                          0x08005443   Thumb Code     0  startup_stm32f407xx.o(.text)
    TIM4_IRQHandler                          0x08005443   Thumb Code     0  startup_stm32f407xx.o(.text)
    TIM5_IRQHandler                          0x08005443   Thumb Code     0  startup_stm32f407xx.o(.text)
    TIM6_DAC_IRQHandler                      0x08005443   Thumb Code     0  startup_stm32f407xx.o(.text)
    TIM7_IRQHandler                          0x08005443   Thumb Code     0  startup_stm32f407xx.o(.text)
    TIM8_BRK_TIM12_IRQHandler                0x08005443   Thumb Code     0  startup_stm32f407xx.o(.text)
    TIM8_CC_IRQHandler                       0x08005443   Thumb Code     0  startup_stm32f407xx.o(.text)
    TIM8_TRG_COM_TIM14_IRQHandler            0x08005443   Thumb Code     0  startup_stm32f407xx.o(.text)
    TIM8_UP_TIM13_IRQHandler                 0x08005443   Thumb Code     0  startup_stm32f407xx.o(.text)
    UART4_IRQHandler                         0x08005443   Thumb Code     0  startup_stm32f407xx.o(.text)
    UART5_IRQHandler                         0x08005443   Thumb Code     0  startup_stm32f407xx.o(.text)
    USART1_IRQHandler                        0x08005443   Thumb Code     0  startup_stm32f407xx.o(.text)
    USART2_IRQHandler                        0x08005443   Thumb Code     0  startup_stm32f407xx.o(.text)
    USART3_IRQHandler                        0x08005443   Thumb Code     0  startup_stm32f407xx.o(.text)
    USART6_IRQHandler                        0x08005443   Thumb Code     0  startup_stm32f407xx.o(.text)
    WWDG_IRQHandler                          0x08005443   Thumb Code     0  startup_stm32f407xx.o(.text)
    __user_initial_stackheap                 0x08005445   Thumb Code     0  startup_stm32f407xx.o(.text)
    SystemInit                               0x08005469   Thumb Code    66  system_stm32f4xx.o(.text)
    SystemCoreClockUpdate                    0x080054ab   Thumb Code   120  system_stm32f4xx.o(.text)
    ADC_Initialize                           0x08005545   Thumb Code   128  adc_mcbstm32f400.o(.text)
    ADC_Uninitialize                         0x080055c5   Thumb Code    26  adc_mcbstm32f400.o(.text)
    ADC_StartConversion                      0x080055df   Thumb Code    26  adc_mcbstm32f400.o(.text)
    ADC_ConversionDone                       0x080055f9   Thumb Code    30  adc_mcbstm32f400.o(.text)
    ADC_GetValue                             0x08005617   Thumb Code    42  adc_mcbstm32f400.o(.text)
    ADC_GetResolution                        0x08005641   Thumb Code     4  adc_mcbstm32f400.o(.text)
    Accelerometer_Initialize                 0x080056e5   Thumb Code    86  accelerometer_lis3dh.o(.text)
    Accelerometer_Uninitialize               0x0800573b   Thumb Code    14  accelerometer_lis3dh.o(.text)
    Accelerometer_GetState                   0x08005749   Thumb Code   128  accelerometer_lis3dh.o(.text)
    Buttons_Initialize                       0x080057cd   Thumb Code   114  buttons_mcbstm32f400.o(.text)
    Buttons_Uninitialize                     0x0800583f   Thumb Code    34  buttons_mcbstm32f400.o(.text)
    Buttons_GetState                         0x08005861   Thumb Code    54  buttons_mcbstm32f400.o(.text)
    Buttons_GetCount                         0x08005897   Thumb Code     4  buttons_mcbstm32f400.o(.text)
    Camera_Initialize                        0x08005959   Thumb Code   324  camera_ovm7690.o(.text)
    Camera_Uninitialize                      0x08005a9d   Thumb Code    44  camera_ovm7690.o(.text)
    Camera_On                                0x08005ac9   Thumb Code    86  camera_ovm7690.o(.text)
    Camera_Off                               0x08005b1f   Thumb Code    66  camera_ovm7690.o(.text)
    GLCD_Initialize                          0x08005c21   Thumb Code  1664  glcd_mcbstm32f400.o(.text)
    GLCD_Uninitialize                        0x080062a1   Thumb Code    58  glcd_mcbstm32f400.o(.text)
    GLCD_SetForegroundColor                  0x080062db   Thumb Code     8  glcd_mcbstm32f400.o(.text)
    GLCD_SetBackgroundColor                  0x080062e3   Thumb Code     8  glcd_mcbstm32f400.o(.text)
    GLCD_ClearScreen                         0x080062eb   Thumb Code    46  glcd_mcbstm32f400.o(.text)
    GLCD_SetFont                             0x08006319   Thumb Code     8  glcd_mcbstm32f400.o(.text)
    GLCD_DrawPixel                           0x08006321   Thumb Code   122  glcd_mcbstm32f400.o(.text)
    GLCD_DrawHLine                           0x0800639b   Thumb Code    36  glcd_mcbstm32f400.o(.text)
    GLCD_DrawVLine                           0x080063bf   Thumb Code    36  glcd_mcbstm32f400.o(.text)
    GLCD_DrawRectangle                       0x080063e3   Thumb Code    56  glcd_mcbstm32f400.o(.text)
    GLCD_DrawChar                            0x0800641b   Thumb Code   118  glcd_mcbstm32f400.o(.text)
    GLCD_DrawString                          0x08006491   Thumb Code    40  glcd_mcbstm32f400.o(.text)
    GLCD_DrawBargraph                        0x080064b9   Thumb Code    74  glcd_mcbstm32f400.o(.text)
    GLCD_DrawBitmap                          0x08006503   Thumb Code    58  glcd_mcbstm32f400.o(.text)
    GLCD_VScroll                             0x0800653d   Thumb Code     6  glcd_mcbstm32f400.o(.text)
    GLCD_FrameBufferAccess                   0x08006543   Thumb Code    44  glcd_mcbstm32f400.o(.text)
    GLCD_FrameBufferAddress                  0x0800656f   Thumb Code     4  glcd_mcbstm32f400.o(.text)
    Gyroscope_Initialize                     0x0800662f   Thumb Code   124  gyroscope_l3g4200d.o(.text)
    Gyroscope_Uninitialize                   0x080066ab   Thumb Code    14  gyroscope_l3g4200d.o(.text)
    Gyroscope_GetState                       0x080066b9   Thumb Code   128  gyroscope_l3g4200d.o(.text)
    Joystick_Initialize                      0x080067cd   Thumb Code   106  joystick_stmpe811.o(.text)
    Joystick_Uninitialize                    0x08006837   Thumb Code    14  joystick_stmpe811.o(.text)
    Joystick_GetState                        0x08006845   Thumb Code    60  joystick_stmpe811.o(.text)
    LED_Initialize                           0x08006885   Thumb Code   122  led_mcbstm32f400.o(.text)
    LED_Uninitialize                         0x080068ff   Thumb Code    34  led_mcbstm32f400.o(.text)
    LED_On                                   0x08006921   Thumb Code    36  led_mcbstm32f400.o(.text)
    LED_Off                                  0x08006945   Thumb Code    36  led_mcbstm32f400.o(.text)
    LED_SetOut                               0x08006969   Thumb Code    40  led_mcbstm32f400.o(.text)
    LED_GetCount                             0x08006991   Thumb Code     4  led_mcbstm32f400.o(.text)
    Touch_Initialize                         0x08006a35   Thumb Code   144  touch_stmpe811.o(.text)
    Touch_Uninitialize                       0x08006ac5   Thumb Code    14  touch_stmpe811.o(.text)
    Touch_GetState                           0x08006ad3   Thumb Code   178  touch_stmpe811.o(.text)
    SVC_Handler                              0x08006b89   Thumb Code   108  irq_armv7m.o(.text)
    PendSV_Handler                           0x08006bf5   Thumb Code    16  irq_armv7m.o(.text)
    SysTick_Handler                          0x08006c05   Thumb Code    16  irq_armv7m.o(.text)
    osDelay                                  0x08006c97   Thumb Code    46  rtx_delay.o(.text)
    osDelayUntil                             0x08006cc5   Thumb Code    46  rtx_delay.o(.text)
    EvrRtxMemoryInit                         0x08006d21   Thumb Code    24  rtx_evr.o(.text)
    EvrRtxMemoryAlloc                        0x08006d39   Thumb Code    18  rtx_evr.o(.text)
    EvrRtxMemoryFree                         0x08006d4b   Thumb Code    24  rtx_evr.o(.text)
    EvrRtxMemoryBlockInit                    0x08006d63   Thumb Code    20  rtx_evr.o(.text)
    EvrRtxMemoryBlockAlloc                   0x08006d77   Thumb Code    12  rtx_evr.o(.text)
    EvrRtxMemoryBlockFree                    0x08006d83   Thumb Code    24  rtx_evr.o(.text)
    EvrRtxKernelError                        0x08006d9b   Thumb Code    12  rtx_evr.o(.text)
    EvrRtxKernelInitialize                   0x08006da7   Thumb Code    10  rtx_evr.o(.text)
    EvrRtxKernelInitialized                  0x08006db1   Thumb Code    10  rtx_evr.o(.text)
    EvrRtxKernelGetInfo                      0x08006dbb   Thumb Code    24  rtx_evr.o(.text)
    EvrRtxKernelInfoRetrieved                0x08006dd3   Thumb Code    40  rtx_evr.o(.text)
    EvrRtxKernelStart                        0x08006dfb   Thumb Code    12  rtx_evr.o(.text)
    EvrRtxKernelStarted                      0x08006e07   Thumb Code    12  rtx_evr.o(.text)
    EvrRtxKernelLock                         0x08006e13   Thumb Code    12  rtx_evr.o(.text)
    EvrRtxKernelLocked                       0x08006e1f   Thumb Code    12  rtx_evr.o(.text)
    EvrRtxKernelUnlock                       0x08006e2b   Thumb Code    12  rtx_evr.o(.text)
    EvrRtxKernelUnlocked                     0x08006e37   Thumb Code    12  rtx_evr.o(.text)
    EvrRtxKernelRestoreLock                  0x08006e43   Thumb Code    12  rtx_evr.o(.text)
    EvrRtxKernelLockRestored                 0x08006e4f   Thumb Code    12  rtx_evr.o(.text)
    EvrRtxKernelSuspend                      0x08006e5b   Thumb Code    12  rtx_evr.o(.text)
    EvrRtxKernelSuspended                    0x08006e67   Thumb Code    12  rtx_evr.o(.text)
    EvrRtxKernelResume                       0x08006e73   Thumb Code    12  rtx_evr.o(.text)
    EvrRtxKernelResumed                      0x08006e7f   Thumb Code    12  rtx_evr.o(.text)
    EvrRtxKernelGetTickCount                 0x08006e8b   Thumb Code    12  rtx_evr.o(.text)
    EvrRtxKernelGetTickFreq                  0x08006e97   Thumb Code    12  rtx_evr.o(.text)
    EvrRtxKernelGetSysTimerCount             0x08006ea3   Thumb Code    12  rtx_evr.o(.text)
    EvrRtxKernelGetSysTimerFreq              0x08006eaf   Thumb Code    12  rtx_evr.o(.text)
    EvrRtxKernelErrorNotify                  0x08006ebb   Thumb Code    12  rtx_evr.o(.text)
    EvrRtxThreadError                        0x08006ec7   Thumb Code    12  rtx_evr.o(.text)
    EvrRtxThreadNew                          0x08006ed3   Thumb Code    22  rtx_evr.o(.text)
    EvrRtxThreadCreated                      0x08006ee9   Thumb Code    24  rtx_evr.o(.text)
    EvrRtxThreadGetName                      0x08006f01   Thumb Code    12  rtx_evr.o(.text)
    EvrRtxThreadGetId                        0x08006f0d   Thumb Code    12  rtx_evr.o(.text)
    EvrRtxThreadGetState                     0x08006f19   Thumb Code    12  rtx_evr.o(.text)
    EvrRtxThreadGetStackSize                 0x08006f25   Thumb Code    12  rtx_evr.o(.text)
    EvrRtxThreadGetStackSpace                0x08006f31   Thumb Code    12  rtx_evr.o(.text)
    EvrRtxThreadSetPriority                  0x08006f3d   Thumb Code    12  rtx_evr.o(.text)
    EvrRtxThreadPriorityUpdated              0x08006f49   Thumb Code    12  rtx_evr.o(.text)
    EvrRtxThreadGetPriority                  0x08006f55   Thumb Code    12  rtx_evr.o(.text)
    EvrRtxThreadYield                        0x08006f61   Thumb Code    12  rtx_evr.o(.text)
    EvrRtxThreadSuspend                      0x08006f6d   Thumb Code    12  rtx_evr.o(.text)
    EvrRtxThreadSuspended                    0x08006f79   Thumb Code    12  rtx_evr.o(.text)
    EvrRtxThreadResume                       0x08006f85   Thumb Code    12  rtx_evr.o(.text)
    EvrRtxThreadResumed                      0x08006f91   Thumb Code    12  rtx_evr.o(.text)
    EvrRtxThreadDetach                       0x08006f9d   Thumb Code    12  rtx_evr.o(.text)
    EvrRtxThreadDetached                     0x08006fa9   Thumb Code    12  rtx_evr.o(.text)
    EvrRtxThreadJoin                         0x08006fb5   Thumb Code    12  rtx_evr.o(.text)
    EvrRtxThreadJoinPending                  0x08006fc1   Thumb Code    12  rtx_evr.o(.text)
    EvrRtxThreadJoined                       0x08006fcd   Thumb Code    12  rtx_evr.o(.text)
    EvrRtxThreadBlocked                      0x08006fd9   Thumb Code    10  rtx_evr.o(.text)
    EvrRtxThreadUnblocked                    0x08006fe3   Thumb Code    12  rtx_evr.o(.text)
    EvrRtxThreadPreempted                    0x08006fef   Thumb Code    12  rtx_evr.o(.text)
    EvrRtxThreadSwitched                     0x08006ffb   Thumb Code    12  rtx_evr.o(.text)
    EvrRtxThreadExit                         0x08007007   Thumb Code    12  rtx_evr.o(.text)
    EvrRtxThreadTerminate                    0x08007013   Thumb Code    12  rtx_evr.o(.text)
    EvrRtxThreadDestroyed                    0x0800701f   Thumb Code    12  rtx_evr.o(.text)
    EvrRtxThreadGetCount                     0x0800702b   Thumb Code    12  rtx_evr.o(.text)
    EvrRtxThreadEnumerate                    0x08007037   Thumb Code    24  rtx_evr.o(.text)
    EvrRtxThreadFlagsError                   0x0800704f   Thumb Code    12  rtx_evr.o(.text)
    EvrRtxThreadFlagsSet                     0x0800705b   Thumb Code    10  rtx_evr.o(.text)
    EvrRtxThreadFlagsSetDone                 0x08007065   Thumb Code    10  rtx_evr.o(.text)
    EvrRtxThreadFlagsClear                   0x0800706f   Thumb Code    12  rtx_evr.o(.text)
    EvrRtxThreadFlagsClearDone               0x0800707b   Thumb Code    12  rtx_evr.o(.text)
    EvrRtxThreadFlagsGet                     0x08007087   Thumb Code    12  rtx_evr.o(.text)
    EvrRtxThreadFlagsWait                    0x08007093   Thumb Code    24  rtx_evr.o(.text)
    EvrRtxThreadFlagsWaitPending             0x080070ab   Thumb Code    24  rtx_evr.o(.text)
    EvrRtxThreadFlagsWaitTimeout             0x080070c3   Thumb Code    12  rtx_evr.o(.text)
    EvrRtxThreadFlagsWaitCompleted           0x080070cf   Thumb Code    20  rtx_evr.o(.text)
    EvrRtxThreadFlagsWaitNotCompleted        0x080070e3   Thumb Code    12  rtx_evr.o(.text)
    EvrRtxDelayError                         0x080070ef   Thumb Code    12  rtx_evr.o(.text)
    EvrRtxDelay                              0x080070fb   Thumb Code    10  rtx_evr.o(.text)
    EvrRtxDelayUntil                         0x08007105   Thumb Code    12  rtx_evr.o(.text)
    EvrRtxDelayStarted                       0x08007111   Thumb Code    52  rtx_evr.o(.text)
    EvrRtxDelayUntilStarted                  0x08007145   Thumb Code    10  rtx_evr.o(.text)
    EvrRtxDelayCompleted                     0x0800714f   Thumb Code    12  rtx_evr.o(.text)
    EvrRtxTimerError                         0x0800715b   Thumb Code    12  rtx_evr.o(.text)
    EvrRtxTimerCallback                      0x08007167   Thumb Code    10  rtx_evr.o(.text)
    EvrRtxTimerNew                           0x08007171   Thumb Code    18  rtx_evr.o(.text)
    EvrRtxTimerCreated                       0x08007183   Thumb Code    12  rtx_evr.o(.text)
    EvrRtxTimerGetName                       0x0800718f   Thumb Code    12  rtx_evr.o(.text)
    EvrRtxTimerStart                         0x0800719b   Thumb Code    12  rtx_evr.o(.text)
    EvrRtxTimerStarted                       0x080071a7   Thumb Code    12  rtx_evr.o(.text)
    EvrRtxTimerStop                          0x080071b3   Thumb Code    12  rtx_evr.o(.text)
    EvrRtxTimerStopped                       0x080071bf   Thumb Code    12  rtx_evr.o(.text)
    EvrRtxTimerIsRunning                     0x080071cb   Thumb Code    12  rtx_evr.o(.text)
    EvrRtxTimerDelete                        0x080071d7   Thumb Code    12  rtx_evr.o(.text)
    EvrRtxTimerDestroyed                     0x080071e3   Thumb Code    12  rtx_evr.o(.text)
    EvrRtxEventFlagsError                    0x080071ef   Thumb Code    12  rtx_evr.o(.text)
    EvrRtxEventFlagsNew                      0x080071fb   Thumb Code    10  rtx_evr.o(.text)
    EvrRtxEventFlagsCreated                  0x08007205   Thumb Code    12  rtx_evr.o(.text)
    EvrRtxEventFlagsGetName                  0x08007211   Thumb Code    12  rtx_evr.o(.text)
    EvrRtxEventFlagsSet                      0x0800721d   Thumb Code    12  rtx_evr.o(.text)
    EvrRtxEventFlagsSetDone                  0x08007229   Thumb Code    12  rtx_evr.o(.text)
    EvrRtxEventFlagsClear                    0x08007235   Thumb Code    12  rtx_evr.o(.text)
    EvrRtxEventFlagsClearDone                0x08007241   Thumb Code    12  rtx_evr.o(.text)
    EvrRtxEventFlagsGet                      0x0800724d   Thumb Code    12  rtx_evr.o(.text)
    EvrRtxEventFlagsWait                     0x08007259   Thumb Code    20  rtx_evr.o(.text)
    EvrRtxEventFlagsWaitPending              0x0800726d   Thumb Code    20  rtx_evr.o(.text)
    EvrRtxEventFlagsWaitTimeout              0x08007281   Thumb Code    12  rtx_evr.o(.text)
    EvrRtxEventFlagsWaitCompleted            0x0800728d   Thumb Code    20  rtx_evr.o(.text)
    EvrRtxEventFlagsWaitNotCompleted         0x080072a1   Thumb Code    24  rtx_evr.o(.text)
    EvrRtxEventFlagsDelete                   0x080072b9   Thumb Code    12  rtx_evr.o(.text)
    EvrRtxEventFlagsDestroyed                0x080072c5   Thumb Code    12  rtx_evr.o(.text)
    EvrRtxMutexError                         0x080072d1   Thumb Code    12  rtx_evr.o(.text)
    EvrRtxMutexNew                           0x080072dd   Thumb Code    12  rtx_evr.o(.text)
    EvrRtxMutexCreated                       0x080072e9   Thumb Code    10  rtx_evr.o(.text)
    EvrRtxMutexGetName                       0x080072f3   Thumb Code    10  rtx_evr.o(.text)
    EvrRtxMutexAcquire                       0x080072fd   Thumb Code    12  rtx_evr.o(.text)
    EvrRtxMutexAcquirePending                0x08007309   Thumb Code    12  rtx_evr.o(.text)
    EvrRtxMutexAcquireTimeout                0x08007315   Thumb Code    12  rtx_evr.o(.text)
    EvrRtxMutexAcquired                      0x08007321   Thumb Code    12  rtx_evr.o(.text)
    EvrRtxMutexNotAcquired                   0x0800732d   Thumb Code    12  rtx_evr.o(.text)
    EvrRtxMutexRelease                       0x08007339   Thumb Code    12  rtx_evr.o(.text)
    EvrRtxMutexReleased                      0x08007345   Thumb Code    12  rtx_evr.o(.text)
    EvrRtxMutexGetOwner                      0x08007351   Thumb Code    12  rtx_evr.o(.text)
    EvrRtxMutexDelete                        0x0800735d   Thumb Code    12  rtx_evr.o(.text)
    EvrRtxMutexDestroyed                     0x08007369   Thumb Code    12  rtx_evr.o(.text)
    EvrRtxSemaphoreError                     0x08007375   Thumb Code    12  rtx_evr.o(.text)
    EvrRtxSemaphoreNew                       0x08007381   Thumb Code    24  rtx_evr.o(.text)
    EvrRtxSemaphoreCreated                   0x08007399   Thumb Code    10  rtx_evr.o(.text)
    EvrRtxSemaphoreGetName                   0x080073a3   Thumb Code    10  rtx_evr.o(.text)
    EvrRtxSemaphoreAcquire                   0x080073ad   Thumb Code    12  rtx_evr.o(.text)
    EvrRtxSemaphoreAcquirePending            0x080073b9   Thumb Code    12  rtx_evr.o(.text)
    EvrRtxSemaphoreAcquireTimeout            0x080073c5   Thumb Code    12  rtx_evr.o(.text)
    EvrRtxSemaphoreAcquired                  0x080073d1   Thumb Code    12  rtx_evr.o(.text)
    EvrRtxSemaphoreNotAcquired               0x080073dd   Thumb Code    12  rtx_evr.o(.text)
    EvrRtxSemaphoreRelease                   0x080073e9   Thumb Code    12  rtx_evr.o(.text)
    EvrRtxSemaphoreReleased                  0x080073f5   Thumb Code    12  rtx_evr.o(.text)
    EvrRtxSemaphoreGetCount                  0x08007401   Thumb Code    12  rtx_evr.o(.text)
    EvrRtxSemaphoreDelete                    0x0800740d   Thumb Code    12  rtx_evr.o(.text)
    EvrRtxSemaphoreDestroyed                 0x08007419   Thumb Code    12  rtx_evr.o(.text)
    EvrRtxMemoryPoolError                    0x08007425   Thumb Code    12  rtx_evr.o(.text)
    EvrRtxMemoryPoolNew                      0x08007431   Thumb Code    24  rtx_evr.o(.text)
    EvrRtxMemoryPoolCreated                  0x08007449   Thumb Code    10  rtx_evr.o(.text)
    EvrRtxMemoryPoolGetName                  0x08007453   Thumb Code    10  rtx_evr.o(.text)
    EvrRtxMemoryPoolAlloc                    0x0800745d   Thumb Code    12  rtx_evr.o(.text)
    EvrRtxMemoryPoolAllocPending             0x08007469   Thumb Code    12  rtx_evr.o(.text)
    EvrRtxMemoryPoolAllocTimeout             0x08007475   Thumb Code    12  rtx_evr.o(.text)
    EvrRtxMemoryPoolAllocated                0x08007481   Thumb Code    12  rtx_evr.o(.text)
    EvrRtxMemoryPoolAllocFailed              0x0800748d   Thumb Code    12  rtx_evr.o(.text)
    EvrRtxMemoryPoolFree                     0x08007499   Thumb Code    12  rtx_evr.o(.text)
    EvrRtxMemoryPoolDeallocated              0x080074a5   Thumb Code    12  rtx_evr.o(.text)
    EvrRtxMemoryPoolFreeFailed               0x080074b1   Thumb Code    12  rtx_evr.o(.text)
    EvrRtxMemoryPoolGetCapacity              0x080074bd   Thumb Code    12  rtx_evr.o(.text)
    EvrRtxMemoryPoolGetBlockSize             0x080074c9   Thumb Code    12  rtx_evr.o(.text)
    EvrRtxMemoryPoolGetCount                 0x080074d5   Thumb Code    12  rtx_evr.o(.text)
    EvrRtxMemoryPoolGetSpace                 0x080074e1   Thumb Code    12  rtx_evr.o(.text)
    EvrRtxMemoryPoolDelete                   0x080074ed   Thumb Code    12  rtx_evr.o(.text)
    EvrRtxMemoryPoolDestroyed                0x080074f9   Thumb Code    12  rtx_evr.o(.text)
    EvrRtxMessageQueueError                  0x08007505   Thumb Code    12  rtx_evr.o(.text)
    EvrRtxMessageQueueNew                    0x08007511   Thumb Code    64  rtx_evr.o(.text)
    EvrRtxMessageQueueCreated                0x08007551   Thumb Code    10  rtx_evr.o(.text)
    EvrRtxMessageQueueGetName                0x0800755b   Thumb Code    10  rtx_evr.o(.text)
    EvrRtxMessageQueuePut                    0x08007565   Thumb Code    20  rtx_evr.o(.text)
    EvrRtxMessageQueuePutPending             0x08007579   Thumb Code    24  rtx_evr.o(.text)
    EvrRtxMessageQueuePutTimeout             0x08007591   Thumb Code    12  rtx_evr.o(.text)
    EvrRtxMessageQueueInsertPending          0x0800759d   Thumb Code    12  rtx_evr.o(.text)
    EvrRtxMessageQueueInserted               0x080075a9   Thumb Code    12  rtx_evr.o(.text)
    EvrRtxMessageQueueNotInserted            0x080075b5   Thumb Code    12  rtx_evr.o(.text)
    EvrRtxMessageQueueGet                    0x080075c1   Thumb Code    20  rtx_evr.o(.text)
    EvrRtxMessageQueueGetPending             0x080075d5   Thumb Code    24  rtx_evr.o(.text)
    EvrRtxMessageQueueGetTimeout             0x080075ed   Thumb Code    12  rtx_evr.o(.text)
    EvrRtxMessageQueueRetrieved              0x080075f9   Thumb Code    12  rtx_evr.o(.text)
    EvrRtxMessageQueueNotRetrieved           0x08007605   Thumb Code    12  rtx_evr.o(.text)
    EvrRtxMessageQueueGetCapacity            0x08007611   Thumb Code    12  rtx_evr.o(.text)
    EvrRtxMessageQueueGetMsgSize             0x0800761d   Thumb Code    12  rtx_evr.o(.text)
    EvrRtxMessageQueueGetCount               0x08007629   Thumb Code    12  rtx_evr.o(.text)
    EvrRtxMessageQueueGetSpace               0x08007635   Thumb Code    12  rtx_evr.o(.text)
    EvrRtxMessageQueueReset                  0x08007641   Thumb Code    12  rtx_evr.o(.text)
    EvrRtxMessageQueueResetDone              0x0800764d   Thumb Code    12  rtx_evr.o(.text)
    EvrRtxMessageQueueDelete                 0x08007659   Thumb Code    12  rtx_evr.o(.text)
    EvrRtxMessageQueueDestroyed              0x08007665   Thumb Code    12  rtx_evr.o(.text)
    osRtxKernelErrorNotify                   0x08007acf   Thumb Code    26  rtx_kernel.o(.text)
    osKernelInitialize                       0x08007ae9   Thumb Code    44  rtx_kernel.o(.text)
    osKernelGetInfo                          0x08007b15   Thumb Code    68  rtx_kernel.o(.text)
    osKernelGetState                         0x08007b59   Thumb Code    40  rtx_kernel.o(.text)
    osKernelStart                            0x08007b81   Thumb Code    40  rtx_kernel.o(.text)
    osKernelLock                             0x08007ba9   Thumb Code    40  rtx_kernel.o(.text)
    osKernelUnlock                           0x08007bd1   Thumb Code    40  rtx_kernel.o(.text)
    osKernelRestoreLock                      0x08007bf9   Thumb Code    46  rtx_kernel.o(.text)
    osKernelSuspend                          0x08007c27   Thumb Code    38  rtx_kernel.o(.text)
    osKernelResume                           0x08007c4d   Thumb Code    44  rtx_kernel.o(.text)
    osKernelGetTickCount                     0x08007c79   Thumb Code    28  rtx_kernel.o(.text)
    osKernelGetTickFreq                      0x08007c95   Thumb Code    28  rtx_kernel.o(.text)
    osKernelGetSysTimerCount                 0x08007cb1   Thumb Code    28  rtx_kernel.o(.text)
    osKernelGetSysTimerFreq                  0x08007ccd   Thumb Code    28  rtx_kernel.o(.text)
    _platform_post_stackheap_init            0x08007d45   Thumb Code     4  rtx_lib.o(.text)
    osRtxKernelPreInit                       0x08007d49   Thumb Code    24  rtx_lib.o(.text)
    __user_perthread_libspace                0x08007d7b   Thumb Code    68  rtx_lib.o(.text)
    _mutex_initialize                        0x08007dbf   Thumb Code    32  rtx_lib.o(.text)
    _mutex_acquire                           0x08007ddf   Thumb Code    28  rtx_lib.o(.text)
    _mutex_release                           0x08007dfb   Thumb Code    24  rtx_lib.o(.text)
    _mutex_free                              0x08007e13   Thumb Code     6  rtx_lib.o(.text)
    osRtxMemoryInit                          0x08007e25   Thumb Code    64  rtx_memory.o(.text)
    osRtxMemoryAlloc                         0x08007e65   Thumb Code   144  rtx_memory.o(.text)
    osRtxMemoryFree                          0x08007ef5   Thumb Code    84  rtx_memory.o(.text)
    osRtxMemoryPoolInit                      0x08007f49   Thumb Code    72  rtx_mempool.o(.text)
    osRtxMemoryPoolAlloc                     0x08007f91   Thumb Code    50  rtx_mempool.o(.text)
    osRtxMemoryPoolFree                      0x08007fc3   Thumb Code    70  rtx_mempool.o(.text)
    osMemoryPoolNew                          0x08008393   Thumb Code    58  rtx_mempool.o(.text)
    osMemoryPoolGetName                      0x080083cd   Thumb Code    38  rtx_mempool.o(.text)
    osMemoryPoolAlloc                        0x080083f3   Thumb Code    94  rtx_mempool.o(.text)
    osMemoryPoolFree                         0x08008451   Thumb Code   104  rtx_mempool.o(.text)
    osMemoryPoolGetCapacity                  0x080084b9   Thumb Code    34  rtx_mempool.o(.text)
    osMemoryPoolGetBlockSize                 0x080084db   Thumb Code    34  rtx_mempool.o(.text)
    osMemoryPoolGetCount                     0x080084fd   Thumb Code    72  rtx_mempool.o(.text)
    osMemoryPoolGetSpace                     0x08008545   Thumb Code    34  rtx_mempool.o(.text)
    osMemoryPoolDelete                       0x08008567   Thumb Code    48  rtx_mempool.o(.text)
    osRtxMessageQueueTimerSetup              0x08008c9d   Thumb Code    30  rtx_msgqueue.o(.text)
    osMessageQueueNew                        0x08008cbb   Thumb Code    58  rtx_msgqueue.o(.text)
    osMessageQueueGetName                    0x08008cf5   Thumb Code    38  rtx_msgqueue.o(.text)
    osMessageQueuePut                        0x08008d1b   Thumb Code   156  rtx_msgqueue.o(.text)
    osMessageQueueGet                        0x08008db7   Thumb Code   142  rtx_msgqueue.o(.text)
    osMessageQueueGetCapacity                0x08008e45   Thumb Code    34  rtx_msgqueue.o(.text)
    osMessageQueueGetMsgSize                 0x08008e67   Thumb Code    34  rtx_msgqueue.o(.text)
    osMessageQueueGetCount                   0x08008e89   Thumb Code    34  rtx_msgqueue.o(.text)
    osMessageQueueGetSpace                   0x08008eab   Thumb Code    34  rtx_msgqueue.o(.text)
    osMessageQueueReset                      0x08008ecd   Thumb Code    48  rtx_msgqueue.o(.text)
    osMessageQueueDelete                     0x08008efd   Thumb Code    48  rtx_msgqueue.o(.text)
    osRtxMutexOwnerRelease                   0x08008f7d   Thumb Code    88  rtx_mutex.o(.text)
    osRtxMutexOwnerRestore                   0x08008fd5   Thumb Code    70  rtx_mutex.o(.text)
    osMutexNew                               0x08009387   Thumb Code    46  rtx_mutex.o(.text)
    osMutexGetName                           0x080093b5   Thumb Code    38  rtx_mutex.o(.text)
    osMutexAcquire                           0x080093db   Thumb Code    54  rtx_mutex.o(.text)
    osMutexRelease                           0x08009411   Thumb Code    48  rtx_mutex.o(.text)
    osMutexGetOwner                          0x08009441   Thumb Code    58  rtx_mutex.o(.text)
    osMutexDelete                            0x0800947b   Thumb Code    48  rtx_mutex.o(.text)
    osRtxTick_Handler                        0x0800952d   Thumb Code   124  rtx_system.o(.text)
    osRtxPendSV_Handler                      0x080095a9   Thumb Code    74  rtx_system.o(.text)
    osRtxPostProcess                         0x080095f3   Thumb Code    46  rtx_system.o(.text)
    osRtxThreadListPut                       0x08009663   Thumb Code    38  rtx_thread.o(.text)
    osRtxThreadListGet                       0x08009689   Thumb Code    22  rtx_thread.o(.text)
    osRtxThreadListRemove                    0x080096ab   Thumb Code    24  rtx_thread.o(.text)
    osRtxThreadListSort                      0x080096c3   Thumb Code    42  rtx_thread.o(.text)
    osRtxThreadReadyPut                      0x0800970b   Thumb Code    10  rtx_thread.o(.text)
    osRtxThreadRegPtr                        0x080097bf   Thumb Code    20  rtx_thread.o(.text)
    osRtxThreadDelayTick                     0x080097d3   Thumb Code   206  rtx_thread.o(.text)
    osRtxThreadSwitch                        0x080098cf   Thumb Code    14  rtx_thread.o(.text)
    osRtxThreadDispatch                      0x080098dd   Thumb Code   100  rtx_thread.o(.text)
    osRtxThreadWaitExit                      0x08009941   Thumb Code    48  rtx_thread.o(.text)
    osRtxThreadWaitEnter                     0x08009971   Thumb Code    62  rtx_thread.o(.text)
    osRtxThreadStackCheck                    0x080099af   Thumb Code    24  rtx_thread.o(.text)
    osThreadExit                             0x08009b0b   Thumb Code    22  rtx_thread.o(.text)
    osRtxThreadStartup                       0x0800a3a1   Thumb Code    56  rtx_thread.o(.text)
    osThreadNew                              0x0800a3d9   Thumb Code    76  rtx_thread.o(.text)
    osThreadGetName                          0x0800a425   Thumb Code    38  rtx_thread.o(.text)
    osThreadGetId                            0x0800a44b   Thumb Code    28  rtx_thread.o(.text)
    osThreadGetState                         0x0800a467   Thumb Code    42  rtx_thread.o(.text)
    osThreadGetStackSize                     0x0800a491   Thumb Code    38  rtx_thread.o(.text)
    osThreadGetStackSpace                    0x0800a4b7   Thumb Code    38  rtx_thread.o(.text)
    osThreadSetPriority                      0x0800a4dd   Thumb Code    54  rtx_thread.o(.text)
    osThreadGetPriority                      0x0800a513   Thumb Code    42  rtx_thread.o(.text)
    osThreadYield                            0x0800a53d   Thumb Code    42  rtx_thread.o(.text)
    osThreadSuspend                          0x0800a567   Thumb Code    48  rtx_thread.o(.text)
    osThreadResume                           0x0800a597   Thumb Code    48  rtx_thread.o(.text)
    osThreadDetach                           0x0800a5c7   Thumb Code    48  rtx_thread.o(.text)
    osThreadJoin                             0x0800a5f7   Thumb Code    48  rtx_thread.o(.text)
    osThreadTerminate                        0x0800a627   Thumb Code    48  rtx_thread.o(.text)
    osThreadGetCount                         0x0800a657   Thumb Code    32  rtx_thread.o(.text)
    osThreadEnumerate                        0x0800a677   Thumb Code    44  rtx_thread.o(.text)
    osThreadFlagsSet                         0x0800a6a3   Thumb Code   112  rtx_thread.o(.text)
    osThreadFlagsClear                       0x0800a713   Thumb Code    48  rtx_thread.o(.text)
    osThreadFlagsGet                         0x0800a743   Thumb Code    32  rtx_thread.o(.text)
    osThreadFlagsWait                        0x0800a763   Thumb Code    60  rtx_thread.o(.text)
    osRtxTimerSetup                          0x0800a8df   Thumb Code    24  rtx_timer.o(.text)
    osRtxTimerThread                         0x0800a8f7   Thumb Code    40  rtx_timer.o(.text)
    osTimerNew                               0x0800ab27   Thumb Code    66  rtx_timer.o(.text)
    osTimerGetName                           0x0800ab69   Thumb Code    38  rtx_timer.o(.text)
    osTimerStart                             0x0800ab8f   Thumb Code    54  rtx_timer.o(.text)
    osTimerStop                              0x0800abc5   Thumb Code    72  rtx_timer.o(.text)
    osTimerIsRunning                         0x0800ac0d   Thumb Code    38  rtx_timer.o(.text)
    osTimerDelete                            0x0800ac33   Thumb Code    48  rtx_timer.o(.text)
    OS_Tick_Setup                            0x0800ac8d   Thumb Code    58  os_systick.o(.text)
    OS_Tick_Enable                           0x0800acc7   Thumb Code    36  os_systick.o(.text)
    OS_Tick_Disable                          0x0800aceb   Thumb Code    36  os_systick.o(.text)
    OS_Tick_AcknowledgeIRQ                   0x0800ad0f   Thumb Code     8  os_systick.o(.text)
    OS_Tick_GetIRQn                          0x0800ad17   Thumb Code     6  os_systick.o(.text)
    OS_Tick_GetClock                         0x0800ad1d   Thumb Code     6  os_systick.o(.text)
    OS_Tick_GetInterval                      0x0800ad23   Thumb Code    10  os_systick.o(.text)
    OS_Tick_GetCount                         0x0800ad2d   Thumb Code    12  os_systick.o(.text)
    OS_Tick_GetOverflow                      0x0800ad39   Thumb Code    12  os_systick.o(.text)
    osRtxIdleThread                          0x0800ad51   Thumb Code     2  rtx_config.o(.text)
    osRtxErrorNotify                         0x0800ad53   Thumb Code     2  rtx_config.o(.text)
    I2C1_EV_IRQHandler                       0x0800c043   Thumb Code     6  i2c_stm32f4xx.o(.text)
    I2C1_ER_IRQHandler                       0x0800c049   Thumb Code     4  i2c_stm32f4xx.o(.text)
    DMA1_Stream0_IRQHandler                  0x0800c04d   Thumb Code    18  i2c_stm32f4xx.o(.text)
    DMA1_Stream6_IRQHandler                  0x0800c05f   Thumb Code    20  i2c_stm32f4xx.o(.text)
    __aeabi_uldivmod                         0x0800c095   Thumb Code     0  lludivv7m.o(.text)
    _ll_udiv                                 0x0800c095   Thumb Code   238  lludivv7m.o(.text)
    __aeabi_memcpy                           0x0800c183   Thumb Code     0  rt_memcpy_v6.o(.text)
    __rt_memcpy                              0x0800c183   Thumb Code   138  rt_memcpy_v6.o(.text)
    _memcpy_lastbytes                        0x0800c1e9   Thumb Code     0  rt_memcpy_v6.o(.text)
    __aeabi_memclr                           0x0800c20d   Thumb Code     0  rt_memclr.o(.text)
    __rt_memclr                              0x0800c20d   Thumb Code    68  rt_memclr.o(.text)
    _memset                                  0x0800c211   Thumb Code     0  rt_memclr.o(.text)
    __aeabi_memclr4                          0x0800c251   Thumb Code     0  rt_memclr_w.o(.text)
    __aeabi_memclr8                          0x0800c251   Thumb Code     0  rt_memclr_w.o(.text)
    __rt_memclr_w                            0x0800c251   Thumb Code    78  rt_memclr_w.o(.text)
    _memset_w                                0x0800c255   Thumb Code     0  rt_memclr_w.o(.text)
    __use_two_region_memory                  0x0800c29f   Thumb Code     2  heapauxi.o(.text)
    __rt_heap_escrow$2region                 0x0800c2a1   Thumb Code     2  heapauxi.o(.text)
    __rt_heap_expand$2region                 0x0800c2a3   Thumb Code     2  heapauxi.o(.text)
    __aeabi_memcpy4                          0x0800c2a5   Thumb Code     0  rt_memcpy_w.o(.text)
    __aeabi_memcpy8                          0x0800c2a5   Thumb Code     0  rt_memcpy_w.o(.text)
    __rt_memcpy_w                            0x0800c2a5   Thumb Code   100  rt_memcpy_w.o(.text)
    _memcpy_lastbytes_aligned                0x0800c2ed   Thumb Code     0  rt_memcpy_w.o(.text)
    __user_setup_stackheap                   0x0800c309   Thumb Code    74  sys_stackheap_outer.o(.text)
    exit                                     0x0800c353   Thumb Code    18  exit.o(.text)
    __user_libspace                          0x0800c365   Thumb Code     8  libspace.o(.text)
    __user_perproc_libspace                  0x0800c365   Thumb Code     0  libspace.o(.text)
    _sys_exit                                0x0800c36d   Thumb Code     8  sys_exit.o(.text)
    __I$use$semihosting                      0x0800c379   Thumb Code     0  use_no_semi.o(.text)
    __use_no_semihosting_swi                 0x0800c379   Thumb Code     2  use_no_semi.o(.text)
    __semihosting_library_function           0x0800c37b   Thumb Code     0  indicate_semi.o(.text)
    _fp_init                                 0x0800c37b   Thumb Code    10  fpinit.o(x$fpl$fpinit)
    __fplib_config_fpu_vfp                   0x0800c383   Thumb Code     0  fpinit.o(x$fpl$fpinit)
    __fplib_config_pureend_doubles           0x0800c383   Thumb Code     0  fpinit.o(x$fpl$fpinit)
    Button_16bpp                             0x0800c384   Data       23040  button_16bpp.o(.constdata)
    Bulb_16bpp                               0x08011d84   Data        4160  bulb_16bpp.o(.constdata)
    app_main_attr                            0x08012dc4   Data          36  demo.o(.constdata)
    EventRecorderInfo                        0x08012de8   Data          24  eventrecorder.o(.constdata)
    AHBPrescTable                            0x08012e08   Data          16  system_stm32f4xx.o(.constdata)
    APBPrescTable                            0x08012e18   Data           8  system_stm32f4xx.o(.constdata)
    GLCD_Font_6x8                            0x080146a0   Data          16  glcd_fonts.o(.constdata)
    GLCD_Font_16x24                          0x080146b0   Data          16  glcd_fonts.o(.constdata)
    osRtxUserSVC                             0x08014760   Data           4  rtx_lib.o(.constdata)
    Driver_I2C1                              0x080147d4   Data          48  i2c_stm32f4xx.o(.constdata)
    osRtxConfig                              0x08014810   Data         112  rtx_lib.o(.rodata)
    os_cb_sections                           0x08014880   Data          56  rtx_lib.o(.rodata)
    Region$$Table$$Base                      0x080148b8   Number         0  anon$$obj.o(Region$$Table)
    Region$$Table$$Limit                     0x080148d8   Number         0  anon$$obj.o(Region$$Table)
    .bss.os.msgqueue.cb$$Base                0x20008234   Number         0  rtx_lib.o(.bss.os.msgqueue.cb)
    .bss.os.msgqueue.cb$$Limit               0x20008268   Number         0  rtx_lib.o(.bss.os.msgqueue.cb)
    .bss.os.thread.cb$$Base                  0x200082b8   Number         0  rtx_lib.o(.bss.os.thread.cb)
    .bss.os.thread.cb$$Limit                 0x20008340   Number         0  rtx_lib.o(.bss.os.thread.cb)
    uwTickFreq                               0x20008750   Data           1  stm32f4xx_hal.o(.data)
    uwTickPrio                               0x20008754   Data           4  stm32f4xx_hal.o(.data)
    uwTick                                   0x20008758   Data           4  stm32f4xx_hal.o(.data)
    SystemCoreClock                          0x2000875c   Data           4  system_stm32f4xx.o(.data)
    osRtxInfo                                0x20008848   Data         164  rtx_kernel.o(.data.os)
    app_main_stk                             0x200088f0   Data        1024  demo.o(.bss)
    __libspace_start                         0x20008f10   Data          96  libspace.o(.bss)
    __temporary_stack_top$libspace           0x20008f70   Data           0  libspace.o(.bss)



==============================================================================

Memory Map of the image

  Image Entry point : 0x08000189

  Load Region LR_IROM1 (Base: 0x08000000, Size: 0x0001d1c4, Max: 0x00100000, ABSOLUTE, COMPRESSED[0x00014acc])

    Execution Region ER_IROM1 (Exec base: 0x08000000, Load base: 0x08000000, Size: 0x000148d8, Max: 0x00100000, ABSOLUTE)

    Exec Addr    Load Addr    Size         Type   Attr      Idx    E Section Name        Object

    0x08000000   0x08000000   0x00000188   Data   RO           90    RESET               startup_stm32f407xx.o
    0x08000188   0x08000188   0x00000008   Code   RO          247  * !!!main             c_w.l(__main.o)
    0x08000190   0x08000190   0x00000034   Code   RO          380    !!!scatter          c_w.l(__scatter.o)
    0x080001c4   0x080001c4   0x0000005a   Code   RO          379    !!dczerorl2         c_w.l(__dczerorl2.o)
    0x0800021e   0x0800021e   0x00000002   PAD
    0x08000220   0x08000220   0x0000001c   Code   RO          381    !!handler_zi        c_w.l(__scatter_zi.o)
    0x0800023c   0x0800023c   0x00000002   Code   RO          274    .ARM.Collect$$libinit$$00000000  c_w.l(libinit.o)
    0x0800023e   0x0800023e   0x00000004   Code   RO          282    .ARM.Collect$$libinit$$00000001  c_w.l(libinit2.o)
    0x08000242   0x08000242   0x00000000   Code   RO          285    .ARM.Collect$$libinit$$00000004  c_w.l(libinit2.o)
    0x08000242   0x08000242   0x00000000   Code   RO          288    .ARM.Collect$$libinit$$0000000A  c_w.l(libinit2.o)
    0x08000242   0x08000242   0x00000000   Code   RO          290    .ARM.Collect$$libinit$$0000000C  c_w.l(libinit2.o)
    0x08000242   0x08000242   0x00000000   Code   RO          292    .ARM.Collect$$libinit$$0000000E  c_w.l(libinit2.o)
    0x08000242   0x08000242   0x00000000   Code   RO          295    .ARM.Collect$$libinit$$00000011  c_w.l(libinit2.o)
    0x08000242   0x08000242   0x00000000   Code   RO          297    .ARM.Collect$$libinit$$00000013  c_w.l(libinit2.o)
    0x08000242   0x08000242   0x00000000   Code   RO          299    .ARM.Collect$$libinit$$00000015  c_w.l(libinit2.o)
    0x08000242   0x08000242   0x00000000   Code   RO          301    .ARM.Collect$$libinit$$00000017  c_w.l(libinit2.o)
    0x08000242   0x08000242   0x00000000   Code   RO          303    .ARM.Collect$$libinit$$00000019  c_w.l(libinit2.o)
    0x08000242   0x08000242   0x00000000   Code   RO          305    .ARM.Collect$$libinit$$0000001B  c_w.l(libinit2.o)
    0x08000242   0x08000242   0x00000000   Code   RO          307    .ARM.Collect$$libinit$$0000001D  c_w.l(libinit2.o)
    0x08000242   0x08000242   0x00000000   Code   RO          309    .ARM.Collect$$libinit$$0000001F  c_w.l(libinit2.o)
    0x08000242   0x08000242   0x00000000   Code   RO          311    .ARM.Collect$$libinit$$00000021  c_w.l(libinit2.o)
    0x08000242   0x08000242   0x00000000   Code   RO          313    .ARM.Collect$$libinit$$00000023  c_w.l(libinit2.o)
    0x08000242   0x08000242   0x00000000   Code   RO          315    .ARM.Collect$$libinit$$00000025  c_w.l(libinit2.o)
    0x08000242   0x08000242   0x00000000   Code   RO          319    .ARM.Collect$$libinit$$0000002C  c_w.l(libinit2.o)
    0x08000242   0x08000242   0x00000000   Code   RO          321    .ARM.Collect$$libinit$$0000002E  c_w.l(libinit2.o)
    0x08000242   0x08000242   0x00000000   Code   RO          323    .ARM.Collect$$libinit$$00000030  c_w.l(libinit2.o)
    0x08000242   0x08000242   0x00000000   Code   RO          325    .ARM.Collect$$libinit$$00000032  c_w.l(libinit2.o)
    0x08000242   0x08000242   0x00000002   Code   RO          326    .ARM.Collect$$libinit$$00000033  c_w.l(libinit2.o)
    0x08000244   0x08000244   0x00000002   Code   RO          346    .ARM.Collect$$libshutdown$$00000000  c_w.l(libshutdown.o)
    0x08000246   0x08000246   0x00000000   Code   RO          360    .ARM.Collect$$libshutdown$$00000002  c_w.l(libshutdown2.o)
    0x08000246   0x08000246   0x00000000   Code   RO          362    .ARM.Collect$$libshutdown$$00000004  c_w.l(libshutdown2.o)
    0x08000246   0x08000246   0x00000000   Code   RO          364    .ARM.Collect$$libshutdown$$00000006  c_w.l(libshutdown2.o)
    0x08000246   0x08000246   0x00000000   Code   RO          367    .ARM.Collect$$libshutdown$$00000009  c_w.l(libshutdown2.o)
    0x08000246   0x08000246   0x00000000   Code   RO          370    .ARM.Collect$$libshutdown$$0000000C  c_w.l(libshutdown2.o)
    0x08000246   0x08000246   0x00000000   Code   RO          372    .ARM.Collect$$libshutdown$$0000000E  c_w.l(libshutdown2.o)
    0x08000246   0x08000246   0x00000000   Code   RO          375    .ARM.Collect$$libshutdown$$00000011  c_w.l(libshutdown2.o)
    0x08000246   0x08000246   0x00000002   Code   RO          376    .ARM.Collect$$libshutdown$$00000012  c_w.l(libshutdown2.o)
    0x08000248   0x08000248   0x00000000   Code   RO          248    .ARM.Collect$$rtentry$$00000000  c_w.l(__rtentry.o)
    0x08000248   0x08000248   0x00000000   Code   RO          253    .ARM.Collect$$rtentry$$00000002  c_w.l(__rtentry2.o)
    0x08000248   0x08000248   0x00000006   Code   RO          265    .ARM.Collect$$rtentry$$00000004  c_w.l(__rtentry4.o)
    0x0800024e   0x0800024e   0x00000008   Code   RO          254    .ARM.Collect$$rtentry$$00000008  c_w.l(__rtentry2.o)
    0x08000256   0x08000256   0x00000004   Code   RO          256    .ARM.Collect$$rtentry$$0000000A  c_w.l(__rtentry2.o)
    0x0800025a   0x0800025a   0x00000000   Code   RO          258    .ARM.Collect$$rtentry$$0000000C  c_w.l(__rtentry2.o)
    0x0800025a   0x0800025a   0x00000008   Code   RO          259    .ARM.Collect$$rtentry$$0000000D  c_w.l(__rtentry2.o)
    0x08000262   0x08000262   0x00000002   Code   RO          277    .ARM.Collect$$rtexit$$00000000  c_w.l(rtexit.o)
    0x08000264   0x08000264   0x00000000   Code   RO          329    .ARM.Collect$$rtexit$$00000002  c_w.l(rtexit2.o)
    0x08000264   0x08000264   0x00000004   Code   RO          330    .ARM.Collect$$rtexit$$00000003  c_w.l(rtexit2.o)
    0x08000268   0x08000268   0x00000006   Code   RO          331    .ARM.Collect$$rtexit$$00000004  c_w.l(rtexit2.o)
    0x0800026e   0x0800026e   0x00000002   PAD
    0x08000270   0x08000270   0x00000074   Code   RO           18    .emb_text           eventrecorder.o
    0x080002e4   0x080002e4   0x00000148   Code   RO          189    .emb_text           rtx_mempool.o
    0x0800042c   0x0800042c   0x00000148   Code   RO          194    .emb_text           rtx_msgqueue.o
    0x08000574   0x08000574   0x00000148   Code   RO          209    .emb_text           rtx_system.o
    0x080006bc   0x080006bc   0x00000148   Code   RO          214    .emb_text           rtx_thread.o
    0x08000804   0x08000804   0x00000784   Code   RO            6    .text               demo.o
    0x08000f88   0x08000f88   0x00000114   Code   RO           13    .text               main.o
    0x0800109c   0x0800109c   0x00000538   Code   RO           19    .text               eventrecorder.o
    0x080015d4   0x080015d4   0x000001b4   Code   RO           25    .text               stm32f4xx_hal.o
    0x08001788   0x08001788   0x00000aa0   Code   RO           30    .text               stm32f4xx_hal_adc.o
    0x08002228   0x08002228   0x00000724   Code   RO           34    .text               stm32f4xx_hal_adc_ex.o
    0x0800294c   0x0800294c   0x00000298   Code   RO           38    .text               stm32f4xx_hal_cortex.o
    0x08002be4   0x08002be4   0x00000488   Code   RO           42    .text               stm32f4xx_hal_dcmi.o
    0x0800306c   0x0800306c   0x00000084   Code   RO           46    .text               stm32f4xx_hal_dcmi_ex.o
    0x080030f0   0x080030f0   0x00000718   Code   RO           50    .text               stm32f4xx_hal_dma.o
    0x08003808   0x08003808   0x00000b9c   Code   RO           55    .text               stm32f4xx_hal_dma_ex.o
    0x080043a4   0x080043a4   0x00000330   Code   RO           59    .text               stm32f4xx_hal_gpio.o
    0x080046d4   0x080046d4   0x00000764   Code   RO           75    .text               stm32f4xx_hal_rcc.o
    0x08004e38   0x08004e38   0x000002c0   Code   RO           83    .text               stm32f4xx_hal_sram.o
    0x080050f8   0x080050f8   0x00000330   Code   RO           87    .text               stm32f4xx_ll_fsmc.o
    0x08005428   0x08005428   0x00000040   Code   RO           91    .text               startup_stm32f407xx.o
    0x08005468   0x08005468   0x000000dc   Code   RO           95    .text               system_stm32f4xx.o
    0x08005544   0x08005544   0x00000114   Code   RO          102    .text               adc_mcbstm32f400.o
    0x08005658   0x08005658   0x00000174   Code   RO          105    .text               accelerometer_lis3dh.o
    0x080057cc   0x080057cc   0x000000e4   Code   RO          109    .text               buttons_mcbstm32f400.o
    0x080058b0   0x080058b0   0x000002d4   Code   RO          113    .text               camera_ovm7690.o
    0x08005b84   0x08005b84   0x00000a18   Code   RO          123    .text               glcd_mcbstm32f400.o
    0x0800659c   0x0800659c   0x000001a4   Code   RO          126    .text               gyroscope_l3g4200d.o
    0x08006740   0x08006740   0x00000144   Code   RO          128    .text               joystick_stmpe811.o
    0x08006884   0x08006884   0x00000124   Code   RO          132    .text               led_mcbstm32f400.o
    0x080069a8   0x080069a8   0x000001e0   Code   RO          137    .text               touch_stmpe811.o
    0x08006b88   0x08006b88   0x00000094   Code   RO          139    .text               irq_armv7m.o
    0x08006c1c   0x08006c1c   0x00000104   Code   RO          144    .text               rtx_delay.o
    0x08006d20   0x08006d20   0x00000958   Code   RO          153    .text               rtx_evr.o
    0x08007678   0x08007678   0x000006cc   Code   RO          158    .text               rtx_kernel.o
    0x08007d44   0x08007d44   0x000000e0   Code   RO          164    .text               rtx_lib.o
    0x08007e24   0x08007e24   0x00000124   Code   RO          185    .text               rtx_memory.o
    0x08007f48   0x08007f48   0x00000678   Code   RO          190    .text               rtx_mempool.o
    0x080085c0   0x080085c0   0x000009bc   Code   RO          195    .text               rtx_msgqueue.o
    0x08008f7c   0x08008f7c   0x00000558   Code   RO          200    .text               rtx_mutex.o
    0x080094d4   0x080094d4   0x00000154   Code   RO          210    .text               rtx_system.o
    0x08009628   0x08009628   0x000011e4   Code   RO          215    .text               rtx_thread.o
    0x0800a80c   0x0800a80c   0x00000480   Code   RO          220    .text               rtx_timer.o
    0x0800ac8c   0x0800ac8c   0x000000c4   Code   RO          224    .text               os_systick.o
    0x0800ad50   0x0800ad50   0x00000004   Code   RO          229    .text               rtx_config.o
    0x0800ad54   0x0800ad54   0x00001340   Code   RO          233    .text               i2c_stm32f4xx.o
    0x0800c094   0x0800c094   0x000000ee   Code   RO          242    .text               c_w.l(lludivv7m.o)
    0x0800c182   0x0800c182   0x0000008a   Code   RO          243    .text               c_w.l(rt_memcpy_v6.o)
    0x0800c20c   0x0800c20c   0x00000044   Code   RO          244    .text               c_w.l(rt_memclr.o)
    0x0800c250   0x0800c250   0x0000004e   Code   RO          245    .text               c_w.l(rt_memclr_w.o)
    0x0800c29e   0x0800c29e   0x00000006   Code   RO          246    .text               c_w.l(heapauxi.o)
    0x0800c2a4   0x0800c2a4   0x00000064   Code   RO          251    .text               c_w.l(rt_memcpy_w.o)
    0x0800c308   0x0800c308   0x0000004a   Code   RO          268    .text               c_w.l(sys_stackheap_outer.o)
    0x0800c352   0x0800c352   0x00000012   Code   RO          269    .text               c_w.l(exit.o)
    0x0800c364   0x0800c364   0x00000008   Code   RO          275    .text               c_w.l(libspace.o)
    0x0800c36c   0x0800c36c   0x0000000c   Code   RO          327    .text               c_w.l(sys_exit.o)
    0x0800c378   0x0800c378   0x00000002   Code   RO          340    .text               c_w.l(use_no_semi.o)
    0x0800c37a   0x0800c37a   0x00000000   Code   RO          341    .text               c_w.l(indicate_semi.o)
    0x0800c37a   0x0800c37a   0x0000000a   Code   RO          338    x$fpl$fpinit        fz_wm.l(fpinit.o)
    0x0800c384   0x0800c384   0x00005a00   Data   RO            1    .constdata          button_16bpp.o
    0x08011d84   0x08011d84   0x00001040   Data   RO            2    .constdata          bulb_16bpp.o
    0x08012dc4   0x08012dc4   0x00000024   Data   RO            8    .constdata          demo.o
    0x08012de8   0x08012de8   0x00000018   Data   RO           21    .constdata          eventrecorder.o
    0x08012e00   0x08012e00   0x00000008   Data   RO           51    .constdata          stm32f4xx_hal_dma.o
    0x08012e08   0x08012e08   0x00000010   Data   RO           96    .constdata          system_stm32f4xx.o
    0x08012e18   0x08012e18   0x00000008   Data   RO           97    .constdata          system_stm32f4xx.o
    0x08012e20   0x08012e20   0x00000380   Data   RO          116    .constdata          glcd_fonts.o
    0x080131a0   0x080131a0   0x00001500   Data   RO          117    .constdata          glcd_fonts.o
    0x080146a0   0x080146a0   0x00000010   Data   RO          118    .constdata          glcd_fonts.o
    0x080146b0   0x080146b0   0x00000010   Data   RO          119    .constdata          glcd_fonts.o
    0x080146c0   0x080146c0   0x00000040   Data   RO          133    .constdata          led_mcbstm32f400.o
    0x08014700   0x08014700   0x00000024   Data   RO          174    .constdata          rtx_lib.o
    0x08014724   0x08014724   0x00000024   Data   RO          175    .constdata          rtx_lib.o
    0x08014748   0x08014748   0x00000018   Data   RO          176    .constdata          rtx_lib.o
    0x08014760   0x08014760   0x00000004   Data   RO          178    .constdata          rtx_lib.o
    0x08014764   0x08014764   0x00000038   Data   RO          236    .constdata          i2c_stm32f4xx.o
    0x0801479c   0x0801479c   0x0000001c   Data   RO          237    .constdata          i2c_stm32f4xx.o
    0x080147b8   0x080147b8   0x0000001c   Data   RO          238    .constdata          i2c_stm32f4xx.o
    0x080147d4   0x080147d4   0x00000030   Data   RO          239    .constdata          i2c_stm32f4xx.o
    0x08014804   0x08014804   0x0000000b   Data   RO          159    .conststrlit        rtx_kernel.o
    0x0801480f   0x0801480f   0x00000001   PAD
    0x08014810   0x08014810   0x000000a8   Data   RO          180    .rodata             rtx_lib.o
    0x080148b8   0x080148b8   0x00000020   Data   RO          377    Region$$Table       anon$$obj.o


    Execution Region RW_IRAM2 (Exec base: 0x10000000, Load base: 0x08014acc, Size: 0x000004a4, Max: 0x00010000, ABSOLUTE, UNINIT)

    Exec Addr    Load Addr    Size         Type   Attr      Idx    E Section Name        Object

    0x10000000        -       0x000004a4   Zero   RW           20    .bss.noinit         eventrecorder.o


    Execution Region RW_IRAM1 (Exec base: 0x20000000, Load base: 0x080148d8, Size: 0x00009570, Max: 0x00020000, ABSOLUTE, COMPRESSED[0x000001f4])

    Exec Addr    Load Addr    Size         Type   Attr      Idx    E Section Name        Object

    0x20000000   COMPRESSED   0x00008000   Data   RW          165    .bss.os             rtx_lib.o
    0x20008000   COMPRESSED   0x00000040   Data   RW          166    .bss.os             rtx_lib.o
    0x20008040   COMPRESSED   0x00000001   Data   RW          225    .bss.os             os_systick.o
    0x20008041   COMPRESSED   0x00000003   PAD
    0x20008044   COMPRESSED   0x000001f0   Data   RW          167    .bss.os.libspace    rtx_lib.o
    0x20008234   COMPRESSED   0x00000034   Data   RW          168    .bss.os.msgqueue.cb  rtx_lib.o
    0x20008268   COMPRESSED   0x00000050   Data   RW          169    .bss.os.msgqueue.mem  rtx_lib.o
    0x200082b8   COMPRESSED   0x00000044   Data   RW          170    .bss.os.thread.cb   rtx_lib.o
    0x200082fc   COMPRESSED   0x00000044   Data   RW          171    .bss.os.thread.cb   rtx_lib.o
    0x20008340   COMPRESSED   0x00000200   Data   RW          172    .bss.os.thread.idle.stack  rtx_lib.o
    0x20008540   COMPRESSED   0x00000200   Data   RW          173    .bss.os.thread.timer.stack  rtx_lib.o
    0x20008740   COMPRESSED   0x0000000c   Data   RW            9    .data               demo.o
    0x2000874c   COMPRESSED   0x00000004   Data   RW           14    .data               main.o
    0x20008750   COMPRESSED   0x0000000c   Data   RW           26    .data               stm32f4xx_hal.o
    0x2000875c   COMPRESSED   0x00000004   Data   RW           98    .data               system_stm32f4xx.o
    0x20008760   COMPRESSED   0x00000001   Data   RW          104    .data               adc_mcbstm32f400.o
    0x20008761   COMPRESSED   0x00000003   PAD
    0x20008764   COMPRESSED   0x000000d4   Data   RW          115    .data               camera_ovm7690.o
    0x20008838   COMPRESSED   0x0000000c   Data   RW          125    .data               glcd_mcbstm32f400.o
    0x20008844   COMPRESSED   0x00000001   Data   RW          127    .data               gyroscope_l3g4200d.o
    0x20008845   COMPRESSED   0x00000001   Data   RW          179    .data               rtx_lib.o
    0x20008846   COMPRESSED   0x00000002   PAD
    0x20008848   COMPRESSED   0x000000a4   Data   RW          160    .data.os            rtx_kernel.o
    0x200088ec   COMPRESSED   0x00000004   PAD
    0x200088f0        -       0x00000400   Zero   RW            7    .bss                demo.o
    0x20008cf0        -       0x00000048   Zero   RW          103    .bss                adc_mcbstm32f400.o
    0x20008d38        -       0x000000a0   Zero   RW          114    .bss                camera_ovm7690.o
    0x20008dd8        -       0x00000050   Zero   RW          124    .bss                glcd_mcbstm32f400.o
    0x20008e28        -       0x000000c0   Zero   RW          234    .bss                i2c_stm32f4xx.o
    0x20008ee8        -       0x00000028   Zero   RW          235    .bss                i2c_stm32f4xx.o
    0x20008f10        -       0x00000060   Zero   RW          276    .bss                c_w.l(libspace.o)
    0x20008f70        -       0x00000200   Zero   RW           89    HEAP                startup_stm32f407xx.o
    0x20009170        -       0x00000400   Zero   RW           88    STACK               startup_stm32f407xx.o


==============================================================================

Image component sizes


      Code (inc. data)   RO Data    RW Data    ZI Data      Debug   Object Name

       372          4          0          0          0          0   accelerometer_lis3dh.o
       276         20          0          1         72          0   adc_mcbstm32f400.o
         0          0       4160          0          0          0   bulb_16bpp.o
         0          0      23040          0          0          0   button_16bpp.o
       228         22          0          0          0          0   buttons_mcbstm32f400.o
       724         36          0        212        160          0   camera_ovm7690.o
      1924        468         36         12       1024          0   demo.o
      1452         40         24          0       1188          0   eventrecorder.o
         0          0       6304          0          0          0   glcd_fonts.o
      2584         68          0         12         80          0   glcd_mcbstm32f400.o
       420          8          0          1          0          0   gyroscope_l3g4200d.o
      4928         92        160          0        232          0   i2c_stm32f4xx.o
       148          8          0          0          0          0   irq_armv7m.o
       324          4          0          0          0          0   joystick_stmpe811.o
       292         20         64          0          0          0   led_mcbstm32f400.o
       276         30          0          4          0          0   main.o
       196         12          0          1          0          0   os_systick.o
         4          0          0          0          0          0   rtx_config.o
       260         14          0          0          0          0   rtx_delay.o
      2392         88          0          0          0          0   rtx_evr.o
      1740         96         11        164          0          0   rtx_kernel.o
       224         12        268      34621          0          0   rtx_lib.o
       292          0          0          0          0          0   rtx_memory.o
      1984         48          0          0          0          0   rtx_mempool.o
      2820         58          0          0          0          0   rtx_msgqueue.o
      1368         30          0          0          0          0   rtx_mutex.o
       668         18          0          0          0          0   rtx_system.o
      4908        126          0          0          0          0   rtx_thread.o
      1152         34          0          0          0          0   rtx_timer.o
        64         26        392          0       1536          0   startup_stm32f407xx.o
       436         34          0         12          0          0   stm32f4xx_hal.o
      2720         86          0          0          0          0   stm32f4xx_hal_adc.o
      1828         44          0          0          0          0   stm32f4xx_hal_adc_ex.o
       664         10          0          0          0          0   stm32f4xx_hal_cortex.o
      1160         12          0          0          0          0   stm32f4xx_hal_dcmi.o
       132          0          0          0          0          0   stm32f4xx_hal_dcmi_ex.o
      1816         28          8          0          0          0   stm32f4xx_hal_dma.o
      2972         26          0          0          0          0   stm32f4xx_hal_dma_ex.o
       816         46          0          0          0          0   stm32f4xx_hal_gpio.o
      1892         70          0          0          0          0   stm32f4xx_hal_rcc.o
       704          8          0          0          0          0   stm32f4xx_hal_sram.o
       816         16          0          0          0          0   stm32f4xx_ll_fsmc.o
       220         34         24          4          0          0   system_stm32f4xx.o
       480          4          0          0          0          0   touch_stmpe811.o

    ----------------------------------------------------------------------
     48676       1800      34524      35052       4296          0   Object Totals
         0          0         32          0          0          0   (incl. Generated)
         0          0          1          8          4          0   (incl. Padding)

    ----------------------------------------------------------------------

      Code (inc. data)   RO Data    RW Data    ZI Data      Debug   Library Member Name

        90          0          0          0          0          0   __dczerorl2.o
         8          0          0          0          0          0   __main.o
         0          0          0          0          0          0   __rtentry.o
        20          0          0          0          0          0   __rtentry2.o
         6          0          0          0          0          0   __rtentry4.o
        52          8          0          0          0          0   __scatter.o
        28          0          0          0          0          0   __scatter_zi.o
        18          0          0          0          0          0   exit.o
         6          0          0          0          0          0   heapauxi.o
         0          0          0          0          0          0   indicate_semi.o
         2          0          0          0          0          0   libinit.o
         6          0          0          0          0          0   libinit2.o
         2          0          0          0          0          0   libshutdown.o
         2          0          0          0          0          0   libshutdown2.o
         8          4          0          0         96          0   libspace.o
       238          0          0          0          0          0   lludivv7m.o
        68          0          0          0          0          0   rt_memclr.o
        78          0          0          0          0          0   rt_memclr_w.o
       138          0          0          0          0          0   rt_memcpy_v6.o
       100          0          0          0          0          0   rt_memcpy_w.o
         2          0          0          0          0          0   rtexit.o
        10          0          0          0          0          0   rtexit2.o
        12          4          0          0          0          0   sys_exit.o
        74          0          0          0          0          0   sys_stackheap_outer.o
         2          0          0          0          0          0   use_no_semi.o
        10          0          0          0          0          0   fpinit.o

    ----------------------------------------------------------------------
       984         16          0          0         96          0   Library Totals
         4          0          0          0          0          0   (incl. Padding)

    ----------------------------------------------------------------------

      Code (inc. data)   RO Data    RW Data    ZI Data      Debug   Library Name

       970         16          0          0         96          0   c_w.l
        10          0          0          0          0          0   fz_wm.l

    ----------------------------------------------------------------------
       984         16          0          0         96          0   Library Totals

    ----------------------------------------------------------------------

==============================================================================


      Code (inc. data)   RO Data    RW Data    ZI Data      Debug   

     49660       1816      34524      35052       4392          0   Grand Totals
     49660       1816      34524        500       4392          0   ELF Image Totals (compressed)
     49660       1816      34524        500          0          0   ROM Totals

==============================================================================

    Total RO  Size (Code + RO Data)                84184 (  82.21kB)
    Total RW  Size (RW Data + ZI Data)             39444 (  38.52kB)
    Total ROM Size (Code + RO Data + RW Data)      84684 (  82.70kB)

==============================================================================

