Component: ARM Compiler 5.06 update 7 (build 960) Tool: armlink [4d3601]

==============================================================================

Section Cross References

    main.o(.text) refers to rtx_kernel.o(.text) for osKernelGetState
    main.o(.text) refers to stm32f4xx_hal_rcc.o(.text) for HAL_RCC_OscConfig
    main.o(.text) refers to stm32f4xx_hal.o(.text) for HAL_GetREVID
    main.o(.text) refers to system_stm32f4xx.o(.text) for SystemCoreClockUpdate
    main.o(.text) refers to rtx_thread.o(.text) for osThreadNew
    main.o(.text) refers to system_stm32f4xx.o(.data) for SystemCoreClock
    main.o(.text) refers to main.o(.data) for .data
    main.o(.text) refers to blinky.o(.text) for app_main
    blinky.o(.text) refers to rtx_thread.o(.text) for osThreadFlagsWait
    blinky.o(.text) refers to rtx_delay.o(.text) for osDelay
    blinky.o(.text) refers to led_mcbstm32f400.o(.text) for LED_On
    blinky.o(.text) refers to buttons_mcbstm32f400.o(.text) for Buttons_GetState
    blinky.o(.text) refers to blinky.o(.data) for .data
    adc_mcbstm32f400.o(.text) refers to stm32f4xx_hal_gpio.o(.text) for HAL_GPIO_Init
    adc_mcbstm32f400.o(.text) refers to stm32f4xx_hal_adc.o(.text) for HAL_ADC_Init
    adc_mcbstm32f400.o(.text) refers to adc_mcbstm32f400.o(.bss) for .bss
    adc_mcbstm32f400.o(.text) refers to adc_mcbstm32f400.o(.data) for .data
    buttons_mcbstm32f400.o(.text) refers to stm32f4xx_hal_gpio.o(.text) for HAL_GPIO_Init
    led_mcbstm32f400.o(.text) refers to stm32f4xx_hal_gpio.o(.text) for HAL_GPIO_Init
    led_mcbstm32f400.o(.text) refers to led_mcbstm32f400.o(.constdata) for .constdata
    irq_armv7m.o(.text) refers to rtx_system.o(.text) for osRtxPendSV_Handler
    irq_armv7m.o(.text) refers to rtx_kernel.o(.data.os) for osRtxInfo
    irq_armv7m.o(.text) refers to rtx_lib.o(.constdata) for osRtxUserSVC
    rtx_delay.o(.text) refers to rtx_thread.o(.text) for osRtxThreadWaitEnter
    rtx_delay.o(.text) refers to rtx_evr.o(.text) for EvrRtxDelayStarted
    rtx_delay.o(.text) refers to rtx_kernel.o(.data.os) for osRtxInfo
    rtx_evflags.o(.text) refers to rtx_evflags.o(.emb_text) for __asm___13_rtx_evflags_c_e167c757__atomic_set32
    rtx_evflags.o(.text) refers to rtx_thread.o(.text) for osRtxThreadListRemove
    rtx_evflags.o(.text) refers to rtx_evr.o(.text) for EvrRtxEventFlagsWaitCompleted
    rtx_evflags.o(.text) refers to rtx_mempool.o(.text) for osRtxMemoryPoolAlloc
    rtx_evflags.o(.text) refers to rtx_memory.o(.text) for osRtxMemoryAlloc
    rtx_evflags.o(.text) refers to rtx_system.o(.text) for osRtxPostProcess
    rtx_evflags.o(.text) refers to rtx_kernel.o(.data.os) for osRtxInfo
    rtx_evr.o(.text) refers to eventrecorder.o(.text) for EventRecord4
    rtx_kernel.o(.text) refers to os_systick.o(.text) for OS_Tick_Disable
    rtx_kernel.o(.text) refers to rtx_evr.o(.text) for EvrRtxKernelError
    rtx_kernel.o(.text) refers to rtx_memory.o(.text) for osRtxMemoryInit
    rtx_kernel.o(.text) refers to rtx_mempool.o(.text) for osRtxMemoryPoolInit
    rtx_kernel.o(.text) refers to memcpya.o(.text) for __aeabi_memcpy
    rtx_kernel.o(.text) refers to rtx_thread.o(.text) for osRtxThreadStartup
    rtx_kernel.o(.text) refers to rtx_kernel.o(.data.os) for .data.os
    rtx_kernel.o(.text) refers to rtx_lib.o(.rodata) for osRtxConfig
    rtx_kernel.o(.text) refers to irq_armv7m.o(.text) for SysTick_Handler
    rtx_kernel.o(.text) refers to rtx_config.o(.text) for osRtxErrorNotify
    rtx_kernel.o(.text) refers to rtx_lib.o(.text) for osRtxKernelPreInit
    rtx_kernel.o(.data.os) refers to rtx_kernel.o(.conststrlit) for .conststrlit
    rtx_lib.o(.text) refers to rtx_kernel.o(.text) for osKernelGetState
    rtx_lib.o(.text) refers to eventrecorder.o(.text) for EventRecorderInitialize
    rtx_lib.o(.constdata) refers to rtx_lib.o(.bss.os.thread.cb) for os_idle_thread_cb
    rtx_lib.o(.constdata) refers to rtx_lib.o(.bss.os.thread.idle.stack) for os_idle_thread_stack
    rtx_lib.o(.constdata) refers to rtx_lib.o(.bss.os.thread.cb) for os_timer_thread_cb
    rtx_lib.o(.constdata) refers to rtx_lib.o(.bss.os.thread.timer.stack) for os_timer_thread_stack
    rtx_lib.o(.constdata) refers to rtx_lib.o(.bss.os.msgqueue.cb) for os_timer_mq_cb
    rtx_lib.o(.constdata) refers to rtx_lib.o(.bss.os.msgqueue.mem) for os_timer_mq_data
    rtx_lib.o(.constdata) refers to irq_armv7m.o(.constdata) for irqRtxLib
    rtx_lib.o(.rodata) refers to rtx_lib.o(.bss.os) for os_isr_queue
    rtx_lib.o(.rodata) refers to rtx_lib.o(.bss.os) for os_mem
    rtx_lib.o(.rodata) refers to rtx_lib.o(.constdata) for os_idle_thread_attr
    rtx_lib.o(.rodata) refers to rtx_lib.o(.constdata) for os_timer_thread_attr
    rtx_lib.o(.rodata) refers to rtx_timer.o(.text) for osRtxTimerThread
    rtx_lib.o(.rodata) refers to rtx_lib.o(.constdata) for os_timer_mq_attr
    rtx_memory.o(.text) refers to rtx_evr.o(.text) for EvrRtxMemoryInit
    rtx_mempool.o(.text) refers to rtx_evr.o(.text) for EvrRtxMemoryBlockInit
[...]
    .ARM.Collect$$$$00000001                 0x08000188   Section        4  entry2.o(.ARM.Collect$$$$00000001)
    .ARM.Collect$$$$00000004                 0x0800018c   Section        4  entry5.o(.ARM.Collect$$$$00000004)
    .ARM.Collect$$$$00000008                 0x08000190   Section        0  entry7b.o(.ARM.Collect$$$$00000008)
    .ARM.Collect$$$$0000000A                 0x08000190   Section        0  entry8b.o(.ARM.Collect$$$$0000000A)
    .ARM.Collect$$$$0000000B                 0x08000190   Section        8  entry9a.o(.ARM.Collect$$$$0000000B)
    .ARM.Collect$$$$0000000E                 0x08000198   Section        4  entry12b.o(.ARM.Collect$$$$0000000E)
    .ARM.Collect$$$$0000000F                 0x0800019c   Section        0  entry10a.o(.ARM.Collect$$$$0000000F)
    .ARM.Collect$$$$00000011                 0x0800019c   Section        0  entry11a.o(.ARM.Collect$$$$00000011)
    .ARM.Collect$$$$00002712                 0x0800019c   Section        4  entry2.o(.ARM.Collect$$$$00002712)
    __lit__00000000                          0x0800019c   Data           4  entry2.o(.ARM.Collect$$$$00002712)
    .emb_text                                0x080001a0   Section      328  rtx_mempool.o(.emb_text)
    $v0                                      0x080001a0   Number         0  rtx_mempool.o(.emb_text)
    .emb_text                                0x080002e8   Section      328  rtx_msgqueue.o(.emb_text)
    $v0                                      0x080002e8   Number         0  rtx_msgqueue.o(.emb_text)
    .emb_text                                0x08000430   Section      328  rtx_system.o(.emb_text)
    $v0                                      0x08000430   Number         0  rtx_system.o(.emb_text)
    .emb_text                                0x08000578   Section      328  rtx_thread.o(.emb_text)
    $v0                                      0x08000578   Number         0  rtx_thread.o(.emb_text)
    .emb_text                                0x080006c0   Section      116  eventrecorder.o(.emb_text)
    $v0                                      0x080006c0   Number         0  eventrecorder.o(.emb_text)
    .text                                    0x08000734   Section        0  main.o(.text)
    Error_Handler                            0x08000777   Thumb Code     2  main.o(.text)
    SystemClock_Config                       0x08000779   Thumb Code   146  main.o(.text)
    .text                                    0x08000844   Section        0  blinky.o(.text)
    thrBUT                                   0x08000883   Thumb Code    36  blinky.o(.text)
    .text                                    0x080008d8   Section        0  buttons_mcbstm32f400.o(.text)
    .text                                    0x080009bc   Section        0  led_mcbstm32f400.o(.text)
    .text                                    0x08000ae0   Section      148  irq_armv7m.o(.text)
    $v0                                      0x08000ae0   Number         0  irq_armv7m.o(.text)
    .text                                    0x08000b74   Section        0  rtx_delay.o(.text)
    svcRtxDelay                              0x08000b75   Thumb Code    56  rtx_delay.o(.text)
    svcRtxDelayUntil                         0x08000bad   Thumb Code    66  rtx_delay.o(.text)
    IsException                              0x08000c4b   Thumb Code    12  rtx_delay.o(.text)
    IsIrqMasked                              0x08000c57   Thumb Code    20  rtx_delay.o(.text)
    .text                                    0x08000c78   Section        0  rtx_evr.o(.text)
    .text                                    0x080015d0   Section        0  rtx_kernel.o(.text)
    KernelBlock                              0x080015d1   Thumb Code    38  rtx_kernel.o(.text)
    KernelUnblock                            0x080015f7   Thumb Code    30  rtx_kernel.o(.text)
    GetKernelSleepTime                       0x08001615   Thumb Code    30  rtx_kernel.o(.text)
    svcRtxKernelInitialize                   0x08001633   Thumb Code   320  rtx_kernel.o(.text)
    svcRtxKernelGetInfo                      0x08001773   Thumb Code    56  rtx_kernel.o(.text)
    svcRtxKernelGetState                     0x080017ab   Thumb Code     6  rtx_kernel.o(.text)
    svcRtxKernelStart                        0x080017b1   Thumb Code   174  rtx_kernel.o(.text)
    svcRtxKernelLock                         0x0800185f   Thumb Code    52  rtx_kernel.o(.text)
    svcRtxKernelUnlock                       0x08001893   Thumb Code    52  rtx_kernel.o(.text)
    svcRtxKernelRestoreLock                  0x080018c7   Thumb Code    72  rtx_kernel.o(.text)
    svcRtxKernelSuspend                      0x0800190f   Thumb Code    46  rtx_kernel.o(.text)
    svcRtxKernelResume                       0x0800193d   Thumb Code   106  rtx_kernel.o(.text)
    svcRtxKernelGetTickCount                 0x080019a7   Thumb Code    50  rtx_kernel.o(.text)
    svcRtxKernelGetTickFreq                  0x080019d9   Thumb Code    14  rtx_kernel.o(.text)
    svcRtxKernelGetSysTimerCount             0x080019e7   Thumb Code    44  rtx_kernel.o(.text)
    svcRtxKernelGetSysTimerFreq              0x08001a13   Thumb Code    18  rtx_kernel.o(.text)
    IsException                              0x08001c41   Thumb Code    12  rtx_kernel.o(.text)
    IsIrqMasked                              0x08001c4d   Thumb Code    20  rtx_kernel.o(.text)
    .text                                    0x08001c9c   Section        0  rtx_lib.o(.text)
    .text                                    0x08001cb4   Section        0  rtx_memory.o(.text)
    .text                                    0x08001dd8   Section        0  rtx_mempool.o(.text)
    osRtxMemoryPoolPostProcess               0x08001e99   Thumb Code    52  rtx_mempool.o(.text)
    svcRtxMemoryPoolNew                      0x08001ecd   Thumb Code   322  rtx_mempool.o(.text)
    svcRtxMemoryPoolGetName                  0x0800200f   Thumb Code    38  rtx_mempool.o(.text)
    svcRtxMemoryPoolAlloc                    0x08002035   Thumb Code   102  rtx_mempool.o(.text)
    svcRtxMemoryPoolFree                     0x0800209b   Thumb Code   114  rtx_mempool.o(.text)
    svcRtxMemoryPoolGetCapacity              0x0800210d   Thumb Code    38  rtx_mempool.o(.text)
    svcRtxMemoryPoolGetBlockSize             0x08002133   Thumb Code    38  rtx_mempool.o(.text)
    svcRtxMemoryPoolGetCount                 0x08002159   Thumb Code    38  rtx_mempool.o(.text)
    svcRtxMemoryPoolGetSpace                 0x0800217f   Thumb Code    46  rtx_mempool.o(.text)
    svcRtxMemoryPoolDelete                   0x080021ad   Thumb Code   118  rtx_mempool.o(.text)
    IsException                              0x08002427   Thumb Code    12  rtx_mempool.o(.text)
    IsIrqMasked                              0x08002433   Thumb Code    20  rtx_mempool.o(.text)
    .text                                    0x08002450   Section        0  rtx_msgqueue.o(.text)
    MessageQueuePut                          0x08002451   Thumb Code    66  rtx_msgqueue.o(.text)
    MessageQueueGet                          0x08002493   Thumb Code    42  rtx_msgqueue.o(.text)
    MessageQueueRemove                       0x080024bd   Thumb Code    30  rtx_msgqueue.o(.text)
    osRtxMessageQueuePostProcess             0x080024db   Thumb Code   242  rtx_msgqueue.o(.text)
    svcRtxMessageQueueNew                    0x080025cd   Thumb Code   342  rtx_msgqueue.o(.text)
    svcRtxMessageQueueGetName                0x08002723   Thumb Code    38  rtx_msgqueue.o(.text)
    svcRtxMessageQueuePut                    0x08002749   Thumb Code   244  rtx_msgqueue.o(.text)
    svcRtxMessageQueueGet                    0x0800283d   Thumb Code   268  rtx_msgqueue.o(.text)
    svcRtxMessageQueueGetCapacity            0x08002949   Thumb Code    38  rtx_msgqueue.o(.text)
    svcRtxMessageQueueGetMsgSize             0x0800296f   Thumb Code    38  rtx_msgqueue.o(.text)
    svcRtxMessageQueueGetCount               0x08002995   Thumb Code    38  rtx_msgqueue.o(.text)
    svcRtxMessageQueueGetSpace               0x080029bb   Thumb Code    46  rtx_msgqueue.o(.text)
    svcRtxMessageQueueReset                  0x080029e9   Thumb Code   192  rtx_msgqueue.o(.text)
    svcRtxMessageQueueDelete                 0x08002aa9   Thumb Code   132  rtx_msgqueue.o(.text)
    IsException                              0x08002dbd   Thumb Code    12  rtx_msgqueue.o(.text)
    IsIrqMasked                              0x08002dc9   Thumb Code    20  rtx_msgqueue.o(.text)
    .text                                    0x08002e0c   Section        0  rtx_mutex.o(.text)
    svcRtxMutexNew                           0x08002eab   Thumb Code   144  rtx_mutex.o(.text)
    svcRtxMutexGetName                       0x08002f3b   Thumb Code    38  rtx_mutex.o(.text)
    svcRtxMutexAcquire                       0x08002f61   Thumb Code   222  rtx_mutex.o(.text)
    svcRtxMutexRelease                       0x0800303f   Thumb Code   232  rtx_mutex.o(.text)
    svcRtxMutexGetOwner                      0x08003127   Thumb Code    54  rtx_mutex.o(.text)
    svcRtxMutexDelete                        0x0800315d   Thumb Code   186  rtx_mutex.o(.text)
    IsException                              0x0800333b   Thumb Code    12  rtx_mutex.o(.text)
    IsIrqMasked                              0x08003347   Thumb Code    20  rtx_mutex.o(.text)
    .text                                    0x08003364   Section        0  rtx_system.o(.text)
    isr_queue_put                            0x08003365   Thumb Code    48  rtx_system.o(.text)
    isr_queue_get                            0x08003395   Thumb Code    40  rtx_system.o(.text)
    .text                                    0x080034b8   Section        0  rtx_thread.o(.text)
    ThreadFlagsSet                           0x080034b9   Thumb Code     6  rtx_thread.o(.text)
    ThreadFlagsClear                         0x080034bf   Thumb Code     6  rtx_thread.o(.text)
    ThreadFlagsCheck                         0x080034c5   Thumb Code    46  rtx_thread.o(.text)
    osRtxThreadListRoot                      0x0800352f   Thumb Code    12  rtx_thread.o(.text)
    osRtxThreadListUnlink                    0x0800357d   Thumb Code    30  rtx_thread.o(.text)
    osRtxThreadDelayInsert                   0x080035a5   Thumb Code    92  rtx_thread.o(.text)
    osRtxThreadDelayRemove                   0x08003601   Thumb Code    78  rtx_thread.o(.text)
    osRtxThreadBlock                         0x08003731   Thumb Code    46  rtx_thread.o(.text)
    osRtxThreadPostProcess                   0x08003857   Thumb Code    58  rtx_thread.o(.text)
    osRtxThreadFree                          0x08003891   Thumb Code    84  rtx_thread.o(.text)
    osRtxThreadDestroy                       0x080038e5   Thumb Code    52  rtx_thread.o(.text)
    osRtxThreadJoinWakeup                    0x08003919   Thumb Code    38  rtx_thread.o(.text)
    svcRtxThreadExit                         0x0800393f   Thumb Code    92  rtx_thread.o(.text)
    svcRtxThreadNew                          0x080039b1   Thumb Code   522  rtx_thread.o(.text)
    svcRtxThreadGetName                      0x08003bbb   Thumb Code    38  rtx_thread.o(.text)
    svcRtxThreadGetId                        0x08003be1   Thumb Code    16  rtx_thread.o(.text)
    svcRtxThreadGetState                     0x08003bf1   Thumb Code    42  rtx_thread.o(.text)
    svcRtxThreadGetStackSize                 0x08003c1b   Thumb Code    38  rtx_thread.o(.text)
    svcRtxThreadGetStackSpace                0x08003c41   Thumb Code    86  rtx_thread.o(.text)
    svcRtxThreadSetPriority                  0x08003c97   Thumb Code   100  rtx_thread.o(.text)
    svcRtxThreadGetPriority                  0x08003cfb   Thumb Code    56  rtx_thread.o(.text)
    svcRtxThreadYield                        0x08003d33   Thumb Code    56  rtx_thread.o(.text)
    svcRtxThreadSuspend                      0x08003d6b   Thumb Code   156  rtx_thread.o(.text)
    svcRtxThreadResume                       0x08003e07   Thumb Code    84  rtx_thread.o(.text)
    svcRtxThreadDetach                       0x08003e5b   Thumb Code   110  rtx_thread.o(.text)
    svcRtxThreadJoin                         0x08003ec9   Thumb Code   148  rtx_thread.o(.text)
    svcRtxThreadTerminate                    0x08003f5d   Thumb Code   196  rtx_thread.o(.text)
    svcRtxThreadGetCount                     0x08004021   Thumb Code    54  rtx_thread.o(.text)
    svcRtxThreadEnumerate                    0x08004057   Thumb Code    90  rtx_thread.o(.text)
    svcRtxThreadFlagsSet                     0x080040b1   Thumb Code   142  rtx_thread.o(.text)
    svcRtxThreadFlagsClear                   0x0800413f   Thumb Code    64  rtx_thread.o(.text)
    svcRtxThreadFlagsGet                     0x0800417f   Thumb Code    32  rtx_thread.o(.text)
    svcRtxThreadFlagsWait                    0x0800419f   Thumb Code   146  rtx_thread.o(.text)
    IsException                              0x0800462f   Thumb Code    12  rtx_thread.o(.text)
    IsIrqMasked                              0x0800463b   Thumb Code    20  rtx_thread.o(.text)
    .text                                    0x0800469c   Section        0  rtx_timer.o(.text)
    TimerInsert                              0x0800469d   Thumb Code    50  rtx_timer.o(.text)
    TimerRemove                              0x080046cf   Thumb Code    38  rtx_timer.o(.text)
    TimerUnlink                              0x080046f5   Thumb Code    18  rtx_timer.o(.text)
    osRtxTimerTick                           0x08004707   Thumb Code   104  rtx_timer.o(.text)
    svcRtxTimerNew                           0x080047af   Thumb Code   178  rtx_timer.o(.text)
    svcRtxTimerGetName                       0x08004861   Thumb Code    38  rtx_timer.o(.text)
    svcRtxTimerStart                         0x08004887   Thumb Code    94  rtx_timer.o(.text)
    svcRtxTimerStop                          0x080048e5   Thumb Code    72  rtx_timer.o(.text)
    svcRtxTimerIsRunning                     0x0800492d   Thumb Code    48  rtx_timer.o(.text)
    svcRtxTimerDelete                        0x0800495d   Thumb Code    90  rtx_timer.o(.text)
    IsException                              0x08004af3   Thumb Code    12  rtx_timer.o(.text)
    IsIrqMasked                              0x08004aff   Thumb Code    20  rtx_timer.o(.text)
    .text                                    0x08004b1c   Section        0  os_systick.o(.text)
    .text                                    0x08004be0   Section        0  rtx_config.o(.text)
    .text                                    0x08004be4   Section        0  eventrecorder.o(.text)
    EventRecordItem                          0x08004be5   Thumb Code   170  eventrecorder.o(.text)
    EventGetTS                               0x08004c95   Thumb Code    50  eventrecorder.o(.text)
    crc16_ccitt                              0x08004cc7   Thumb Code    56  eventrecorder.o(.text)
    EventCheckFilter                         0x080050f1   Thumb Code    36  eventrecorder.o(.text)
    .text                                    0x0800511c   Section        0  stm32f4xx_hal.o(.text)
    .text                                    0x080052d0   Section        0  stm32f4xx_hal_cortex.o(.text)
    __NVIC_SetPriority                       0x0800553f   Thumb Code    32  stm32f4xx_hal_cortex.o(.text)
    .text                                    0x08005568   Section        0  stm32f4xx_hal_gpio.o(.text)
    .text                                    0x08005898   Section        0  stm32f4xx_hal_rcc.o(.text)
    .text                                    0x08005ffc   Section       36  startup_stm32f407xx.o(.text)
    $v0                                      0x08005ffc   Number         0  startup_stm32f407xx.o(.text)
    .text                                    0x08006020   Section        0  system_stm32f4xx.o(.text)
    .text                                    0x080060fc   Section        0  uldiv.o(.text)
    .text                                    0x0800615e   Section        0  memcpya.o(.text)
    .text                                    0x08006182   Section        0  memseta.o(.text)
    .text                                    0x080061a6   Section        0  llshl.o(.text)
    .text                                    0x080061c4   Section        0  llushr.o(.text)
    .text                                    0x080061e4   Section       36  init.o(.text)
    .text                                    0x08006208   Section        0  __dczerorl.o(.text)
    i.__scatterload_copy                     0x08006242   Section       14  handlers.o(i.__scatterload_copy)
    i.__scatterload_null                     0x08006250   Section        2  handlers.o(i.__scatterload_null)
    i.__scatterload_zeroinit                 0x08006252   Section       14  handlers.o(i.__scatterload_zeroinit)
    .constdata                               0x08006260   Section       64  led_mcbstm32f400.o(.constdata)
    LED_PIN                                  0x08006260   Data          64  led_mcbstm32f400.o(.constdata)
    .constdata                               0x080062a0   Section       36  rtx_lib.o(.constdata)
    os_idle_thread_attr                      0x080062a0   Data          36  rtx_lib.o(.constdata)
    .constdata                               0x080062c4   Section       36  rtx_lib.o(.constdata)
    os_timer_thread_attr                     0x080062c4   Data          36  rtx_lib.o(.constdata)
    .constdata                               0x080062e8   Section       24  rtx_lib.o(.constdata)
    os_timer_mq_attr                         0x080062e8   Data          24  rtx_lib.o(.constdata)
    .constdata                               0x08006300   Section        4  rtx_lib.o(.constdata)
    .constdata                               0x08006304   Section       24  eventrecorder.o(.constdata)
    __tagsym$$used                           0x08006304   Number         0  eventrecorder.o(.constdata)
    .constdata                               0x0800631c   Section       16  system_stm32f4xx.o(.constdata)
    .constdata                               0x0800632c   Section        8  system_stm32f4xx.o(.constdata)
    .conststrlit                             0x08006334   Section       11  rtx_kernel.o(.conststrlit)
    .rodata                                  0x08006340   Section      168  rtx_lib.o(.rodata)
    __tagsym$$used                           0x08006340   Number         0  rtx_lib.o(.rodata)
    __tagsym$$used                           0x080063b0   Number         0  rtx_lib.o(.rodata)
    .bss.noinit                              0x10000000   Section     1188  eventrecorder.o(.bss.noinit)
    EventBuffer                              0x10000000   Data        1024  eventrecorder.o(.bss.noinit)
    EventFilter                              0x10000400   Data         128  eventrecorder.o(.bss.noinit)
    EventStatus                              0x10000480   Data          36  eventrecorder.o(.bss.noinit)
    .bss.os                                  0x20000000   Section    32768  rtx_lib.o(.bss.os)
    os_mem                                   0x20000000   Data       32768  rtx_lib.o(.bss.os)
    .bss.os                                  0x20008000   Section       64  rtx_lib.o(.bss.os)
    os_isr_queue                             0x20008000   Data          64  rtx_lib.o(.bss.os)
    .bss.os                                  0x20008040   Section        1  os_systick.o(.bss.os)
    PendST                                   0x20008040   Data           1  os_systick.o(.bss.os)
    .bss.os.msgqueue.cb                      0x20008044   Section       52  rtx_lib.o(.bss.os.msgqueue.cb)
    os_timer_mq_cb                           0x20008044   Data          52  rtx_lib.o(.bss.os.msgqueue.cb)
    .bss.os.msgqueue.mem                     0x20008078   Section       80  rtx_lib.o(.bss.os.msgqueue.mem)
    os_timer_mq_data                         0x20008078   Data          80  rtx_lib.o(.bss.os.msgqueue.mem)
    .bss.os.thread.cb                        0x200080c8   Section       68  rtx_lib.o(.bss.os.thread.cb)
    os_idle_thread_cb                        0x200080c8   Data          68  rtx_lib.o(.bss.os.thread.cb)
    .bss.os.thread.cb                        0x2000810c   Section       68  rtx_lib.o(.bss.os.thread.cb)
    os_timer_thread_cb                       0x2000810c   Data          68  rtx_lib.o(.bss.os.thread.cb)
    .bss.os.thread.idle.stack                0x20008150   Section      512  rtx_lib.o(.bss.os.thread.idle.stack)
    os_idle_thread_stack                     0x20008150   Data         512  rtx_lib.o(.bss.os.thread.idle.stack)
    .bss.os.thread.timer.stack               0x20008350   Section      512  rtx_lib.o(.bss.os.thread.timer.stack)
    os_timer_thread_stack                    0x20008350   Data         512  rtx_lib.o(.bss.os.thread.timer.stack)
    .data                                    0x20008550   Section        4  main.o(.data)
    ticks                                    0x20008550   Data           4  main.o(.data)
    .data                                    0x20008554   Section        8  blinky.o(.data)
    tid_thrLED                               0x20008554   Data           4  blinky.o(.data)
    tid_thrBUT                               0x20008558   Data           4  blinky.o(.data)
    .data                                    0x2000855c   Section       12  stm32f4xx_hal.o(.data)
    .data                                    0x20008568   Section        4  system_stm32f4xx.o(.data)
    .data.os                                 0x2000856c   Section      164  rtx_kernel.o(.data.os)
    STACK                                    0x20008610   Section     1024  startup_stm32f407xx.o(STACK)

    Global Symbols

    Symbol Name                              Value     Ov Type        Size  Object(Section)

    BuildAttributes$$THM_ISAv4$E$P$D$K$B$S$7EM$VFPi3$EXTD16$VFPS$VFMA$PE$A:L22UL41UL21$X:L11$S22US41US21$IEEE1$IW$USESV6$~STKCKD$USESV7$~SHL$OSPACE$EBA8$MICROLIB$REQ8$PRES8$EABIv2 0x00000000   Number         0  anon$$obj.o ABSOLUTE
    __ARM_use_no_argv                        0x00000000   Number         0  main.o ABSOLUTE
    .bss.os.evflags.cb$$Base                  - Undefined Weak Reference
    .bss.os.evflags.cb$$Limit                 - Undefined Weak Reference
    .bss.os.mempool.cb$$Base                  - Undefined Weak Reference
    .bss.os.mempool.cb$$Limit                 - Undefined Weak Reference
    .bss.os.mutex.cb$$Base                    - Undefined Weak Reference
    .bss.os.mutex.cb$$Limit                   - Undefined Weak Reference
    .bss.os.semaphore.cb$$Base                - Undefined Weak Reference
    .bss.os.semaphore.cb$$Limit               - Undefined Weak Reference
    .bss.os.timer.cb$$Base                    - Undefined Weak Reference
    .bss.os.timer.cb$$Limit                   - Undefined Weak Reference
    __arm_fini_                               - Undefined Weak Reference
    __cpp_initialize__aeabi_                  - Undefined Weak Reference
    __cxa_finalize                            - Undefined Weak Reference
    _clock_init                               - Undefined Weak Reference
    _microlib_exit                            - Undefined Weak Reference
    __Vectors_Size                           0x00000188   Number         0  startup_stm32f407xx.o ABSOLUTE
    __Vectors                                0x08000000   Data           4  startup_stm32f407xx.o(RESET)
    __Vectors_End                            0x08000188   Data           0  startup_stm32f407xx.o(RESET)
    __main                                   0x08000189   Thumb Code     0  entry.o(.ARM.Collect$$$$00000000)
    _main_stk                                0x08000189   Thumb Code     0  entry2.o(.ARM.Collect$$$$00000001)
    _main_scatterload                        0x0800018d   Thumb Code     0  entry5.o(.ARM.Collect$$$$00000004)
    __main_after_scatterload                 0x08000191   Thumb Code     0  entry5.o(.ARM.Collect$$$$00000004)
    _main_clock                              0x08000191   Thumb Code     0  entry7b.o(.ARM.Collect$$$$00000008)
    _main_cpp_init                           0x08000191   Thumb Code     0  entry8b.o(.ARM.Collect$$$$0000000A)
    _main_init                               0x08000191   Thumb Code     0  entry9a.o(.ARM.Collect$$$$0000000B)
    __rt_lib_shutdown_fini                   0x08000199   Thumb Code     0  entry12b.o(.ARM.Collect$$$$0000000E)
    __rt_final_cpp                           0x0800019d   Thumb Code     0  entry10a.o(.ARM.Collect$$$$0000000F)
    __rt_final_exit                          0x0800019d   Thumb Code     0  entry11a.o(.ARM.Collect$$$$00000011)
    __asm___13_rtx_mempool_c_7914b4c7__atomic_wr8 0x080001a1   Thumb Code    16  rtx_mempool.o(.emb_text)
    __asm___13_rtx_mempool_c_7914b4c7__atomic_set32 0x080001b1   Thumb Code    20  rtx_mempool.o(.emb_text)
    __asm___13_rtx_mempool_c_7914b4c7__atomic_clr32 0x080001c5   Thumb Code    22  rtx_mempool.o(.emb_text)
    __asm___13_rtx_mempool_c_7914b4c7__atomic_chk32_all 0x080001db   Thumb Code    38  rtx_mempool.o(.emb_text)
    __asm___13_rtx_mempool_c_7914b4c7__atomic_chk32_any 0x08000201   Thumb Code    34  rtx_mempool.o(.emb_text)
    __asm___13_rtx_mempool_c_7914b4c7__atomic_inc32 0x08000223   Thumb Code    18  rtx_mempool.o(.emb_text)
    __asm___13_rtx_mempool_c_7914b4c7__atomic_inc16_lt 0x08000235   Thumb Code    30  rtx_mempool.o(.emb_text)
    __asm___13_rtx_mempool_c_7914b4c7__atomic_inc16_lim 0x08000253   Thumb Code    26  rtx_mempool.o(.emb_text)
    __asm___13_rtx_mempool_c_7914b4c7__atomic_dec32 0x0800026d   Thumb Code    18  rtx_mempool.o(.emb_text)
    __asm___13_rtx_mempool_c_7914b4c7__atomic_dec32_nz 0x0800027f   Thumb Code    26  rtx_mempool.o(.emb_text)
    __asm___13_rtx_mempool_c_7914b4c7__atomic_dec16_nz 0x08000299   Thumb Code    26  rtx_mempool.o(.emb_text)
    __asm___13_rtx_mempool_c_7914b4c7__atomic_link_get 0x080002b3   Thumb Code    26  rtx_mempool.o(.emb_text)
    __asm___13_rtx_mempool_c_7914b4c7__atomic_link_put 0x080002cd   Thumb Code    28  rtx_mempool.o(.emb_text)
    __asm___14_rtx_msgqueue_c_a86a7a93__atomic_wr8 0x080002e9   Thumb Code    16  rtx_msgqueue.o(.emb_text)
    __asm___14_rtx_msgqueue_c_a86a7a93__atomic_set32 0x080002f9   Thumb Code    20  rtx_msgqueue.o(.emb_text)
    __asm___14_rtx_msgqueue_c_a86a7a93__atomic_clr32 0x0800030d   Thumb Code    22  rtx_msgqueue.o(.emb_text)
    __asm___14_rtx_msgqueue_c_a86a7a93__atomic_chk32_all 0x08000323   Thumb Code    38  rtx_msgqueue.o(.emb_text)
    __asm___14_rtx_msgqueue_c_a86a7a93__atomic_chk32_any 0x08000349   Thumb Code    34  rtx_msgqueue.o(.emb_text)
    __asm___14_rtx_msgqueue_c_a86a7a93__atomic_inc32 0x0800036b   Thumb Code    18  rtx_msgqueue.o(.emb_text)
    __asm___14_rtx_msgqueue_c_a86a7a93__atomic_inc16_lt 0x0800037d   Thumb Code    30  rtx_msgqueue.o(.emb_text)
    __asm___14_rtx_msgqueue_c_a86a7a93__atomic_inc16_lim 0x0800039b   Thumb Code    26  rtx_msgqueue.o(.emb_text)
    __asm___14_rtx_msgqueue_c_a86a7a93__atomic_dec32 0x080003b5   Thumb Code    18  rtx_msgqueue.o(.emb_text)
    __asm___14_rtx_msgqueue_c_a86a7a93__atomic_dec32_nz 0x080003c7   Thumb Code    26  rtx_msgqueue.o(.emb_text)
    __asm___14_rtx_msgqueue_c_a86a7a93__atomic_dec16_nz 0x080003e1   Thumb Code    26  rtx_msgqueue.o(.emb_text)
    __asm___14_rtx_msgqueue_c_a86a7a93__atomic_link_get 0x080003fb   Thumb Code    26  rtx_msgqueue.o(.emb_text)
    __asm___14_rtx_msgqueue_c_a86a7a93__atomic_link_put 0x08000415   Thumb Code    28  rtx_msgqueue.o(.emb_text)
    __asm___12_rtx_system_c_024f2f18__atomic_wr8 0x08000431   Thumb Code    16  rtx_system.o(.emb_text)
    __asm___12_rtx_system_c_024f2f18__atomic_set32 0x08000441   Thumb Code    20  rtx_system.o(.emb_text)
    __asm___12_rtx_system_c_024f2f18__atomic_clr32 0x08000455   Thumb Code    22  rtx_system.o(.emb_text)
    __asm___12_rtx_system_c_024f2f18__atomic_chk32_all 0x0800046b   Thumb Code    38  rtx_system.o(.emb_text)
    __asm___12_rtx_system_c_024f2f18__atomic_chk32_any 0x08000491   Thumb Code    34  rtx_system.o(.emb_text)
    __asm___12_rtx_system_c_024f2f18__atomic_inc32 0x080004b3   Thumb Code    18  rtx_system.o(.emb_text)
    __asm___12_rtx_system_c_024f2f18__atomic_inc16_lt 0x080004c5   Thumb Code    30  rtx_system.o(.emb_text)
    __asm___12_rtx_system_c_024f2f18__atomic_inc16_lim 0x080004e3   Thumb Code    26  rtx_system.o(.emb_text)
    __asm___12_rtx_system_c_024f2f18__atomic_dec32 0x080004fd   Thumb Code    18  rtx_system.o(.emb_text)
    __asm___12_rtx_system_c_024f2f18__atomic_dec32_nz 0x0800050f   Thumb Code    26  rtx_system.o(.emb_text)
    __asm___12_rtx_system_c_024f2f18__atomic_dec16_nz 0x08000529   Thumb Code    26  rtx_system.o(.emb_text)
    __asm___12_rtx_system_c_024f2f18__atomic_link_get 0x08000543   Thumb Code    26  rtx_system.o(.emb_text)
    __asm___12_rtx_system_c_024f2f18__atomic_link_put 0x0800055d   Thumb Code    28  rtx_system.o(.emb_text)
    __asm___12_rtx_thread_c_add96be5__atomic_wr8 0x08000579   Thumb Code    16  rtx_thread.o(.emb_text)
    __asm___12_rtx_thread_c_add96be5__atomic_set32 0x08000589   Thumb Code    20  rtx_thread.o(.emb_text)
    __asm___12_rtx_thread_c_add96be5__atomic_clr32 0x0800059d   Thumb Code    22  rtx_thread.o(.emb_text)
    __asm___12_rtx_thread_c_add96be5__atomic_chk32_all 0x080005b3   Thumb Code    38  rtx_thread.o(.emb_text)
    __asm___12_rtx_thread_c_add96be5__atomic_chk32_any 0x080005d9   Thumb Code    34  rtx_thread.o(.emb_text)
    __asm___12_rtx_thread_c_add96be5__atomic_inc32 0x080005fb   Thumb Code    18  rtx_thread.o(.emb_text)
    __asm___12_rtx_thread_c_add96be5__atomic_inc16_lt 0x0800060d   Thumb Code    30  rtx_thread.o(.emb_text)
    __asm___12_rtx_thread_c_add96be5__atomic_inc16_lim 0x0800062b   Thumb Code    26  rtx_thread.o(.emb_text)
    __asm___12_rtx_thread_c_add96be5__atomic_dec32 0x08000645   Thumb Code    18  rtx_thread.o(.emb_text)
    __asm___12_rtx_thread_c_add96be5__atomic_dec32_nz 0x08000657   Thumb Code    26  rtx_thread.o(.emb_text)
    __asm___12_rtx_thread_c_add96be5__atomic_dec16_nz 0x08000671   Thumb Code    26  rtx_thread.o(.emb_text)
    __asm___12_rtx_thread_c_add96be5__atomic_link_get 0x0800068b   Thumb Code    26  rtx_thread.o(.emb_text)
    __asm___12_rtx_thread_c_add96be5__atomic_link_put 0x080006a5   Thumb Code    28  rtx_thread.o(.emb_text)
    __asm___15_EventRecorder_c_e8d3082c__atomic_inc8 0x080006c1   Thumb Code    18  eventrecorder.o(.emb_text)
    __asm___15_EventRecorder_c_e8d3082c__atomic_inc32 0x080006d3   Thumb Code    18  eventrecorder.o(.emb_text)
    __asm___15_EventRecorder_c_e8d3082c__atomic_xch32 0x080006e5   Thumb Code    16  eventrecorder.o(.emb_text)
    __asm___15_EventRecorder_c_e8d3082c__LockRecord 0x080006f5   Thumb Code    34  eventrecorder.o(.emb_text)
    __asm___15_EventRecorder_c_e8d3082c__UnlockRecord 0x08000717   Thumb Code    30  eventrecorder.o(.emb_text)
    HAL_GetTick                              0x08000735   Thumb Code    66  main.o(.text)
    main                                     0x0800080b   Thumb Code    32  main.o(.text)
    thrLED                                   0x08000845   Thumb Code    62  blinky.o(.text)
    app_main                                 0x080008a7   Thumb Code    40  blinky.o(.text)
    Buttons_Initialize                       0x080008d9   Thumb Code   114  buttons_mcbstm32f400.o(.text)
    Buttons_Uninitialize                     0x0800094b   Thumb Code    34  buttons_mcbstm32f400.o(.text)
    Buttons_GetState                         0x0800096d   Thumb Code    54  buttons_mcbstm32f400.o(.text)
    Buttons_GetCount                         0x080009a3   Thumb Code     4  buttons_mcbstm32f400.o(.text)
    LED_Initialize                           0x080009bd   Thumb Code   122  led_mcbstm32f400.o(.text)
    LED_Uninitialize                         0x08000a37   Thumb Code    34  led_mcbstm32f400.o(.text)
    LED_On                                   0x08000a59   Thumb Code    36  led_mcbstm32f400.o(.text)
    LED_Off                                  0x08000a7d   Thumb Code    36  led_mcbstm32f400.o(.text)
    LED_SetOut                               0x08000aa1   Thumb Code    40  led_mcbstm32f400.o(.text)
    LED_GetCount                             0x08000ac9   Thumb Code     4  led_mcbstm32f400.o(.text)
    SVC_Handler                              0x08000ae1   Thumb Code   108  irq_armv7m.o(.text)
    PendSV_Handler                           0x08000b4d   Thumb Code    16  irq_armv7m.o(.text)
    SysTick_Handler                          0x08000b5d   Thumb Code    16  irq_armv7m.o(.text)
    osDelay                                  0x08000bef   Thumb Code    46  rtx_delay.o(.text)
    osDelayUntil                             0x08000c1d   Thumb Code    46  rtx_delay.o(.text)
    EvrRtxMemoryInit                         0x08000c79   Thumb Code    24  rtx_evr.o(.text)
    EvrRtxMemoryAlloc                        0x08000c91   Thumb Code    18  rtx_evr.o(.text)
    EvrRtxMemoryFree                         0x08000ca3   Thumb Code    24  rtx_evr.o(.text)
    EvrRtxMemoryBlockInit                    0x08000cbb   Thumb Code    20  rtx_evr.o(.text)
    EvrRtxMemoryBlockAlloc                   0x08000ccf   Thumb Code    12  rtx_evr.o(.text)
    EvrRtxMemoryBlockFree                    0x08000cdb   Thumb Code    24  rtx_evr.o(.text)
    EvrRtxKernelError                        0x08000cf3   Thumb Code    12  rtx_evr.o(.text)
    EvrRtxKernelInitialize                   0x08000cff   Thumb Code    10  rtx_evr.o(.text)
    EvrRtxKernelInitialized                  0x08000d09   Thumb Code    10  rtx_evr.o(.text)
    EvrRtxKernelGetInfo                      0x08000d13   Thumb Code    24  rtx_evr.o(.text)
    EvrRtxKernelInfoRetrieved                0x08000d2b   Thumb Code    40  rtx_evr.o(.text)
    EvrRtxKernelStart                        0x08000d53   Thumb Code    12  rtx_evr.o(.text)
    EvrRtxKernelStarted                      0x08000d5f   Thumb Code    12  rtx_evr.o(.text)
    EvrRtxKernelLock                         0x08000d6b   Thumb Code    12  rtx_evr.o(.text)
    EvrRtxKernelLocked                       0x08000d77   Thumb Code    12  rtx_evr.o(.text)
    EvrRtxKernelUnlock                       0x08000d83   Thumb Code    12  rtx_evr.o(.text)
    EvrRtxKernelUnlocked                     0x08000d8f   Thumb Code    12  rtx_evr.o(.text)
    EvrRtxKernelRestoreLock                  0x08000d9b   Thumb Code    12  rtx_evr.o(.text)
    EvrRtxKernelLockRestored                 0x08000da7   Thumb Code    12  rtx_evr.o(.text)
    EvrRtxKernelSuspend                      0x08000db3   Thumb Code    12  rtx_evr.o(.text)
    EvrRtxKernelSuspended                    0x08000dbf   Thumb Code    12  rtx_evr.o(.text)
    EvrRtxKernelResume                       0x08000dcb   Thumb Code    12  rtx_evr.o(.text)
    EvrRtxKernelResumed                      0x08000dd7   Thumb Code    12  rtx_evr.o(.text)
    EvrRtxKernelGetTickCount                 0x08000de3   Thumb Code    12  rtx_evr.o(.text)
    EvrRtxKernelGetTickFreq                  0x08000def   Thumb Code    12  rtx_evr.o(.text)
    EvrRtxKernelGetSysTimerCount             0x08000dfb   Thumb Code    12  rtx_evr.o(.text)
    EvrRtxKernelGetSysTimerFreq              0x08000e07   Thumb Code    12  rtx_evr.o(.text)
    EvrRtxKernelErrorNotify                  0x08000e13   Thumb Code    12  rtx_evr.o(.text)
    EvrRtxThreadError                        0x08000e1f   Thumb Code    12  rtx_evr.o(.text)
    EvrRtxThreadNew                          0x08000e2b   Thumb Code    22  rtx_evr.o(.text)
    EvrRtxThreadCreated                      0x08000e41   Thumb Code    24  rtx_evr.o(.text)
    EvrRtxThreadGetName                      0x08000e59   Thumb Code    12  rtx_evr.o(.text)
    EvrRtxThreadGetId                        0x08000e65   Thumb Code    12  rtx_evr.o(.text)
    EvrRtxThreadGetState                     0x08000e71   Thumb Code    12  rtx_evr.o(.text)
    EvrRtxThreadGetStackSize                 0x08000e7d   Thumb Code    12  rtx_evr.o(.text)
    EvrRtxThreadGetStackSpace                0x08000e89   Thumb Code    12  rtx_evr.o(.text)
    EvrRtxThreadSetPriority                  0x08000e95   Thumb Code    12  rtx_evr.o(.text)
    EvrRtxThreadPriorityUpdated              0x08000ea1   Thumb Code    12  rtx_evr.o(.text)
    EvrRtxThreadGetPriority                  0x08000ead   Thumb Code    12  rtx_evr.o(.text)
    EvrRtxThreadYield                        0x08000eb9   Thumb Code    12  rtx_evr.o(.text)
    EvrRtxThreadSuspend                      0x08000ec5   Thumb Code    12  rtx_evr.o(.text)
    EvrRtxThreadSuspended                    0x08000ed1   Thumb Code    12  rtx_evr.o(.text)
    EvrRtxThreadResume                       0x08000edd   Thumb Code    12  rtx_evr.o(.text)
    EvrRtxThreadResumed                      0x08000ee9   Thumb Code    12  rtx_evr.o(.text)
    EvrRtxThreadDetach                       0x08000ef5   Thumb Code    12  rtx_evr.o(.text)
    EvrRtxThreadDetached                     0x08000f01   Thumb Code    12  rtx_evr.o(.text)
    EvrRtxThreadJoin                         0x08000f0d   Thumb Code    12  rtx_evr.o(.text)
    EvrRtxThreadJoinPending                  0x08000f19   Thumb Code    12  rtx_evr.o(.text)
    EvrRtxThreadJoined                       0x08000f25   Thumb Code    12  rtx_evr.o(.text)
    EvrRtxThreadBlocked                      0x08000f31   Thumb Code    10  rtx_evr.o(.text)
    EvrRtxThreadUnblocked                    0x08000f3b   Thumb Code    12  rtx_evr.o(.text)
    EvrRtxThreadPreempted                    0x08000f47   Thumb Code    12  rtx_evr.o(.text)
    EvrRtxThreadSwitched                     0x08000f53   Thumb Code    12  rtx_evr.o(.text)
    EvrRtxThreadExit                         0x08000f5f   Thumb Code    12  rtx_evr.o(.text)
    EvrRtxThreadTerminate                    0x08000f6b   Thumb Code    12  rtx_evr.o(.text)
    EvrRtxThreadDestroyed                    0x08000f77   Thumb Code    12  rtx_evr.o(.text)
    EvrRtxThreadGetCount                     0x08000f83   Thumb Code    12  rtx_evr.o(.text)
    EvrRtxThreadEnumerate                    0x08000f8f   Thumb Code    24  rtx_evr.o(.text)
    EvrRtxThreadFlagsError                   0x08000fa7   Thumb Code    12  rtx_evr.o(.text)
    EvrRtxThreadFlagsSet                     0x08000fb3   Thumb Code    10  rtx_evr.o(.text)
    EvrRtxThreadFlagsSetDone                 0x08000fbd   Thumb Code    10  rtx_evr.o(.text)
    EvrRtxThreadFlagsClear                   0x08000fc7   Thumb Code    12  rtx_evr.o(.text)
    EvrRtxThreadFlagsClearDone               0x08000fd3   Thumb Code    12  rtx_evr.o(.text)
    EvrRtxThreadFlagsGet                     0x08000fdf   Thumb Code    12  rtx_evr.o(.text)
    EvrRtxThreadFlagsWait                    0x08000feb   Thumb Code    24  rtx_evr.o(.text)
    EvrRtxThreadFlagsWaitPending             0x08001003   Thumb Code    24  rtx_evr.o(.text)
    EvrRtxThreadFlagsWaitTimeout             0x0800101b   Thumb Code    12  rtx_evr.o(.text)
    EvrRtxThreadFlagsWaitCompleted           0x08001027   Thumb Code    20  rtx_evr.o(.text)
    EvrRtxThreadFlagsWaitNotCompleted        0x0800103b   Thumb Code    12  rtx_evr.o(.text)
    EvrRtxDelayError                         0x08001047   Thumb Code    12  rtx_evr.o(.text)
    EvrRtxDelay                              0x08001053   Thumb Code    10  rtx_evr.o(.text)
    EvrRtxDelayUntil                         0x0800105d   Thumb Code    12  rtx_evr.o(.text)
    EvrRtxDelayStarted                       0x08001069   Thumb Code    52  rtx_evr.o(.text)
    EvrRtxDelayUntilStarted                  0x0800109d   Thumb Code    10  rtx_evr.o(.text)
    EvrRtxDelayCompleted                     0x080010a7   Thumb Code    12  rtx_evr.o(.text)
    EvrRtxTimerError                         0x080010b3   Thumb Code    12  rtx_evr.o(.text)
    EvrRtxTimerCallback                      0x080010bf   Thumb Code    10  rtx_evr.o(.text)
    EvrRtxTimerNew                           0x080010c9   Thumb Code    18  rtx_evr.o(.text)
    EvrRtxTimerCreated                       0x080010db   Thumb Code    12  rtx_evr.o(.text)
    EvrRtxTimerGetName                       0x080010e7   Thumb Code    12  rtx_evr.o(.text)
    EvrRtxTimerStart                         0x080010f3   Thumb Code    12  rtx_evr.o(.text)
    EvrRtxTimerStarted                       0x080010ff   Thumb Code    12  rtx_evr.o(.text)
    EvrRtxTimerStop                          0x0800110b   Thumb Code    12  rtx_evr.o(.text)
    EvrRtxTimerStopped                       0x08001117   Thumb Code    12  rtx_evr.o(.text)
    EvrRtxTimerIsRunning                     0x08001123   Thumb Code    12  rtx_evr.o(.text)
    EvrRtxTimerDelete                        0x0800112f   Thumb Code    12  rtx_evr.o(.text)
    EvrRtxTimerDestroyed                     0x0800113b   Thumb Code    12  rtx_evr.o(.text)
    EvrRtxEventFlagsError                    0x08001147   Thumb Code    12  rtx_evr.o(.text)
    EvrRtxEventFlagsNew                      0x08001153   Thumb Code    10  rtx_evr.o(.text)
    EvrRtxEventFlagsCreated                  0x0800115d   Thumb Code    12  rtx_evr.o(.text)
    EvrRtxEventFlagsGetName                  0x08001169   Thumb Code    12  rtx_evr.o(.text)
    EvrRtxEventFlagsSet                      0x08001175   Thumb Code    12  rtx_evr.o(.text)
    EvrRtxEventFlagsSetDone                  0x08001181   Thumb Code    12  rtx_evr.o(.text)
    EvrRtxEventFlagsClear                    0x0800118d   Thumb Code    12  rtx_evr.o(.text)
    EvrRtxEventFlagsClearDone                0x08001199   Thumb Code    12  rtx_evr.o(.text)
    EvrRtxEventFlagsGet                      0x080011a5   Thumb Code    12  rtx_evr.o(.text)
    EvrRtxEventFlagsWait                     0x080011b1   Thumb Code    20  rtx_evr.o(.text)
    EvrRtxEventFlagsWaitPending              0x080011c5   Thumb Code    20  rtx_evr.o(.text)
    EvrRtxEventFlagsWaitTimeout              0x080011d9   Thumb Code    12  rtx_evr.o(.text)
    EvrRtxEventFlagsWaitCompleted            0x080011e5   Thumb Code    20  rtx_evr.o(.text)
    EvrRtxEventFlagsWaitNotCompleted         0x080011f9   Thumb Code    24  rtx_evr.o(.text)
    EvrRtxEventFlagsDelete                   0x08001211   Thumb Code    12  rtx_evr.o(.text)
    EvrRtxEventFlagsDestroyed                0x0800121d   Thumb Code    12  rtx_evr.o(.text)
    EvrRtxMutexError                         0x08001229   Thumb Code    12  rtx_evr.o(.text)
    EvrRtxMutexNew                           0x08001235   Thumb Code    12  rtx_evr.o(.text)
    EvrRtxMutexCreated                       0x08001241   Thumb Code    10  rtx_evr.o(.text)
    EvrRtxMutexGetName                       0x0800124b   Thumb Code    10  rtx_evr.o(.text)
    EvrRtxMutexAcquire                       0x08001255   Thumb Code    12  rtx_evr.o(.text)
    EvrRtxMutexAcquirePending                0x08001261   Thumb Code    12  rtx_evr.o(.text)
    EvrRtxMutexAcquireTimeout                0x0800126d   Thumb Code    12  rtx_evr.o(.text)
    EvrRtxMutexAcquired                      0x08001279   Thumb Code    12  rtx_evr.o(.text)
    EvrRtxMutexNotAcquired                   0x08001285   Thumb Code    12  rtx_evr.o(.text)
    EvrRtxMutexRelease                       0x08001291   Thumb Code    12  rtx_evr.o(.text)
    EvrRtxMutexReleased                      0x0800129d   Thumb Code    12  rtx_evr.o(.text)
    EvrRtxMutexGetOwner                      0x080012a9   Thumb Code    12  rtx_evr.o(.text)
    EvrRtxMutexDelete                        0x080012b5   Thumb Code    12  rtx_evr.o(.text)
    EvrRtxMutexDestroyed                     0x080012c1   Thumb Code    12  rtx_evr.o(.text)
    EvrRtxSemaphoreError                     0x080012cd   Thumb Code    12  rtx_evr.o(.text)
    EvrRtxSemaphoreNew                       0x080012d9   Thumb Code    24  rtx_evr.o(.text)
    EvrRtxSemaphoreCreated                   0x080012f1   Thumb Code    10  rtx_evr.o(.text)
    EvrRtxSemaphoreGetName                   0x080012fb   Thumb Code    10  rtx_evr.o(.text)
    EvrRtxSemaphoreAcquire                   0x08001305   Thumb Code    12  rtx_evr.o(.text)
    EvrRtxSemaphoreAcquirePending            0x08001311   Thumb Code    12  rtx_evr.o(.text)
    EvrRtxSemaphoreAcquireTimeout            0x0800131d   Thumb Code    12  rtx_evr.o(.text)
    EvrRtxSemaphoreAcquired                  0x08001329   Thumb Code    12  rtx_evr.o(.text)
    EvrRtxSemaphoreNotAcquired               0x08001335   Thumb Code    12  rtx_evr.o(.text)
    EvrRtxSemaphoreRelease                   0x08001341   Thumb Code    12  rtx_evr.o(.text)
    EvrRtxSemaphoreReleased                  0x0800134d   Thumb Code    12  rtx_evr.o(.text)
    EvrRtxSemaphoreGetCount                  0x08001359   Thumb Code    12  rtx_evr.o(.text)
    EvrRtxSemaphoreDelete                    0x08001365   Thumb Code    12  rtx_evr.o(.text)
    EvrRtxSemaphoreDestroyed                 0x08001371   Thumb Code    12  rtx_evr.o(.text)
    EvrRtxMemoryPoolError                    0x0800137d   Thumb Code    12  rtx_evr.o(.text)
    EvrRtxMemoryPoolNew                      0x08001389   Thumb Code    24  rtx_evr.o(.text)
    EvrRtxMemoryPoolCreated                  0x080013a1   Thumb Code    10  rtx_evr.o(.text)
    EvrRtxMemoryPoolGetName                  0x080013ab   Thumb Code    10  rtx_evr.o(.text)
    EvrRtxMemoryPoolAlloc                    0x080013b5   Thumb Code    12  rtx_evr.o(.text)
    EvrRtxMemoryPoolAllocPending             0x080013c1   Thumb Code    12  rtx_evr.o(.text)
    EvrRtxMemoryPoolAllocTimeout             0x080013cd   Thumb Code    12  rtx_evr.o(.text)
    EvrRtxMemoryPoolAllocated                0x080013d9   Thumb Code    12  rtx_evr.o(.text)
    EvrRtxMemoryPoolAllocFailed              0x080013e5   Thumb Code    12  rtx_evr.o(.text)
    EvrRtxMemoryPoolFree                     0x080013f1   Thumb Code    12  rtx_evr.o(.text)
    EvrRtxMemoryPoolDeallocated              0x080013fd   Thumb Code    12  rtx_evr.o(.text)
    EvrRtxMemoryPoolFreeFailed               0x08001409   Thumb Code    12  rtx_evr.o(.text)
    EvrRtxMemoryPoolGetCapacity              0x08001415   Thumb Code    12  rtx_evr.o(.text)
    EvrRtxMemoryPoolGetBlockSize             0x08001421   Thumb Code    12  rtx_evr.o(.text)
    EvrRtxMemoryPoolGetCount                 0x0800142d   Thumb Code    12  rtx_evr.o(.text)
    EvrRtxMemoryPoolGetSpace                 0x08001439   Thumb Code    12  rtx_evr.o(.text)
    EvrRtxMemoryPoolDelete                   0x08001445   Thumb Code    12  rtx_evr.o(.text)
    EvrRtxMemoryPoolDestroyed                0x08001451   Thumb Code    12  rtx_evr.o(.text)
    EvrRtxMessageQueueError                  0x0800145d   Thumb Code    12  rtx_evr.o(.text)
    EvrRtxMessageQueueNew                    0x08001469   Thumb Code    64  rtx_evr.o(.text)
    EvrRtxMessageQueueCreated                0x080014a9   Thumb Code    10  rtx_evr.o(.text)
    EvrRtxMessageQueueGetName                0x080014b3   Thumb Code    10  rtx_evr.o(.text)
    EvrRtxMessageQueuePut                    0x080014bd   Thumb Code    20  rtx_evr.o(.text)
    EvrRtxMessageQueuePutPending             0x080014d1   Thumb Code    24  rtx_evr.o(.text)
    EvrRtxMessageQueuePutTimeout             0x080014e9   Thumb Code    12  rtx_evr.o(.text)
    EvrRtxMessageQueueInsertPending          0x080014f5   Thumb Code    12  rtx_evr.o(.text)
    EvrRtxMessageQueueInserted               0x08001501   Thumb Code    12  rtx_evr.o(.text)
    EvrRtxMessageQueueNotInserted            0x0800150d   Thumb Code    12  rtx_evr.o(.text)
    EvrRtxMessageQueueGet                    0x08001519   Thumb Code    20  rtx_evr.o(.text)
    EvrRtxMessageQueueGetPending             0x0800152d   Thumb Code    24  rtx_evr.o(.text)
    EvrRtxMessageQueueGetTimeout             0x08001545   Thumb Code    12  rtx_evr.o(.text)
    EvrRtxMessageQueueRetrieved              0x08001551   Thumb Code    12  rtx_evr.o(.text)
    EvrRtxMessageQueueNotRetrieved           0x0800155d   Thumb Code    12  rtx_evr.o(.text)
    EvrRtxMessageQueueGetCapacity            0x08001569   Thumb Code    12  rtx_evr.o(.text)
    EvrRtxMessageQueueGetMsgSize             0x08001575   Thumb Code    12  rtx_evr.o(.text)
    EvrRtxMessageQueueGetCount               0x08001581   Thumb Code    12  rtx_evr.o(.text)
    EvrRtxMessageQueueGetSpace               0x0800158d   Thumb Code    12  rtx_evr.o(.text)
    EvrRtxMessageQueueReset                  0x08001599   Thumb Code    12  rtx_evr.o(.text)
    EvrRtxMessageQueueResetDone              0x080015a5   Thumb Code    12  rtx_evr.o(.text)
    EvrRtxMessageQueueDelete                 0x080015b1   Thumb Code    12  rtx_evr.o(.text)
    EvrRtxMessageQueueDestroyed              0x080015bd   Thumb Code    12  rtx_evr.o(.text)
    osRtxKernelErrorNotify                   0x08001a27   Thumb Code    26  rtx_kernel.o(.text)
    osKernelInitialize                       0x08001a41   Thumb Code    44  rtx_kernel.o(.text)
    osKernelGetInfo                          0x08001a6d   Thumb Code    68  rtx_kernel.o(.text)
    osKernelGetState                         0x08001ab1   Thumb Code    40  rtx_kernel.o(.text)
    osKernelStart                            0x08001ad9   Thumb Code    40  rtx_kernel.o(.text)
    osKernelLock                             0x08001b01   Thumb Code    40  rtx_kernel.o(.text)
    osKernelUnlock                           0x08001b29   Thumb Code    40  rtx_kernel.o(.text)
    osKernelRestoreLock                      0x08001b51   Thumb Code    46  rtx_kernel.o(.text)
    osKernelSuspend                          0x08001b7f   Thumb Code    38  rtx_kernel.o(.text)
    osKernelResume                           0x08001ba5   Thumb Code    44  rtx_kernel.o(.text)
    osKernelGetTickCount                     0x08001bd1   Thumb Code    28  rtx_kernel.o(.text)
    osKernelGetTickFreq                      0x08001bed   Thumb Code    28  rtx_kernel.o(.text)
    osKernelGetSysTimerCount                 0x08001c09   Thumb Code    28  rtx_kernel.o(.text)
    osKernelGetSysTimerFreq                  0x08001c25   Thumb Code    28  rtx_kernel.o(.text)
    osRtxKernelPreInit                       0x08001c9d   Thumb Code    24  rtx_lib.o(.text)
    osRtxMemoryInit                          0x08001cb5   Thumb Code    64  rtx_memory.o(.text)
    osRtxMemoryAlloc                         0x08001cf5   Thumb Code   144  rtx_memory.o(.text)
    osRtxMemoryFree                          0x08001d85   Thumb Code    84  rtx_memory.o(.text)
    osRtxMemoryPoolInit                      0x08001dd9   Thumb Code    72  rtx_mempool.o(.text)
    osRtxMemoryPoolAlloc                     0x08001e21   Thumb Code    50  rtx_mempool.o(.text)
    osRtxMemoryPoolFree                      0x08001e53   Thumb Code    70  rtx_mempool.o(.text)
    osMemoryPoolNew                          0x08002223   Thumb Code    58  rtx_mempool.o(.text)
    osMemoryPoolGetName                      0x0800225d   Thumb Code    38  rtx_mempool.o(.text)
    osMemoryPoolAlloc                        0x08002283   Thumb Code    94  rtx_mempool.o(.text)
    osMemoryPoolFree                         0x080022e1   Thumb Code   104  rtx_mempool.o(.text)
    osMemoryPoolGetCapacity                  0x08002349   Thumb Code    34  rtx_mempool.o(.text)
    osMemoryPoolGetBlockSize                 0x0800236b   Thumb Code    34  rtx_mempool.o(.text)
    osMemoryPoolGetCount                     0x0800238d   Thumb Code    72  rtx_mempool.o(.text)
    osMemoryPoolGetSpace                     0x080023d5   Thumb Code    34  rtx_mempool.o(.text)
    osMemoryPoolDelete                       0x080023f7   Thumb Code    48  rtx_mempool.o(.text)
    osRtxMessageQueueTimerSetup              0x08002b2d   Thumb Code    30  rtx_msgqueue.o(.text)
    osMessageQueueNew                        0x08002b4b   Thumb Code    58  rtx_msgqueue.o(.text)
    osMessageQueueGetName                    0x08002b85   Thumb Code    38  rtx_msgqueue.o(.text)
    osMessageQueuePut                        0x08002bab   Thumb Code   156  rtx_msgqueue.o(.text)
    osMessageQueueGet                        0x08002c47   Thumb Code   142  rtx_msgqueue.o(.text)
    osMessageQueueGetCapacity                0x08002cd5   Thumb Code    34  rtx_msgqueue.o(.text)
    osMessageQueueGetMsgSize                 0x08002cf7   Thumb Code    34  rtx_msgqueue.o(.text)
    osMessageQueueGetCount                   0x08002d19   Thumb Code    34  rtx_msgqueue.o(.text)
    osMessageQueueGetSpace                   0x08002d3b   Thumb Code    34  rtx_msgqueue.o(.text)
    osMessageQueueReset                      0x08002d5d   Thumb Code    48  rtx_msgqueue.o(.text)
    osMessageQueueDelete                     0x08002d8d   Thumb Code    48  rtx_msgqueue.o(.text)
    osRtxMutexOwnerRelease                   0x08002e0d   Thumb Code    88  rtx_mutex.o(.text)
    osRtxMutexOwnerRestore                   0x08002e65   Thumb Code    70  rtx_mutex.o(.text)
    osMutexNew                               0x08003217   Thumb Code    46  rtx_mutex.o(.text)
    osMutexGetName                           0x08003245   Thumb Code    38  rtx_mutex.o(.text)
    osMutexAcquire                           0x0800326b   Thumb Code    54  rtx_mutex.o(.text)
    osMutexRelease                           0x080032a1   Thumb Code    48  rtx_mutex.o(.text)
    osMutexGetOwner                          0x080032d1   Thumb Code    58  rtx_mutex.o(.text)
    osMutexDelete                            0x0800330b   Thumb Code    48  rtx_mutex.o(.text)
    osRtxTick_Handler                        0x080033bd   Thumb Code   124  rtx_system.o(.text)
    osRtxPendSV_Handler                      0x08003439   Thumb Code    74  rtx_system.o(.text)
    osRtxPostProcess                         0x08003483   Thumb Code    46  rtx_system.o(.text)
    osRtxThreadListPut                       0x080034f3   Thumb Code    38  rtx_thread.o(.text)
    osRtxThreadListGet                       0x08003519   Thumb Code    22  rtx_thread.o(.text)
    osRtxThreadListRemove                    0x0800353b   Thumb Code    24  rtx_thread.o(.text)
    osRtxThreadListSort                      0x08003553   Thumb Code    42  rtx_thread.o(.text)
    osRtxThreadReadyPut                      0x0800359b   Thumb Code    10  rtx_thread.o(.text)
    osRtxThreadRegPtr                        0x0800364f   Thumb Code    20  rtx_thread.o(.text)
    osRtxThreadDelayTick                     0x08003663   Thumb Code   206  rtx_thread.o(.text)
    osRtxThreadSwitch                        0x0800375f   Thumb Code    14  rtx_thread.o(.text)
    osRtxThreadDispatch                      0x0800376d   Thumb Code   100  rtx_thread.o(.text)
    osRtxThreadWaitExit                      0x080037d1   Thumb Code    48  rtx_thread.o(.text)
    osRtxThreadWaitEnter                     0x08003801   Thumb Code    62  rtx_thread.o(.text)
    osRtxThreadStackCheck                    0x0800383f   Thumb Code    24  rtx_thread.o(.text)
    osThreadExit                             0x0800399b   Thumb Code    22  rtx_thread.o(.text)
    osRtxThreadStartup                       0x08004231   Thumb Code    56  rtx_thread.o(.text)
    osThreadNew                              0x08004269   Thumb Code    76  rtx_thread.o(.text)
    osThreadGetName                          0x080042b5   Thumb Code    38  rtx_thread.o(.text)
    osThreadGetId                            0x080042db   Thumb Code    28  rtx_thread.o(.text)
    osThreadGetState                         0x080042f7   Thumb Code    42  rtx_thread.o(.text)
    osThreadGetStackSize                     0x08004321   Thumb Code    38  rtx_thread.o(.text)
    osThreadGetStackSpace                    0x08004347   Thumb Code    38  rtx_thread.o(.text)
    osThreadSetPriority                      0x0800436d   Thumb Code    54  rtx_thread.o(.text)
    osThreadGetPriority                      0x080043a3   Thumb Code    42  rtx_thread.o(.text)
    osThreadYield                            0x080043cd   Thumb Code    42  rtx_thread.o(.text)
    osThreadSuspend                          0x080043f7   Thumb Code    48  rtx_thread.o(.text)
    osThreadResume                           0x08004427   Thumb Code    48  rtx_thread.o(.text)
    osThreadDetach                           0x08004457   Thumb Code    48  rtx_thread.o(.text)
    osThreadJoin                             0x08004487   Thumb Code    48  rtx_thread.o(.text)
    osThreadTerminate                        0x080044b7   Thumb Code    48  rtx_thread.o(.text)
    osThreadGetCount                         0x080044e7   Thumb Code    32  rtx_thread.o(.text)
    osThreadEnumerate                        0x08004507   Thumb Code    44  rtx_thread.o(.text)
    osThreadFlagsSet                         0x08004533   Thumb Code   112  rtx_thread.o(.text)
    osThreadFlagsClear                       0x080045a3   Thumb Code    48  rtx_thread.o(.text)
    osThreadFlagsGet                         0x080045d3   Thumb Code    32  rtx_thread.o(.text)
    osThreadFlagsWait                        0x080045f3   Thumb Code    60  rtx_thread.o(.text)
    osRtxTimerSetup                          0x0800476f   Thumb Code    24  rtx_timer.o(.text)
    osRtxTimerThread                         0x08004787   Thumb Code    40  rtx_timer.o(.text)
    osTimerNew                               0x080049b7   Thumb Code    66  rtx_timer.o(.text)
    osTimerGetName                           0x080049f9   Thumb Code    38  rtx_timer.o(.text)
    osTimerStart                             0x08004a1f   Thumb Code    54  rtx_timer.o(.text)
    osTimerStop                              0x08004a55   Thumb Code    72  rtx_timer.o(.text)
    osTimerIsRunning                         0x08004a9d   Thumb Code    38  rtx_timer.o(.text)
    osTimerDelete                            0x08004ac3   Thumb Code    48  rtx_timer.o(.text)
    OS_Tick_Setup                            0x08004b1d   Thumb Code    58  os_systick.o(.text)
    OS_Tick_Enable                           0x08004b57   Thumb Code    36  os_systick.o(.text)
    OS_Tick_Disable                          0x08004b7b   Thumb Code    36  os_systick.o(.text)
    OS_Tick_AcknowledgeIRQ                   0x08004b9f   Thumb Code     8  os_systick.o(.text)
    OS_Tick_GetIRQn                          0x08004ba7   Thumb Code     6  os_systick.o(.text)
    OS_Tick_GetClock                         0x08004bad   Thumb Code     6  os_systick.o(.text)
    OS_Tick_GetInterval                      0x08004bb3   Thumb Code    10  os_systick.o(.text)
    OS_Tick_GetCount                         0x08004bbd   Thumb Code    12  os_systick.o(.text)
    OS_Tick_GetOverflow                      0x08004bc9   Thumb Code    12  os_systick.o(.text)
    osRtxIdleThread                          0x08004be1   Thumb Code     2  rtx_config.o(.text)
    osRtxErrorNotify                         0x08004be3   Thumb Code     2  rtx_config.o(.text)
    EventRecorderTimerGetCount               0x08004c8f   Thumb Code     6  eventrecorder.o(.text)
    EventRecorderTimerSetup                  0x08004cff   Thumb Code    24  eventrecorder.o(.text)
    EventRecorderTimerGetFreq                0x08004d17   Thumb Code     6  eventrecorder.o(.text)
    EventRecorderStart                       0x08004d1d   Thumb Code    40  eventrecorder.o(.text)
    EventRecorderEnable                      0x08004d45   Thumb Code    88  eventrecorder.o(.text)
    EventRecorderInitialize                  0x08004d9d   Thumb Code   228  eventrecorder.o(.text)
    EventRecorderDisable                     0x08004e81   Thumb Code    84  eventrecorder.o(.text)
    EventRecorderStop                        0x08004ed5   Thumb Code    42  eventrecorder.o(.text)
    EventRecorderClockUpdate                 0x08004eff   Thumb Code    34  eventrecorder.o(.text)
    EventRecordData                          0x08004f21   Thumb Code   298  eventrecorder.o(.text)
    EventRecord2                             0x0800504b   Thumb Code    60  eventrecorder.o(.text)
    EventRecord4                             0x08005087   Thumb Code   106  eventrecorder.o(.text)
    HAL_MspInit                              0x0800511d   Thumb Code     2  stm32f4xx_hal.o(.text)
    HAL_InitTick                             0x0800511f   Thumb Code    58  stm32f4xx_hal.o(.text)
    HAL_Init                                 0x08005159   Thumb Code    40  stm32f4xx_hal.o(.text)
    HAL_MspDeInit                            0x08005181   Thumb Code     2  stm32f4xx_hal.o(.text)
    HAL_DeInit                               0x08005183   Thumb Code    48  stm32f4xx_hal.o(.text)
    HAL_IncTick                              0x080051b3   Thumb Code    12  stm32f4xx_hal.o(.text)
    HAL_GetTickPrio                          0x080051c5   Thumb Code     6  stm32f4xx_hal.o(.text)
    HAL_SetTickFreq                          0x080051cb   Thumb Code    30  stm32f4xx_hal.o(.text)
    HAL_GetTickFreq                          0x080051e9   Thumb Code     6  stm32f4xx_hal.o(.text)
    HAL_Delay                                0x080051ef   Thumb Code    32  stm32f4xx_hal.o(.text)
    HAL_SuspendTick                          0x0800520f   Thumb Code    14  stm32f4xx_hal.o(.text)
    HAL_ResumeTick                           0x0800521d   Thumb Code    14  stm32f4xx_hal.o(.text)
    HAL_GetHalVersion                        0x0800522b   Thumb Code     4  stm32f4xx_hal.o(.text)
    HAL_GetREVID                             0x0800522f   Thumb Code     8  stm32f4xx_hal.o(.text)
    HAL_GetDEVID                             0x08005237   Thumb Code    10  stm32f4xx_hal.o(.text)
    HAL_DBGMCU_EnableDBGSleepMode            0x08005241   Thumb Code    12  stm32f4xx_hal.o(.text)
    HAL_DBGMCU_DisableDBGSleepMode           0x0800524d   Thumb Code    12  stm32f4xx_hal.o(.text)
    HAL_DBGMCU_EnableDBGStopMode             0x08005259   Thumb Code    12  stm32f4xx_hal.o(.text)
    HAL_DBGMCU_DisableDBGStopMode            0x08005265   Thumb Code    12  stm32f4xx_hal.o(.text)
    HAL_DBGMCU_EnableDBGStandbyMode          0x08005271   Thumb Code    12  stm32f4xx_hal.o(.text)
    HAL_DBGMCU_DisableDBGStandbyMode         0x0800527d   Thumb Code    12  stm32f4xx_hal.o(.text)
    HAL_EnableCompensationCell               0x08005289   Thumb Code     8  stm32f4xx_hal.o(.text)
    HAL_DisableCompensationCell              0x08005291   Thumb Code     8  stm32f4xx_hal.o(.text)
    HAL_GetUIDw0                             0x08005299   Thumb Code     6  stm32f4xx_hal.o(.text)
    HAL_GetUIDw1                             0x0800529f   Thumb Code     8  stm32f4xx_hal.o(.text)
    HAL_GetUIDw2                             0x080052a7   Thumb Code     8  stm32f4xx_hal.o(.text)
    HAL_NVIC_SetPriorityGrouping             0x080052d1   Thumb Code    26  stm32f4xx_hal_cortex.o(.text)
    HAL_NVIC_SetPriority                     0x080052eb   Thumb Code    60  stm32f4xx_hal_cortex.o(.text)
    HAL_NVIC_EnableIRQ                       0x08005327   Thumb Code    26  stm32f4xx_hal_cortex.o(.text)
    HAL_NVIC_DisableIRQ                      0x08005341   Thumb Code    34  stm32f4xx_hal_cortex.o(.text)
    HAL_NVIC_SystemReset                     0x08005363   Thumb Code    28  stm32f4xx_hal_cortex.o(.text)
    HAL_SYSTICK_Config                       0x0800537f   Thumb Code    40  stm32f4xx_hal_cortex.o(.text)
    HAL_MPU_Disable                          0x080053a7   Thumb Code    26  stm32f4xx_hal_cortex.o(.text)
    HAL_MPU_Enable                           0x080053c1   Thumb Code    32  stm32f4xx_hal_cortex.o(.text)
    HAL_MPU_ConfigRegion                     0x080053e1   Thumb Code    84  stm32f4xx_hal_cortex.o(.text)
    HAL_NVIC_GetPriorityGrouping             0x08005435   Thumb Code    10  stm32f4xx_hal_cortex.o(.text)
    HAL_NVIC_GetPriority                     0x0800543f   Thumb Code    86  stm32f4xx_hal_cortex.o(.text)
    HAL_NVIC_SetPendingIRQ                   0x08005495   Thumb Code    26  stm32f4xx_hal_cortex.o(.text)
    HAL_NVIC_GetPendingIRQ                   0x080054af   Thumb Code    40  stm32f4xx_hal_cortex.o(.text)
    HAL_NVIC_ClearPendingIRQ                 0x080054d7   Thumb Code    26  stm32f4xx_hal_cortex.o(.text)
    HAL_NVIC_GetActive                       0x080054f1   Thumb Code    40  stm32f4xx_hal_cortex.o(.text)
    HAL_SYSTICK_CLKSourceConfig              0x08005519   Thumb Code    28  stm32f4xx_hal_cortex.o(.text)
    HAL_SYSTICK_Callback                     0x08005535   Thumb Code     2  stm32f4xx_hal_cortex.o(.text)
    HAL_SYSTICK_IRQHandler                   0x08005537   Thumb Code     8  stm32f4xx_hal_cortex.o(.text)
    HAL_GPIO_Init                            0x08005569   Thumb Code   390  stm32f4xx_hal_gpio.o(.text)
    HAL_GPIO_DeInit                          0x080056ef   Thumb Code   276  stm32f4xx_hal_gpio.o(.text)
    HAL_GPIO_ReadPin                         0x08005803   Thumb Code    14  stm32f4xx_hal_gpio.o(.text)
    HAL_GPIO_WritePin                        0x08005811   Thumb Code    14  stm32f4xx_hal_gpio.o(.text)
    HAL_GPIO_TogglePin                       0x0800581f   Thumb Code    18  stm32f4xx_hal_gpio.o(.text)
    HAL_GPIO_LockPin                         0x08005831   Thumb Code    36  stm32f4xx_hal_gpio.o(.text)
    HAL_GPIO_EXTI_Callback                   0x08005855   Thumb Code     2  stm32f4xx_hal_gpio.o(.text)
    HAL_GPIO_EXTI_IRQHandler                 0x08005857   Thumb Code    20  stm32f4xx_hal_gpio.o(.text)
    HAL_RCC_OscConfig                        0x0800589d   Thumb Code   954  stm32f4xx_hal_rcc.o(.text)
    HAL_RCC_GetSysClockFreq                  0x08005c57   Thumb Code    94  stm32f4xx_hal_rcc.o(.text)
    HAL_RCC_ClockConfig                      0x08005cb5   Thumb Code   344  stm32f4xx_hal_rcc.o(.text)
    HAL_RCC_MCOConfig                        0x08005e0d   Thumb Code   130  stm32f4xx_hal_rcc.o(.text)
    HAL_RCC_EnableCSS                        0x08005e8f   Thumb Code     8  stm32f4xx_hal_rcc.o(.text)
    HAL_RCC_DisableCSS                       0x08005e97   Thumb Code     8  stm32f4xx_hal_rcc.o(.text)
    HAL_RCC_GetHCLKFreq                      0x08005e9f   Thumb Code     6  stm32f4xx_hal_rcc.o(.text)
    HAL_RCC_GetPCLK1Freq                     0x08005ea5   Thumb Code    24  stm32f4xx_hal_rcc.o(.text)
    HAL_RCC_GetPCLK2Freq                     0x08005ebd   Thumb Code    24  stm32f4xx_hal_rcc.o(.text)
    HAL_RCC_GetOscConfig                     0x08005ed5   Thumb Code   178  stm32f4xx_hal_rcc.o(.text)
    HAL_RCC_GetClockConfig                   0x08005f87   Thumb Code    54  stm32f4xx_hal_rcc.o(.text)
    HAL_RCC_CSSCallback                      0x08005fbd   Thumb Code     2  stm32f4xx_hal_rcc.o(.text)
    HAL_RCC_NMI_IRQHandler                   0x08005fbf   Thumb Code    26  stm32f4xx_hal_rcc.o(.text)
    Reset_Handler                            0x08005ffd   Thumb Code     8  startup_stm32f407xx.o(.text)
    NMI_Handler                              0x08006005   Thumb Code     2  startup_stm32f407xx.o(.text)
    HardFault_Handler                        0x08006007   Thumb Code     2  startup_stm32f407xx.o(.text)
    MemManage_Handler                        0x08006009   Thumb Code     2  startup_stm32f407xx.o(.text)
    BusFault_Handler                         0x0800600b   Thumb Code     2  startup_stm32f407xx.o(.text)
    UsageFault_Handler                       0x0800600d   Thumb Code     2  startup_stm32f407xx.o(.text)
    DebugMon_Handler                         0x08006011   Thumb Code     2  startup_stm32f407xx.o(.text)
    ADC_IRQHandler                           0x08006017   Thumb Code     0  startup_stm32f407xx.o(.text)
    CAN1_RX0_IRQHandler                      0x08006017   Thumb Code     0  startup_stm32f407xx.o(.text)
    CAN1_RX1_IRQHandler                      0x08006017   Thumb Code     0  startup_stm32f407xx.o(.text)
    CAN1_SCE_IRQHandler                      0x08006017   Thumb Code     0  startup_stm32f407xx.o(.text)
    CAN1_TX_IRQHandler                       0x08006017   Thumb Code     0  startup_stm32f407xx.o(.text)
    CAN2_RX0_IRQHandler                      0x08006017   Thumb Code     0  startup_stm32f407xx.o(.text)
    CAN2_RX1_IRQHandler                      0x08006017   Thumb Code     0  startup_stm32f407xx.o(.text)
    CAN2_SCE_IRQHandler                      0x08006017   Thumb Code     0  startup_stm32f407xx.o(.text)
    CAN2_TX_IRQHandler                       0x08006017   Thumb Code     0  startup_stm32f407xx.o(.text)
    DCMI_IRQHandler                          0x08006017   Thumb Code     0  startup_stm32f407xx.o(.text)
    DMA1_Stream0_IRQHandler                  0x08006017   Thumb Code     0  startup_stm32f407xx.o(.text)
    DMA1_Stream1_IRQHandler                  0x08006017   Thumb Code     0  startup_stm32f407xx.o(.text)
    DMA1_Stream2_IRQHandler                  0x08006017   Thumb Code     0  startup_stm32f407xx.o(.text)
    DMA1_Stream3_IRQHandler                  0x08006017   Thumb Code     0  startup_stm32f407xx.o(.text)
    DMA1_Stream4_IRQHandler                  0x08006017   Thumb Code     0  startup_stm32f407xx.o(.text)
    DMA1_Stream5_IRQHandler                  0x08006017   Thumb Code     0  startup_stm32f407xx.o(.text)
    DMA1_Stream6_IRQHandler                  0x08006017   Thumb Code     0  startup_stm32f407xx.o(.text)
    DMA1_Stream7_IRQHandler                  0x08006017   Thumb Code     0  startup_stm32f407xx.o(.text)
    DMA2_Stream0_IRQHandler                  0x08006017   Thumb Code     0  startup_stm32f407xx.o(.text)
    DMA2_Stream1_IRQHandler                  0x08006017   Thumb Code     0  startup_stm32f407xx.o(.text)
    DMA2_Stream2_IRQHandler                  0x08006017   Thumb Code     0  startup_stm32f407xx.o(.text)
    DMA2_Stream3_IRQHandler                  0x08006017   Thumb Code     0  startup_stm32f407xx.o(.text)
    DMA2_Stream4_IRQHandler                  0x08006017   Thumb Code     0  startup_stm32f407xx.o(.text)
    DMA2_Stream5_IRQHandler                  0x08006017   Thumb Code     0  startup_stm32f407xx.o(.text)
    DMA2_Stream6_IRQHandler                  0x08006017   Thumb Code     0  startup_stm32f407xx.o(.text)
    DMA2_Stream7_IRQHandler                  0x08006017   Thumb Code     0  startup_stm32f407xx.o(.text)
    ETH_IRQHandler                           0x08006017   Thumb Code     0  startup_stm32f407xx.o(.text)
    ETH_WKUP_IRQHandler                      0x08006017   Thumb Code     0  startup_stm32f407xx.o(.text)
    EXTI0_IRQHandler                         0x08006017   Thumb Code     0  startup_stm32f407xx.o(.text)
    EXTI15_10_IRQHandler                     0x08006017   Thumb Code     0  startup_stm32f407xx.o(.text)
    EXTI1_IRQHandler                         0x08006017   Thumb Code     0  startup_stm32f407xx.o(.text)
    EXTI2_IRQHandler                         0x08006017   Thumb Code     0  startup_stm32f407xx.o(.text)
    EXTI3_IRQHandler                         0x08006017   Thumb Code     0  startup_stm32f407xx.o(.text)
    EXTI4_IRQHandler                         0x08006017   Thumb Code     0  startup_stm32f407xx.o(.text)
    EXTI9_5_IRQHandler                       0x08006017   Thumb Code     0  startup_stm32f407xx.o(.text)
    FLASH_IRQHandler                         0x08006017   Thumb Code     0  startup_stm32f407xx.o(.text)
    FMC_IRQHandler                           0x08006017   Thumb Code     0  startup_stm32f407xx.o(.text)
    FPU_IRQHandler                           0x08006017   Thumb Code     0  startup_stm32f407xx.o(.text)
    HASH_RNG_IRQHandler                      0x08006017   Thumb Code     0  startup_stm32f407xx.o(.text)
    I2C1_ER_IRQHandler                       0x08006017   Thumb Code     0  startup_stm32f407xx.o(.text)
    I2C1_EV_IRQHandler                       0x08006017   Thumb Code     0  startup_stm32f407xx.o(.text)
    I2C2_ER_IRQHandler                       0x08006017   Thumb Code     0  startup_stm32f407xx.o(.text)
    I2C2_EV_IRQHandler                       0x08006017   Thumb Code     0  startup_stm32f407xx.o(.text)
    I2C3_ER_IRQHandler                       0x08006017   Thumb Code     0  startup_stm32f407xx.o(.text)
    I2C3_EV_IRQHandler                       0x08006017   Thumb Code     0  startup_stm32f407xx.o(.text)
    OTG_FS_IRQHandler                        0x08006017   Thumb Code     0  startup_stm32f407xx.o(.text)
    OTG_FS_WKUP_IRQHandler                   0x08006017   Thumb Code     0  startup_stm32f407xx.o(.text)
    OTG_HS_EP1_IN_IRQHandler                 0x08006017   Thumb Code     0  startup_stm32f407xx.o(.text)
    OTG_HS_EP1_OUT_IRQHandler                0x08006017   Thumb Code     0  startup_stm32f407xx.o(.text)
    OTG_HS_IRQHandler                        0x08006017   Thumb Code     0  startup_stm32f407xx.o(.text)
    OTG_HS_WKUP_IRQHandler                   0x08006017   Thumb Code     0  startup_stm32f407xx.o(.text)
    PVD_IRQHandler                           0x08006017   Thumb Code     0  startup_stm32f407xx.o(.text)
    RCC_IRQHandler                           0x08006017   Thumb Code     0  startup_stm32f407xx.o(.text)
    RTC_Alarm_IRQHandler                     0x08006017   Thumb Code     0  startup_stm32f407xx.o(.text)
    RTC_WKUP_IRQHandler                      0x08006017   Thumb Code     0  startup_stm32f407xx.o(.text)
    SDIO_IRQHandler                          0x08006017   Thumb Code     0  startup_stm32f407xx.o(.text)
    SPI1_IRQHandler                          0x08006017   Thumb Code     0  startup_stm32f407xx.o(.text)
    SPI2_IRQHandler                          0x08006017   Thumb Code     0  startup_stm32f407xx.o(.text)
    SPI3_IRQHandler                          0x08006017   Thumb Code     0  startup_stm32f407xx.o(.text)
    TAMP_STAMP_IRQHandler                    0x08006017   Thumb Code     0  startup_stm32f407xx.o(.text)
    TIM1_BRK_TIM9_IRQHandler                 0x08006017   Thumb Code     0  startup_stm32f407xx.o(.text)
    TIM1_CC_IRQHandler                       0x08006017   Thumb Code     0  startup_stm32f407xx.o(.text)
    TIM1_TRG_COM_TIM11_IRQHandler            0x08006017   Thumb Code     0  startup_stm32f407xx.o(.text)
    TIM1_UP_TIM10_IRQHandler                 0x08006017   Thumb Code     0  startup_stm32f407xx.o(.text)
    TIM2_IRQHandler                          0x08006017   Thumb Code     0  startup_stm32f407xx.o(.text)
    TIM3_IRQHandler                          0x08006017   Thumb Code     0  startup_stm32f407xx.o(.text)
    TIM4_IRQHandler                          0x08006017   Thumb Code     0  startup_stm32f407xx.o(.text)
    TIM5_IRQHandler                          0x08006017   Thumb Code     0  startup_stm32f407xx.o(.text)
    TIM6_DAC_IRQHandler                      0x08006017   Thumb Code     0  startup_stm32f407xx.o(.text)
    TIM7_IRQHandler                          0x08006017   Thumb Code     0  startup_stm32f407xx.o(.text)
    TIM8_BRK_TIM12_IRQHandler                0x08006017   Thumb Code     0  startup_stm32f407xx.o(.text)
    TIM8_CC_IRQHandler                       0x08006017   Thumb Code     0  startup_stm32f407xx.o(.text)
    TIM8_TRG_COM_TIM14_IRQHandler            0x08006017   Thumb Code     0  startup_stm32f407xx.o(.text)
    TIM8_UP_TIM13_IRQHandler                 0x08006017   Thumb Code     0  startup_stm32f407xx.o(.text)
    UART4_IRQHandler                         0x08006017   Thumb Code     0  startup_stm32f407xx.o(.text)
    UART5_IRQHandler                         0x08006017   Thumb Code     0  startup_stm32f407xx.o(.text)
    USART1_IRQHandler                        0x08006017   Thumb Code     0  startup_stm32f407xx.o(.text)
    USART2_IRQHandler                        0x08006017   Thumb Code     0  startup_stm32f407xx.o(.text)
    USART3_IRQHandler                        0x08006017   Thumb Code     0  startup_stm32f407xx.o(.text)
    USART6_IRQHandler                        0x08006017   Thumb Code     0  startup_stm32f407xx.o(.text)
    WWDG_IRQHandler                          0x08006017   Thumb Code     0  startup_stm32f407xx.o(.text)
    SystemInit                               0x08006021   Thumb Code    66  system_stm32f4xx.o(.text)
    SystemCoreClockUpdate                    0x08006063   Thumb Code   120  system_stm32f4xx.o(.text)
    __aeabi_uldivmod                         0x080060fd   Thumb Code    98  uldiv.o(.text)
    __aeabi_memcpy                           0x0800615f   Thumb Code    36  memcpya.o(.text)
    __aeabi_memcpy4                          0x0800615f   Thumb Code     0  memcpya.o(.text)
    __aeabi_memcpy8                          0x0800615f   Thumb Code     0  memcpya.o(.text)
    __aeabi_memset                           0x08006183   Thumb Code    14  memseta.o(.text)
    __aeabi_memset4                          0x08006183   Thumb Code     0  memseta.o(.text)
    __aeabi_memset8                          0x08006183   Thumb Code     0  memseta.o(.text)
    __aeabi_memclr                           0x08006191   Thumb Code     4  memseta.o(.text)
    __aeabi_memclr4                          0x08006191   Thumb Code     0  memseta.o(.text)
    __aeabi_memclr8                          0x08006191   Thumb Code     0  memseta.o(.text)
    _memset$wrapper                          0x08006195   Thumb Code    18  memseta.o(.text)
    __aeabi_llsl                             0x080061a7   Thumb Code    30  llshl.o(.text)
    _ll_shift_l                              0x080061a7   Thumb Code     0  llshl.o(.text)
    __aeabi_llsr                             0x080061c5   Thumb Code    32  llushr.o(.text)
    _ll_ushift_r                             0x080061c5   Thumb Code     0  llushr.o(.text)
    __scatterload                            0x080061e5   Thumb Code    28  init.o(.text)
    __scatterload_rt2                        0x080061e5   Thumb Code     0  init.o(.text)
    __decompress                             0x08006209   Thumb Code     0  __dczerorl.o(.text)
    __decompress0                            0x08006209   Thumb Code    58  __dczerorl.o(.text)
    __scatterload_copy                       0x08006243   Thumb Code    14  handlers.o(i.__scatterload_copy)
    __scatterload_null                       0x08006251   Thumb Code     2  handlers.o(i.__scatterload_null)
    __scatterload_zeroinit                   0x08006253   Thumb Code    14  handlers.o(i.__scatterload_zeroinit)
    osRtxUserSVC                             0x08006300   Data           4  rtx_lib.o(.constdata)
    EventRecorderInfo                        0x08006304   Data          24  eventrecorder.o(.constdata)
    AHBPrescTable                            0x0800631c   Data          16  system_stm32f4xx.o(.constdata)
    APBPrescTable                            0x0800632c   Data           8  system_stm32f4xx.o(.constdata)
    osRtxConfig                              0x08006340   Data         112  rtx_lib.o(.rodata)
    os_cb_sections                           0x080063b0   Data          56  rtx_lib.o(.rodata)
    Region$$Table$$Base                      0x080063e8   Number         0  anon$$obj.o(Region$$Table)
    Region$$Table$$Limit                     0x08006408   Number         0  anon$$obj.o(Region$$Table)
    .bss.os.msgqueue.cb$$Base                0x20008044   Number         0  rtx_lib.o(.bss.os.msgqueue.cb)
    .bss.os.msgqueue.cb$$Limit               0x20008078   Number         0  rtx_lib.o(.bss.os.msgqueue.cb)
    .bss.os.thread.cb$$Base                  0x200080c8   Number         0  rtx_lib.o(.bss.os.thread.cb)
    .bss.os.thread.cb$$Limit                 0x20008150   Number         0  rtx_lib.o(.bss.os.thread.cb)
    uwTickFreq                               0x2000855c   Data           1  stm32f4xx_hal.o(.data)
    uwTickPrio                               0x20008560   Data           4  stm32f4xx_hal.o(.data)
    uwTick                                   0x20008564   Data           4  stm32f4xx_hal.o(.data)
    SystemCoreClock                          0x20008568   Data           4  system_stm32f4xx.o(.data)
    osRtxInfo                                0x2000856c   Data         164  rtx_kernel.o(.data.os)
    __initial_sp                             0x20008a10   Data           0  startup_stm32f407xx.o(STACK)



==============================================================================

Memory Map of the image

  Image Entry point : 0x08000189

  Load Region LR_IROM1 (Base: 0x08000000, Size: 0x0000ea18, Max: 0x00100000, ABSOLUTE, COMPRESSED[0x00006528])

    Execution Region ER_IROM1 (Exec base: 0x08000000, Load base: 0x08000000, Size: 0x00006408, Max: 0x00100000, ABSOLUTE)

    Exec Addr    Load Addr    Size         Type   Attr      Idx    E Section Name        Object

    0x08000000   0x08000000   0x00000188   Data   RO         1078    RESET               startup_stm32f407xx.o
    0x08000188   0x08000188   0x00000000   Code   RO         1115  * .ARM.Collect$$$$00000000  mc_w.l(entry.o)
    0x08000188   0x08000188   0x00000004   Code   RO         1126    .ARM.Collect$$$$00000001  mc_w.l(entry2.o)
    0x0800018c   0x0800018c   0x00000004   Code   RO         1129    .ARM.Collect$$$$00000004  mc_w.l(entry5.o)
    0x08000190   0x08000190   0x00000000   Code   RO         1131    .ARM.Collect$$$$00000008  mc_w.l(entry7b.o)
    0x08000190   0x08000190   0x00000000   Code   RO         1133    .ARM.Collect$$$$0000000A  mc_w.l(entry8b.o)
    0x08000190   0x08000190   0x00000008   Code   RO         1134    .ARM.Collect$$$$0000000B  mc_w.l(entry9a.o)
    0x08000198   0x08000198   0x00000004   Code   RO         1141    .ARM.Collect$$$$0000000E  mc_w.l(entry12b.o)
    0x0800019c   0x0800019c   0x00000000   Code   RO         1136    .ARM.Collect$$$$0000000F  mc_w.l(entry10a.o)
    0x0800019c   0x0800019c   0x00000000   Code   RO         1138    .ARM.Collect$$$$00000011  mc_w.l(entry11a.o)
    0x0800019c   0x0800019c   0x00000004   Code   RO         1127    .ARM.Collect$$$$00002712  mc_w.l(entry2.o)
    0x080001a0   0x080001a0   0x00000148   Code   RO          493    .emb_text           rtx_mempool.o
    0x080002e8   0x080002e8   0x00000148   Code   RO          524    .emb_text           rtx_msgqueue.o
    0x08000430   0x08000430   0x00000148   Code   RO          620    .emb_text           rtx_system.o
    0x08000578   0x08000578   0x00000148   Code   RO          654    .emb_text           rtx_thread.o
    0x080006c0   0x080006c0   0x00000074   Code   RO          769    .emb_text           eventrecorder.o
    0x08000734   0x08000734   0x00000110   Code   RO            4    .text               main.o
    0x08000844   0x08000844   0x00000094   Code   RO          125    .text               blinky.o
    0x080008d8   0x080008d8   0x000000e4   Code   RO          181    .text               buttons_mcbstm32f400.o
    0x080009bc   0x080009bc   0x00000124   Code   RO          205    .text               led_mcbstm32f400.o
    0x08000ae0   0x08000ae0   0x00000094   Code   RO          229    .text               irq_armv7m.o
    0x08000b74   0x08000b74   0x00000104   Code   RO          237    .text               rtx_delay.o
    0x08000c78   0x08000c78   0x00000958   Code   RO          338    .text               rtx_evr.o
    0x080015d0   0x080015d0   0x000006cc   Code   RO          366    .text               rtx_kernel.o
    0x08001c9c   0x08001c9c   0x00000018   Code   RO          414    .text               rtx_lib.o
    0x08001cb4   0x08001cb4   0x00000124   Code   RO          463    .text               rtx_memory.o
    0x08001dd8   0x08001dd8   0x00000678   Code   RO          494    .text               rtx_mempool.o
    0x08002450   0x08002450   0x000009bc   Code   RO          525    .text               rtx_msgqueue.o
    0x08002e0c   0x08002e0c   0x00000558   Code   RO          559    .text               rtx_mutex.o
    0x08003364   0x08003364   0x00000154   Code   RO          621    .text               rtx_system.o
    0x080034b8   0x080034b8   0x000011e4   Code   RO          655    .text               rtx_thread.o
    0x0800469c   0x0800469c   0x00000480   Code   RO          689    .text               rtx_timer.o
    0x08004b1c   0x08004b1c   0x000000c4   Code   RO          719    .text               os_systick.o
    0x08004be0   0x08004be0   0x00000004   Code   RO          745    .text               rtx_config.o
    0x08004be4   0x08004be4   0x00000538   Code   RO          770    .text               eventrecorder.o
    0x0800511c   0x0800511c   0x000001b4   Code   RO          804    .text               stm32f4xx_hal.o
    0x080052d0   0x080052d0   0x00000298   Code   RO          882    .text               stm32f4xx_hal_cortex.o
    0x08005568   0x08005568   0x00000330   Code   RO          959    .text               stm32f4xx_hal_gpio.o
    0x08005898   0x08005898   0x00000764   Code   RO         1031    .text               stm32f4xx_hal_rcc.o
    0x08005ffc   0x08005ffc   0x00000024   Code   RO         1079    .text               startup_stm32f407xx.o
    0x08006020   0x08006020   0x000000dc   Code   RO         1086    .text               system_stm32f4xx.o
    0x080060fc   0x080060fc   0x00000062   Code   RO         1118    .text               mc_w.l(uldiv.o)
    0x0800615e   0x0800615e   0x00000024   Code   RO         1120    .text               mc_w.l(memcpya.o)
    0x08006182   0x08006182   0x00000024   Code   RO         1122    .text               mc_w.l(memseta.o)
    0x080061a6   0x080061a6   0x0000001e   Code   RO         1142    .text               mc_w.l(llshl.o)
    0x080061c4   0x080061c4   0x00000020   Code   RO         1144    .text               mc_w.l(llushr.o)
    0x080061e4   0x080061e4   0x00000024   Code   RO         1146    .text               mc_w.l(init.o)
    0x08006208   0x08006208   0x0000003a   Code   RO         1156    .text               mc_w.l(__dczerorl.o)
    0x08006242   0x08006242   0x0000000e   Code   RO         1150    i.__scatterload_copy  mc_w.l(handlers.o)
    0x08006250   0x08006250   0x00000002   Code   RO         1151    i.__scatterload_null  mc_w.l(handlers.o)
    0x08006252   0x08006252   0x0000000e   Code   RO         1152    i.__scatterload_zeroinit  mc_w.l(handlers.o)
    0x08006260   0x08006260   0x00000040   Data   RO          206    .constdata          led_mcbstm32f400.o
    0x080062a0   0x080062a0   0x00000024   Data   RO          423    .constdata          rtx_lib.o
    0x080062c4   0x080062c4   0x00000024   Data   RO          424    .constdata          rtx_lib.o
    0x080062e8   0x080062e8   0x00000018   Data   RO          425    .constdata          rtx_lib.o
    0x08006300   0x08006300   0x00000004   Data   RO          427    .constdata          rtx_lib.o
    0x08006304   0x08006304   0x00000018   Data   RO          772    .constdata          eventrecorder.o
    0x0800631c   0x0800631c   0x00000010   Data   RO         1087    .constdata          system_stm32f4xx.o
    0x0800632c   0x0800632c   0x00000008   Data   RO         1088    .constdata          system_stm32f4xx.o
    0x08006334   0x08006334   0x0000000b   Data   RO          367    .conststrlit        rtx_kernel.o
    0x0800633f   0x0800633f   0x00000001   PAD
    0x08006340   0x08006340   0x000000a8   Data   RO          428    .rodata             rtx_lib.o
    0x080063e8   0x080063e8   0x00000020   Data   RO         1148    Region$$Table       anon$$obj.o


    Execution Region RW_IRAM2 (Exec base: 0x10000000, Load base: 0x08006528, Size: 0x000004a4, Max: 0x00010000, ABSOLUTE, UNINIT)

    Exec Addr    Load Addr    Size         Type   Attr      Idx    E Section Name        Object

    0x10000000        -       0x000004a4   Zero   RW          771    .bss.noinit         eventrecorder.o


    Execution Region RW_IRAM1 (Exec base: 0x20000000, Load base: 0x08006408, Size: 0x00008a10, Max: 0x00020000, ABSOLUTE, COMPRESSED[0x00000120])

    Exec Addr    Load Addr    Size         Type   Attr      Idx    E Section Name        Object

    0x20000000   COMPRESSED   0x00008000   Data   RW          415    .bss.os             rtx_lib.o
    0x20008000   COMPRESSED   0x00000040   Data   RW          416    .bss.os             rtx_lib.o
    0x20008040   COMPRESSED   0x00000001   Data   RW          720    .bss.os             os_systick.o
    0x20008041   COMPRESSED   0x00000003   PAD
    0x20008044   COMPRESSED   0x00000034   Data   RW          417    .bss.os.msgqueue.cb  rtx_lib.o
    0x20008078   COMPRESSED   0x00000050   Data   RW          418    .bss.os.msgqueue.mem  rtx_lib.o
    0x200080c8   COMPRESSED   0x00000044   Data   RW          419    .bss.os.thread.cb   rtx_lib.o
    0x2000810c   COMPRESSED   0x00000044   Data   RW          420    .bss.os.thread.cb   rtx_lib.o
    0x20008150   COMPRESSED   0x00000200   Data   RW          421    .bss.os.thread.idle.stack  rtx_lib.o
    0x20008350   COMPRESSED   0x00000200   Data   RW          422    .bss.os.thread.timer.stack  rtx_lib.o
    0x20008550   COMPRESSED   0x00000004   Data   RW            5    .data               main.o
    0x20008554   COMPRESSED   0x00000008   Data   RW          126    .data               blinky.o
    0x2000855c   COMPRESSED   0x0000000c   Data   RW          805    .data               stm32f4xx_hal.o
    0x20008568   COMPRESSED   0x00000004   Data   RW         1089    .data               system_stm32f4xx.o
    0x2000856c   COMPRESSED   0x000000a4   Data   RW          368    .data.os            rtx_kernel.o
    0x20008610        -       0x00000400   Zero   RW         1076    STACK               startup_stm32f407xx.o


==============================================================================

Image component sizes


      Code (inc. data)   RO Data    RW Data    ZI Data      Debug   Object Name

       148         10          0          8          0       4822   blinky.o
       228         22          0          0          0       2368   buttons_mcbstm32f400.o
      1452         40         24          0       1188      17724   eventrecorder.o
       148          8          0          0          0        696   irq_armv7m.o
       292         20         64          0          0       2881   led_mcbstm32f400.o
       272         26          0          4          0     644167   main.o
       196         12          0          1          0       2040   os_systick.o
         4          0          0          0          0        655   rtx_config.o
       260         14          0          0          0      18046   rtx_delay.o
      2392         88          0          0          0      45273   rtx_evr.o
      1740         96         11        164          0      28192   rtx_kernel.o
        24          0        268      34124          0       9939   rtx_lib.o
       292          0          0          0          0       3907   rtx_memory.o
      1984         48          0          0          0      15364   rtx_mempool.o
      2820         58          0          0          0      23928   rtx_msgqueue.o
      1368         30          0          0          0      10246   rtx_mutex.o
       668         18          0          0          0       8681   rtx_system.o
      4908        126          0          0          0      34065   rtx_thread.o
      1152         34          0          0          0      10349   rtx_timer.o
        36          8        392          0       1024        892   startup_stm32f407xx.o
       436         34          0         12          0      11204   stm32f4xx_hal.o
       664         10          0          0          0      36466   stm32f4xx_hal_cortex.o
       816         46          0          0          0       4255   stm32f4xx_hal_gpio.o
      1892         70          0          0          0       6475   stm32f4xx_hal_rcc.o
       220         34         24          4          0       1853   system_stm32f4xx.o

    ----------------------------------------------------------------------
     24412        852        816      34320       2212     944488   Object Totals
         0          0         32          0          0          0   (incl. Generated)
         0          0          1          3          0          0   (incl. Padding)

    ----------------------------------------------------------------------

      Code (inc. data)   RO Data    RW Data    ZI Data      Debug   Library Member Name

        58          0          0          0          0          0   __dczerorl.o
         0          0          0          0          0          0   entry.o
         0          0          0          0          0          0   entry10a.o
         0          0          0          0          0          0   entry11a.o
         4          0          0          0          0          0   entry12b.o
         8          4          0          0          0          0   entry2.o
         4          0          0          0          0          0   entry5.o
         0          0          0          0          0          0   entry7b.o
         0          0          0          0          0          0   entry8b.o
         8          4          0          0          0          0   entry9a.o
        30          0          0          0          0          0   handlers.o
        36          8          0          0          0         68   init.o
        30          0          0          0          0         68   llshl.o
        32          0          0          0          0         68   llushr.o
        36          0          0          0          0         68   memcpya.o
        36          0          0          0          0        108   memseta.o
        98          0          0          0          0         92   uldiv.o

    ----------------------------------------------------------------------
       380         16          0          0          0        472   Library Totals
         0          0          0          0          0          0   (incl. Padding)

    ----------------------------------------------------------------------

      Code (inc. data)   RO Data    RW Data    ZI Data      Debug   Library Name

       380         16          0          0          0        472   mc_w.l

    ----------------------------------------------------------------------
       380         16          0          0          0        472   Library Totals

    ----------------------------------------------------------------------

==============================================================================


      Code (inc. data)   RO Data    RW Data    ZI Data      Debug   

     24792        868        816      34320       2212     940788   Grand Totals
     24792        868        816        288       2212     940788   ELF Image Totals (compressed)
     24792        868        816        288          0          0   ROM Totals

==============================================================================

    Total RO  Size (Code + RO Data)                25608 (  25.01kB)
    Total RW  Size (RW Data + ZI Data)             36532 (  35.68kB)
    Total ROM Size (Code + RO Data + RW Data)      25896 (  25.29kB)

==============================================================================

